INFO-FLOW: Workspace C:/Users/josef/OneDrive/Documentos/GitHub/proj_final_FPGA_CAMTA/HornerCore/horner_core_pipeline/solution opened at Sat Mar 14 16:02:43 -0600 2026
Execute       send_msg_by_id INFO @200-1505@%s%s  vitis 
INFO: [HLS 200-1505] Using flow_target 'vitis'
Execute       send_msg_by_id INFO @200-435@%s%s 'open_solution -flow_target vitis' config_interface -m_axi_latency=64 
INFO: [HLS 200-435] Setting 'open_solution -flow_target vitis' configuration: config_interface -m_axi_latency=64
Execute       config_interface -m_axi_latency=64 
Execute       send_msg_by_id INFO @200-435@%s%s 'open_solution -flow_target vitis' config_interface -m_axi_alignment_byte_size=64 
INFO: [HLS 200-435] Setting 'open_solution -flow_target vitis' configuration: config_interface -m_axi_alignment_byte_size=64
Execute       config_interface -m_axi_alignment_byte_size=64 
Execute       send_msg_by_id INFO @200-435@%s%s 'open_solution -flow_target vitis' config_interface -m_axi_max_widen_bitwidth=512 
INFO: [HLS 200-435] Setting 'open_solution -flow_target vitis' configuration: config_interface -m_axi_max_widen_bitwidth=512
Execute       config_interface -m_axi_max_widen_bitwidth=512 
INFO-FLOW: Setting macro_cmd open_solution -flow_target vitis configuration: config_interface -default_interface=kernel
Execute       config_interface -default_interface=kernel 
Execute       send_msg_by_id INFO @200-435@%s%s 'open_solution -flow_target vitis' config_rtl -register_reset_num=3 
INFO: [HLS 200-435] Setting 'open_solution -flow_target vitis' configuration: config_rtl -register_reset_num=3
Execute       config_rtl -register_reset_num=3 
Command     open_solution done; 0.107 sec.
Execute     set_part xck26-sfvc784-2LV-c 
INFO: [HLS 200-1510] Running: set_part xck26-sfvc784-2LV-c 
Execute       create_platform xck26-sfvc784-2LV-c -board  
DBG:HLSDevice: Trying to load device library: S:\Xilinx\Vitis_HLS\2023.2\lib\win64.o\xv_hlsvwrap.dll
DBG:HLSDevice: first parts/arch.xml in RDI_DATADIR: S:\Xilinx\Vivado\2023.2/data/parts/arch.xml
DBG:HLSDevice: init success
INFO: [HLS 200-1611] Setting target device to 'xck26-sfvc784-2LV-c'
Command       create_platform done; 2.122 sec.
Execute       source S:/Xilinx/Vitis_HLS/2023.2/common/technology/xilinx/common/xilinx.gen 
Execute         source S:/Xilinx/Vitis_HLS/2023.2/common/technology/xilinx/interface/plb46.gen 
Execute         source S:/Xilinx/Vitis_HLS/2023.2/common/technology/xilinx/interface/axi4.gen 
Execute         source S:/Xilinx/Vitis_HLS/2023.2/common/technology/xilinx/interface/nativeAXI4.gen 
Execute           source S:/Xilinx/Vitis_HLS/2023.2/common/technology/xilinx/interface/saxilite.gen 
Execute         source S:/Xilinx/Vitis_HLS/2023.2/common/technology/xilinx/scripts/xilinxcoregen.gen 
Execute         source S:/Xilinx/Vitis_HLS/2023.2/common/technology/xilinx/interface/XilEDKCoreGen.gen 
Execute         source S:/Xilinx/Vitis_HLS/2023.2/common/technology/xilinx/ip/dds_compiler.gen 
Execute         source S:/Xilinx/Vitis_HLS/2023.2/common/technology/xilinx/ip/util.gen 
Execute         source S:/Xilinx/Vitis_HLS/2023.2/common/technology/xilinx/ip/xfft.gen 
Execute         source S:/Xilinx/Vitis_HLS/2023.2/common/technology/xilinx/ip/xfir.gen 
Execute         source S:/Xilinx/Vitis_HLS/2023.2/common/technology/xilinx/DSP48/dsp48.gen 
Command       ap_source done; 0.121 sec.
Execute       ap_part_info -name xck26-sfvc784-2LV-c -data info 
Execute       config_compile -quiet -complex-mul-dsp=0 
Command     set_part done; 2.289 sec.
Execute     create_clock -period 4 -name default 
INFO: [HLS 200-1510] Running: create_clock -period 4 -name default 
Execute       ap_set_clock -name default -period 4 -default=false 
INFO: [SYN 201-201] Setting up clock 'default' with a period of 4ns.
Execute     config_rtl -deadlock_detection sim 
INFO: [HLS 200-1510] Running: config_rtl -deadlock_detection sim 
Execute     config_interface -m_axi_addr64 
INFO: [HLS 200-1510] Running: config_interface -m_axi_addr64 
Execute     config_interface -m_axi_conservative_mode=1 
INFO: [HLS 200-1510] Running: config_interface -m_axi_conservative_mode=1 
Execute     config_interface -m_axi_auto_max_ports=0 
INFO: [HLS 200-1510] Running: config_interface -m_axi_auto_max_ports=0 
Execute     config_export -format xo -ipname softmax_opt 
INFO: [HLS 200-1510] Running: config_export -format xo -ipname softmax_opt 
Execute     csim_design -clean 
INFO: [HLS 200-1510] Running: csim_design -clean 
INFO-FLOW: Running SLX 'csim' proc: ::SLX::run_csim
INFO: [SIM 211-2] *************** CSIM start ***************
INFO: [SIM 211-4] CSIM will launch GCC as the compiler.
Execute       send_msg_by_id INFO @200-2036@%s debug 
INFO: [HLS 200-2036] Building debug C Simulation binaries
Execute       ap_part_info -name xck26-sfvc784-2LV-c -data info 
Execute       source run_sim.tcl 
Command       ap_source done; 0.415 sec.
INFO: [SIM 211-1] CSim done with 0 errors.
INFO: [SIM 211-3] *************** CSIM finish ***************
Command     csim_design done; 3.766 sec.
INFO: [HLS 200-111] Finished Command csim_design CPU user time: 0 seconds. CPU system time: 0 seconds. Elapsed time: 3.766 seconds; current allocated memory: 0.844 MB.
Execute     csynth_design 
INFO: [HLS 200-1510] Running: csynth_design 
INFO-FLOW: Running SLX 'csynth' proc: ::SLX::run_csynth
Execute       elaborate -effort=medium -skip_syncheck=0 -keep_printf=0 -skip_cdt=0 -skip_transform=0 -ng=0 -g=0 -opt_fp=0 -from_csynth_design=1 
INFO: [HLS 200-111] Finished File checks and directory preparation: CPU user time: 0 seconds. CPU system time: 0 seconds. Elapsed time: 0.087 seconds; current allocated memory: 183.344 MB.
Execute         set_directive_top horner_core_pipelines -name=horner_core_pipelines 
Execute         source S:/Xilinx/Vitis_HLS/2023.2/tps/tcl/tcllib1.11.1/yaml/huddle.tcl 
Execute         source S:/Xilinx/Vitis_HLS/2023.2/tps/tcl/tcllib1.11.1/yaml/json2huddle.tcl 
Execute           source S:/Xilinx/Vitis_HLS/2023.2/tps/tcl/tcllib1.11.1/try/try.tcl 
INFO: [HLS 200-10] Analyzing design file './HornerCorePipeline.cpp' ... 
INFO-FLOW: Compiling one TU...
INFO-FLOW: Handling ./HornerCorePipeline.cpp as C++
Execute         ap_part_info -name xck26-sfvc784-2LV-c -data info 
INFO-FLOW: Running: GCC PP 39
INFO-FLOW: Source preprocessing
INFO-FLOW: run_clang exec: S:/Xilinx/Vitis_HLS/2023.2/win64/tools/clang-3.9-csynth/bin/clang ./HornerCorePipeline.cpp -foptimization-record-file=C:/Users/josef/OneDrive/Documentos/GitHub/proj_final_FPGA_CAMTA/HornerCore/horner_core_pipeline/solution/.autopilot/db/HornerCorePipeline.cpp.clang.diag.yml -mllvm -pass-remarks-missed=reflow|pasta|unroll -mllvm -pass-remarks=reflow|pasta|unroll|inline -fno-limit-debug-info --sysroot S:/Xilinx/Vitis_HLS/2023.2/tps/mingw/8.3.0/win64.o/nt -fhls -fno-exceptions -insert-hls-directive=C:/Users/josef/OneDrive/Documentos/GitHub/proj_final_FPGA_CAMTA/HornerCore/horner_core_pipeline/solution/.autopilot/db/all.directive.json -E -fno-math-errno -c -emit-llvm -mllvm -disable-llvm-optzns -Werror=implicit-function-declaration -Werror=implicit-hls-streams -Werror=return-type -Wpragmas -Wunused-parameter -Wdump-hls-pragmas -Wno-error=dump-hls-pragmas -hls-clock-period=4 -fno-threadsafe-statics -fno-use-cxa-atexit -std=gnu++14 -target fpga64-xilinx-mingw32 -fno-threadsafe-statics -fno-use-cxa-atexit -D__VITIS_HLS__ -DAESL_SYN -D__SYNTHESIS__ -D__HLS_SYN__ -I S:/Xilinx/Vitis_HLS/2023.2/common/technology/autopilot -I S:/Xilinx/Vitis_HLS/2023.2/common/technology/autopilot/ap_sysc -include etc/autopilot_ssdm_op.h -D__DSP48E2__ -I /usr/include/x86_64-linux-gnu -o C:/Users/josef/OneDrive/Documentos/GitHub/proj_final_FPGA_CAMTA/HornerCore/horner_core_pipeline/solution/.autopilot/db/HornerCorePipeline.pp.0.cpp {-hls-platform-db-name=S:\Xilinx\Vitis_HLS\2023.2\common/technology\xilinx/common/platform.db} -hls-platform-name=zynquplus_medium -device-resource-info=BRAM_288.000000_DSP_1248.000000_FF_234240.000000_LUT_117120.000000_SLICE_14640.000000_URAM_64.000000 -device-name-info=xck26-sfvc784-2LV-c > C:/Users/josef/OneDrive/Documentos/GitHub/proj_final_FPGA_CAMTA/HornerCore/horner_core_pipeline/solution/.autopilot/db/HornerCorePipeline.cpp.clang.out.log 2> C:/Users/josef/OneDrive/Documentos/GitHub/proj_final_FPGA_CAMTA/HornerCore/horner_core_pipeline/solution/.autopilot/db/HornerCorePipeline.cpp.clang.err.log
INFO-FLOW: Done: GCC PP 39 time: 0.3 seconds per iteration
INFO-FLOW: Source syntax check for synthesis
INFO-FLOW: run_clang exec: S:/Xilinx/Vitis_HLS/2023.2/win64/tools/clang-3.9-csynth/bin/clang -foptimization-record-file=C:/Users/josef/OneDrive/Documentos/GitHub/proj_final_FPGA_CAMTA/HornerCore/horner_core_pipeline/solution/.autopilot/db/clang.diag.yml -mllvm -pass-remarks-missed=reflow|pasta|unroll -mllvm -pass-remarks=reflow|pasta|unroll|inline -fsyntax-only -fhls -target fpga64-xilinx-linux-gnu C:/Users/josef/OneDrive/Documentos/GitHub/proj_final_FPGA_CAMTA/HornerCore/horner_core_pipeline/solution/.autopilot/db/HornerCorePipeline.pp.0.cpp {-hls-platform-db-name=S:\Xilinx\Vitis_HLS\2023.2\common/technology\xilinx/common/platform.db} -hls-platform-name=zynquplus_medium -device-resource-info=BRAM_288.000000_DSP_1248.000000_FF_234240.000000_LUT_117120.000000_SLICE_14640.000000_URAM_64.000000 -device-name-info=xck26-sfvc784-2LV-c > C:/Users/josef/OneDrive/Documentos/GitHub/proj_final_FPGA_CAMTA/HornerCore/horner_core_pipeline/solution/.autopilot/db/clang.out.log 2> C:/Users/josef/OneDrive/Documentos/GitHub/proj_final_FPGA_CAMTA/HornerCore/horner_core_pipeline/solution/.autopilot/db/clang.err.log
Execute         clang_tidy xilinx-systemc-detector -desc systemc-detector C:/Users/josef/OneDrive/Documentos/GitHub/proj_final_FPGA_CAMTA/HornerCore/horner_core_pipeline/solution/.autopilot/db/HornerCorePipeline.pp.0.cpp std=gnu++14 -target fpga  -directive=C:/Users/josef/OneDrive/Documentos/GitHub/proj_final_FPGA_CAMTA/HornerCore/horner_core_pipeline/solution/.autopilot/db/.systemc_flag 
INFO-FLOW: exec S:/Xilinx/Vitis_HLS/2023.2/win64/tools/clang-3.9-csynth/bin/clang-tidy -header-filter=.* --checks=-*,xilinx-systemc-detector -import-directive=C:/Users/josef/OneDrive/Documentos/GitHub/proj_final_FPGA_CAMTA/HornerCore/horner_core_pipeline/solution/.autopilot/db/.systemc_flag -fix-errors C:/Users/josef/OneDrive/Documentos/GitHub/proj_final_FPGA_CAMTA/HornerCore/horner_core_pipeline/solution/.autopilot/db/HornerCorePipeline.pp.0.cpp -- -std=gnu++14 -target fpga -fhls -ferror-limit=0
Command         clang_tidy done; 0.376 sec.
INFO-FLOW: Running: clang-tidy CDT preprocess 39
Execute         clang_tidy xilinx-directive2pragma -desc directive2pragma C:/Users/josef/OneDrive/Documentos/GitHub/proj_final_FPGA_CAMTA/HornerCore/horner_core_pipeline/solution/.autopilot/db/HornerCorePipeline.pp.0.cpp std=gnu++14 -target fpga  -directive=C:/Users/josef/OneDrive/Documentos/GitHub/proj_final_FPGA_CAMTA/HornerCore/horner_core_pipeline/solution/.autopilot/db/all.directive.json 
INFO-FLOW: exec S:/Xilinx/Vitis_HLS/2023.2/win64/tools/clang-3.9-csynth/bin/clang-tidy -header-filter=.* --checks=-*,xilinx-directive2pragma -import-directive=C:/Users/josef/OneDrive/Documentos/GitHub/proj_final_FPGA_CAMTA/HornerCore/horner_core_pipeline/solution/.autopilot/db/all.directive.json -fix-errors C:/Users/josef/OneDrive/Documentos/GitHub/proj_final_FPGA_CAMTA/HornerCore/horner_core_pipeline/solution/.autopilot/db/HornerCorePipeline.pp.0.cpp -- -std=gnu++14 -target fpga -fhls -ferror-limit=0
Command         clang_tidy done; 0.377 sec.
INFO-FLOW: Done: clang-tidy CDT preprocess 39 time: 0.4 seconds per iteration
INFO-FLOW: Calling xilinx-label-all-loops ... 
INFO-FLOW: Calling xilinx-aggregate-on-hls-vector ... 
Execute         clang_tidy -errorcheck -desc loop-label xilinx-label-all-loops,xilinx-aggregate-on-hls-vector,,xilinx-warn-mayneed-no-ctor-attribute C:/Users/josef/OneDrive/Documentos/GitHub/proj_final_FPGA_CAMTA/HornerCore/horner_core_pipeline/solution/.autopilot/db/HornerCorePipeline.pp.0.cpp std=gnu++14 -target fpga  
INFO-FLOW: run_clang exec: S:/Xilinx/Vitis_HLS/2023.2/win64/tools/clang-3.9-csynth/bin/clang-tidy -export-fixes=C:/Users/josef/OneDrive/Documentos/GitHub/proj_final_FPGA_CAMTA/HornerCore/horner_core_pipeline/solution/.autopilot/db/HornerCorePipeline.pp.0.cpp.clang-tidy.loop-label.diag.yml -header-filter=.* --checks=-*,xilinx-label-all-loops,xilinx-aggregate-on-hls-vector,,xilinx-warn-mayneed-no-ctor-attribute -fix-errors C:/Users/josef/OneDrive/Documentos/GitHub/proj_final_FPGA_CAMTA/HornerCore/horner_core_pipeline/solution/.autopilot/db/HornerCorePipeline.pp.0.cpp -- -std=gnu++14 -target fpga -fhls -ferror-limit=0 > C:/Users/josef/OneDrive/Documentos/GitHub/proj_final_FPGA_CAMTA/HornerCore/horner_core_pipeline/solution/.autopilot/db/HornerCorePipeline.pp.0.cpp.clang-tidy.loop-label.out.log 2> C:/Users/josef/OneDrive/Documentos/GitHub/proj_final_FPGA_CAMTA/HornerCore/horner_core_pipeline/solution/.autopilot/db/HornerCorePipeline.pp.0.cpp.clang-tidy.loop-label.err.log
Execute           source S:/Xilinx/Vitis_HLS/2023.2/tps/tcl/tcllib1.11.1/yaml/yaml.tcl 
Command         clang_tidy done; 0.678 sec.
INFO-FLOW: run_clang exec: S:/Xilinx/Vitis_HLS/2023.2/win64/tools/clang-3.9-csynth/bin/xilinx-dataflow-lawyer -export-fixes=C:/Users/josef/OneDrive/Documentos/GitHub/proj_final_FPGA_CAMTA/HornerCore/horner_core_pipeline/solution/.autopilot/db/HornerCorePipeline.pp.0.cpp.xilinx-dataflow-lawyer.diag.yml C:/Users/josef/OneDrive/Documentos/GitHub/proj_final_FPGA_CAMTA/HornerCore/horner_core_pipeline/solution/.autopilot/db/HornerCorePipeline.pp.0.cpp -- -std=gnu++14 -target fpga -fhls -ferror-limit=0 -fstrict-dataflow > C:/Users/josef/OneDrive/Documentos/GitHub/proj_final_FPGA_CAMTA/HornerCore/horner_core_pipeline/solution/.autopilot/db/HornerCorePipeline.pp.0.cpp.xilinx-dataflow-lawyer.out.log 2> C:/Users/josef/OneDrive/Documentos/GitHub/proj_final_FPGA_CAMTA/HornerCore/horner_core_pipeline/solution/.autopilot/db/HornerCorePipeline.pp.0.cpp.xilinx-dataflow-lawyer.err.log
Execute         ap_part_info -name xck26-sfvc784-2LV-c -data info 
INFO-FLOW: compiling source code to llvm bc
INFO-FLOW: run_clang exec: S:/Xilinx/Vitis_HLS/2023.2/win64/tools/clang-3.9-csynth/bin/clang -foptimization-record-file=C:/Users/josef/OneDrive/Documentos/GitHub/proj_final_FPGA_CAMTA/HornerCore/horner_core_pipeline/solution/.autopilot/db/HornerCorePipeline.pp.0.cpp.clang.diag.yml -mllvm -pass-remarks-missed=reflow|pasta|unroll -mllvm -pass-remarks=reflow|pasta|unroll|inline -fno-limit-debug-info -fhls -flto -fno-exceptions -Wno-error=c++11-narrowing -hls-emit-hint-scope C:/Users/josef/OneDrive/Documentos/GitHub/proj_final_FPGA_CAMTA/HornerCore/horner_core_pipeline/solution/.autopilot/db/HornerCorePipeline.pp.0.cpp -fno-math-errno -c -emit-llvm -mllvm -disable-llvm-optzns -Werror=implicit-function-declaration -Werror=implicit-hls-streams -Werror=return-type -Wpragmas -Wunused-parameter -Wdump-hls-pragmas -Wno-error=dump-hls-pragmas -hls-clock-period=4 -fno-threadsafe-statics -fno-use-cxa-atexit -std=gnu++14 -target fpga64-xilinx-linux-gnu -D__VITIS_HLS__ -DAESL_SYN -D__SYNTHESIS__ -D__HLS_SYN__ -I S:/Xilinx/Vitis_HLS/2023.2/common/technology/autopilot -I S:/Xilinx/Vitis_HLS/2023.2/common/technology/autopilot/ap_sysc -include etc/autopilot_ssdm_op.h -D__DSP48E2__ -g -o C:/Users/josef/OneDrive/Documentos/GitHub/proj_final_FPGA_CAMTA/HornerCore/horner_core_pipeline/solution/.autopilot/db/HornerCorePipeline.bc {-hls-platform-db-name=S:\Xilinx\Vitis_HLS\2023.2\common/technology\xilinx/common/platform.db} -hls-platform-name=zynquplus_medium -device-resource-info=BRAM_288.000000_DSP_1248.000000_FF_234240.000000_LUT_117120.000000_SLICE_14640.000000_URAM_64.000000 -device-name-info=xck26-sfvc784-2LV-c > C:/Users/josef/OneDrive/Documentos/GitHub/proj_final_FPGA_CAMTA/HornerCore/horner_core_pipeline/solution/.autopilot/db/HornerCorePipeline.pp.0.cpp.clang.out.log 2> C:/Users/josef/OneDrive/Documentos/GitHub/proj_final_FPGA_CAMTA/HornerCore/horner_core_pipeline/solution/.autopilot/db/HornerCorePipeline.pp.0.cpp.clang.err.log
Execute         send_msg_by_id WARNING @200-1986@%s%s TOP C:/Users/josef/OneDrive/Documentos/GitHub/proj_final_FPGA_CAMTA/HornerCore/HornerCore.tcl:57 
WARNING: [HLS 200-1986] Could not apply TOP directive, invalid function, label, or variable (C:/Users/josef/OneDrive/Documentos/GitHub/proj_final_FPGA_CAMTA/HornerCore/HornerCore.tcl:57)
INFO: [HLS 200-111] Finished Source Code Analysis and Preprocessing: CPU user time: 0 seconds. CPU system time: 0 seconds. Elapsed time: 3.352 seconds; current allocated memory: 186.125 MB.
INFO-FLOW: Linking Debug ...
INFO-FLOW: Linking dut bc code.
Execute         run_link_or_opt -out C:/Users/josef/OneDrive/Documentos/GitHub/proj_final_FPGA_CAMTA/HornerCore/horner_core_pipeline/solution/.autopilot/db/a.g.ld.0.bc -args  "C:/Users/josef/OneDrive/Documentos/GitHub/proj_final_FPGA_CAMTA/HornerCore/horner_core_pipeline/solution/.autopilot/db/HornerCorePipeline.g.bc"  
INFO-FLOW: run_clang exec: S:/Xilinx/Vitis_HLS/2023.2/win64/tools/clang-3.9-csynth/bin/llvm-link C:/Users/josef/OneDrive/Documentos/GitHub/proj_final_FPGA_CAMTA/HornerCore/horner_core_pipeline/solution/.autopilot/db/HornerCorePipeline.g.bc -o C:/Users/josef/OneDrive/Documentos/GitHub/proj_final_FPGA_CAMTA/HornerCore/horner_core_pipeline/solution/.autopilot/db/a.g.ld.0.bc > C:/Users/josef/OneDrive/Documentos/GitHub/proj_final_FPGA_CAMTA/HornerCore/horner_core_pipeline/solution/.autopilot/db/a.g.ld.0.bc.llvm-link.out.log 2> C:/Users/josef/OneDrive/Documentos/GitHub/proj_final_FPGA_CAMTA/HornerCore/horner_core_pipeline/solution/.autopilot/db/a.g.ld.0.bc.llvm-link.err.log
INFO-FLOW: 
Execute         run_link_or_opt -opt -out C:/Users/josef/OneDrive/Documentos/GitHub/proj_final_FPGA_CAMTA/HornerCore/horner_core_pipeline/solution/.autopilot/db/a.g.ld.1.lower.bc -args C:/Users/josef/OneDrive/Documentos/GitHub/proj_final_FPGA_CAMTA/HornerCore/horner_core_pipeline/solution/.autopilot/db/a.g.ld.0.bc -reflow-lower-math-intrinsics 
INFO-FLOW: run_clang exec: S:/Xilinx/Vitis_HLS/2023.2/win64/tools/clang-3.9-csynth/bin/opt -pass-remarks-missed=reflow|pasta|unroll -pass-remarks=reflow|pasta|unroll|inline -pass-remarks-output=C:/Users/josef/OneDrive/Documentos/GitHub/proj_final_FPGA_CAMTA/HornerCore/horner_core_pipeline/solution/.autopilot/db/a.g.ld.1.lower.bc.opt.diag.yml C:/Users/josef/OneDrive/Documentos/GitHub/proj_final_FPGA_CAMTA/HornerCore/horner_core_pipeline/solution/.autopilot/db/a.g.ld.0.bc -reflow-lower-math-intrinsics -o C:/Users/josef/OneDrive/Documentos/GitHub/proj_final_FPGA_CAMTA/HornerCore/horner_core_pipeline/solution/.autopilot/db/a.g.ld.1.lower.bc > C:/Users/josef/OneDrive/Documentos/GitHub/proj_final_FPGA_CAMTA/HornerCore/horner_core_pipeline/solution/.autopilot/db/a.g.ld.1.lower.bc.opt.out.log 2> C:/Users/josef/OneDrive/Documentos/GitHub/proj_final_FPGA_CAMTA/HornerCore/horner_core_pipeline/solution/.autopilot/db/a.g.ld.1.lower.bc.opt.err.log
INFO-FLOW: 
INFO-FLOW: Running: gen_design_size_report post-opt
INFO-FLOW: Done: gen_design_size_report post-opt time: 0 seconds per iteration
INFO-FLOW: Linking math bc lib
Execute         run_link_or_opt -out C:/Users/josef/OneDrive/Documentos/GitHub/proj_final_FPGA_CAMTA/HornerCore/horner_core_pipeline/solution/.autopilot/db/a.g.ld.2.m1.bc -args C:/Users/josef/OneDrive/Documentos/GitHub/proj_final_FPGA_CAMTA/HornerCore/horner_core_pipeline/solution/.autopilot/db/a.g.ld.1.lower.bc -only-needed S:/Xilinx/Vitis_HLS/2023.2/win64/lib/libhlsm_39.bc S:/Xilinx/Vitis_HLS/2023.2/win64/lib/libhlsmc++_39.bc 
INFO-FLOW: run_clang exec: S:/Xilinx/Vitis_HLS/2023.2/win64/tools/clang-3.9-csynth/bin/llvm-link C:/Users/josef/OneDrive/Documentos/GitHub/proj_final_FPGA_CAMTA/HornerCore/horner_core_pipeline/solution/.autopilot/db/a.g.ld.1.lower.bc -only-needed S:/Xilinx/Vitis_HLS/2023.2/win64/lib/libhlsm_39.bc S:/Xilinx/Vitis_HLS/2023.2/win64/lib/libhlsmc++_39.bc -o C:/Users/josef/OneDrive/Documentos/GitHub/proj_final_FPGA_CAMTA/HornerCore/horner_core_pipeline/solution/.autopilot/db/a.g.ld.2.m1.bc > C:/Users/josef/OneDrive/Documentos/GitHub/proj_final_FPGA_CAMTA/HornerCore/horner_core_pipeline/solution/.autopilot/db/a.g.ld.2.m1.bc.llvm-link.out.log 2> C:/Users/josef/OneDrive/Documentos/GitHub/proj_final_FPGA_CAMTA/HornerCore/horner_core_pipeline/solution/.autopilot/db/a.g.ld.2.m1.bc.llvm-link.err.log
INFO-FLOW: 
Command         run_link_or_opt done; 1.677 sec.
Execute         run_link_or_opt -opt -out C:/Users/josef/OneDrive/Documentos/GitHub/proj_final_FPGA_CAMTA/HornerCore/horner_core_pipeline/solution/.autopilot/db/a.g.ld.3.fpc.bc -args C:/Users/josef/OneDrive/Documentos/GitHub/proj_final_FPGA_CAMTA/HornerCore/horner_core_pipeline/solution/.autopilot/db/a.g.ld.2.m1.bc -reflow-globaldce -hls-top-function-name=horner_core_pipelines -reflow-float-conversion 
INFO-FLOW: run_clang exec: S:/Xilinx/Vitis_HLS/2023.2/win64/tools/clang-3.9-csynth/bin/opt -pass-remarks-missed=reflow|pasta|unroll -pass-remarks=reflow|pasta|unroll|inline -pass-remarks-output=C:/Users/josef/OneDrive/Documentos/GitHub/proj_final_FPGA_CAMTA/HornerCore/horner_core_pipeline/solution/.autopilot/db/a.g.ld.3.fpc.bc.opt.diag.yml C:/Users/josef/OneDrive/Documentos/GitHub/proj_final_FPGA_CAMTA/HornerCore/horner_core_pipeline/solution/.autopilot/db/a.g.ld.2.m1.bc -reflow-globaldce -hls-top-function-name=horner_core_pipelines -reflow-float-conversion -o C:/Users/josef/OneDrive/Documentos/GitHub/proj_final_FPGA_CAMTA/HornerCore/horner_core_pipeline/solution/.autopilot/db/a.g.ld.3.fpc.bc > C:/Users/josef/OneDrive/Documentos/GitHub/proj_final_FPGA_CAMTA/HornerCore/horner_core_pipeline/solution/.autopilot/db/a.g.ld.3.fpc.bc.opt.out.log 2> C:/Users/josef/OneDrive/Documentos/GitHub/proj_final_FPGA_CAMTA/HornerCore/horner_core_pipeline/solution/.autopilot/db/a.g.ld.3.fpc.bc.opt.err.log
ERROR: [HLS 214-157] Top function not found: there is no function named 'horner_core_pipelines'
INFO-FLOW: {error: Top function not found: there is no function named 'horner_core_pipelines'}
INFO-FLOW: Running: gen_design_size_report post-opt
INFO-FLOW: Done: gen_design_size_report post-opt time: 0 seconds per iteration
INFO-FLOW: Caught error in run_link_or_opt: Error in opt
    while executing
"ap_internal_run_link_or_opt "
Command         run_link_or_opt done; error code: 2; 0.497 sec.
INFO-FLOW: Caught error in elaborate: Error in opt
    while executing
"::AP::ap_link_math_libs $link39 $output_name"
    (procedure "AP::ap_link_39" line 37)
    invoked from within
"AP::ap_link_39 [::AP::get_bc_list  $dbgInfo] $skip_transform $LLVMFlags $dbgInfo"
    (procedure "AP::compile_dut_files_39" line 58)
    invoked from within
"AP::compile_dut_files_39 $dut_files $dbgInfo $skip_cdt $skip_transform"
    (procedure "AP::compile" line 105)
    invoked from within
"AP::compile 1 $skip_cdt $skip_transform"
    (procedure "ap_internal_elaborate" line 83)
    invoked from within
"ap_internal_elaborate "
Command       elaborate done; error code: 2; 5.626 sec.
INFO-FLOW: Caught error in csynth_design: Error in opt
    while executing
"ap_internal_csynth_design "
Command     csynth_design done; error code: 2; 5.698 sec.
INFO: [HLS 200-111] Finished Command csynth_design CPU user time: 0 seconds. CPU system time: 0 seconds. Elapsed time: 5.698 seconds; current allocated memory: 3.293 MB.
Command   ap_source done; error code: 1; 11.944 sec.
Execute   cleanup_all 
