

================================================================
== Vitis HLS Report for 'horner_core_pipeline'
================================================================
* Date:           Tue Mar 10 20:28:33 2026

* Version:        2023.2 (Build 4023990 on Oct 11 2023)
* Project:        horner_core_pipeline
* Solution:       solution (Vitis Kernel Flow Target)
* Product family: zynquplus
* Target device:  xck26-sfvc784-2LV-c


================================================================
== Performance Estimates
================================================================
+ Timing: 
    * Summary: 
    +--------+---------+----------+------------+
    |  Clock |  Target | Estimated| Uncertainty|
    +--------+---------+----------+------------+
    |ap_clk  |  4.00 ns|  1.996 ns|     1.08 ns|
    +--------+---------+----------+------------+

+ Latency: 
    * Summary: 
    +---------+---------+-----------+-----------+-----+-----+---------+
    |  Latency (cycles) |   Latency (absolute)  |  Interval | Pipeline|
    |   min   |   max   |    min    |    max    | min | max |   Type  |
    +---------+---------+-----------+-----------+-----+-----+---------+
    |        9|        9|  36.000 ns|  36.000 ns|    1|    1|      yes|
    +---------+---------+-----------+-----------+-----+-----+---------+

    + Detail: 
        * Instance: 
        N/A

        * Loop: 
        N/A

============================================================
+ Verbose Summary: Synthesis Manager
============================================================
InlineROM: 1
ExposeGlobal: 0
============================================================
+ Verbose Summary: CDFG Model
============================================================
IsTopModel: 1
ResetActiveHigh: 1
IsCombinational: 0
IsDatapathOnly: 0
HasWiredReturn: 1
HasMFsm: 2
HasVarLatency: 0
IsPipeline: 1
IsRtlPipelined: 1
IsInstanceOverlapped: 0
IsDontTouch: 0
HasImplIP: 0
IsGatedGlobalClock: 0

+ Individual pipeline summary: 
  * Pipeline-0: initiation interval (II) = 1, depth = 10


============================================================
+ Verbose Summary: Schedule
============================================================
* Number of FSM states : 10
* Pipeline : 1
  Pipeline-0 : II = 1, D = 10, States = { 1 2 3 4 5 6 7 8 9 10 }
* Dataflow Pipeline: 0

* FSM state transitions: 
1 --> 2 
2 --> 3 
3 --> 4 
4 --> 5 
5 --> 6 
6 --> 7 
7 --> 8 
8 --> 9 
9 --> 10 
10 --> 

* FSM state operations: 

State 1 <SV = 0> <Delay = 1.99>
ST_1 : Operation 11 [1/1] (1.00ns)   --->   "%a0_read = read i16 @_ssdm_op_Read.ap_none.i16, i16 %a0" [./HornerCorePipeline.cpp:6]   --->   Operation 11 'read' 'a0_read' <Predicate = true> <Delay = 1.00> <CoreInst = "s_axilite">   --->   Core 122 's_axilite' <Latency = 0> <II = 1> <Delay = 1.00> <Adapter> <Opcode : 'read' 'write'>
ST_1 : Operation 12 [1/1] (1.00ns)   --->   "%a1_read = read i16 @_ssdm_op_Read.ap_none.i16, i16 %a1" [./HornerCorePipeline.cpp:6]   --->   Operation 12 'read' 'a1_read' <Predicate = true> <Delay = 1.00> <CoreInst = "s_axilite">   --->   Core 122 's_axilite' <Latency = 0> <II = 1> <Delay = 1.00> <Adapter> <Opcode : 'read' 'write'>
ST_1 : Operation 13 [1/1] (1.00ns)   --->   "%a2_read = read i16 @_ssdm_op_Read.ap_none.i16, i16 %a2" [./HornerCorePipeline.cpp:6]   --->   Operation 13 'read' 'a2_read' <Predicate = true> <Delay = 1.00> <CoreInst = "s_axilite">   --->   Core 122 's_axilite' <Latency = 0> <II = 1> <Delay = 1.00> <Adapter> <Opcode : 'read' 'write'>
ST_1 : Operation 14 [1/1] (1.00ns)   --->   "%a3_read = read i16 @_ssdm_op_Read.ap_none.i16, i16 %a3" [./HornerCorePipeline.cpp:6]   --->   Operation 14 'read' 'a3_read' <Predicate = true> <Delay = 1.00> <CoreInst = "s_axilite">   --->   Core 122 's_axilite' <Latency = 0> <II = 1> <Delay = 1.00> <Adapter> <Opcode : 'read' 'write'>
ST_1 : Operation 15 [1/1] (1.00ns)   --->   "%x_read = read i16 @_ssdm_op_Read.ap_none.i16, i16 %x" [./HornerCorePipeline.cpp:6]   --->   Operation 15 'read' 'x_read' <Predicate = true> <Delay = 1.00> <CoreInst = "s_axilite">   --->   Core 122 's_axilite' <Latency = 0> <II = 1> <Delay = 1.00> <Adapter> <Opcode : 'read' 'write'>
ST_1 : Operation 16 [1/1] (0.00ns)   --->   "%sext_ln17 = sext i16 %a3_read" [./HornerCorePipeline.cpp:17]   --->   Operation 16 'sext' 'sext_ln17' <Predicate = true> <Delay = 0.00>
ST_1 : Operation 17 [1/1] (0.00ns)   --->   "%sext_ln17_1 = sext i16 %x_read" [./HornerCorePipeline.cpp:17]   --->   Operation 17 'sext' 'sext_ln17_1' <Predicate = true> <Delay = 0.00>
ST_1 : Operation 18 [3/3] (0.99ns) (grouped into DSP with root node add_ln17)   --->   "%mul_ln17 = mul i26 %sext_ln17, i26 %sext_ln17_1" [./HornerCorePipeline.cpp:17]   --->   Operation 18 'mul' 'mul_ln17' <Predicate = true> <Delay = 0.99> <CoreInst = "DSP48">   --->   Core 127 'DSP48' <Latency = 3> <II = 1> <Delay = 0.53> <IPBlock> <Opcode : '' 'add' 'sub' 'mul' 'select'> <InPorts = 0> <OutPorts = 1> <Sync> <CReg>

State 2 <SV = 1> <Delay = 0.99>
ST_2 : Operation 19 [2/3] (0.99ns) (grouped into DSP with root node add_ln17)   --->   "%mul_ln17 = mul i26 %sext_ln17, i26 %sext_ln17_1" [./HornerCorePipeline.cpp:17]   --->   Operation 19 'mul' 'mul_ln17' <Predicate = true> <Delay = 0.99> <CoreInst = "DSP48">   --->   Core 127 'DSP48' <Latency = 3> <II = 1> <Delay = 0.53> <IPBlock> <Opcode : '' 'add' 'sub' 'mul' 'select'> <InPorts = 0> <OutPorts = 1> <Sync> <CReg>

State 3 <SV = 2> <Delay = 0.64>
ST_3 : Operation 20 [1/3] (0.00ns) (grouped into DSP with root node add_ln17)   --->   "%mul_ln17 = mul i26 %sext_ln17, i26 %sext_ln17_1" [./HornerCorePipeline.cpp:17]   --->   Operation 20 'mul' 'mul_ln17' <Predicate = true> <Delay = 0.00> <CoreInst = "DSP48">   --->   Core 127 'DSP48' <Latency = 3> <II = 1> <Delay = 0.53> <IPBlock> <Opcode : '' 'add' 'sub' 'mul' 'select'> <InPorts = 0> <OutPorts = 1> <Sync> <CReg>
ST_3 : Operation 21 [1/1] (0.00ns)   --->   "%shl_ln = bitconcatenate i26 @_ssdm_op_BitConcatenate.i26.i16.i10, i16 %a2_read, i10 0" [./HornerCorePipeline.cpp:17]   --->   Operation 21 'bitconcatenate' 'shl_ln' <Predicate = true> <Delay = 0.00>
ST_3 : Operation 22 [2/2] (0.64ns) (root node of the DSP)   --->   "%add_ln17 = add i26 %shl_ln, i26 %mul_ln17" [./HornerCorePipeline.cpp:17]   --->   Operation 22 'add' 'add_ln17' <Predicate = true> <Delay = 0.64> <CoreInst = "DSP48">   --->   Core 127 'DSP48' <Latency = 3> <II = 1> <Delay = 0.53> <IPBlock> <Opcode : '' 'add' 'sub' 'mul' 'select'> <InPorts = 0> <OutPorts = 1> <Sync> <CReg>

State 4 <SV = 3> <Delay = 1.64>
ST_4 : Operation 23 [1/2] (0.64ns) (root node of the DSP)   --->   "%add_ln17 = add i26 %shl_ln, i26 %mul_ln17" [./HornerCorePipeline.cpp:17]   --->   Operation 23 'add' 'add_ln17' <Predicate = true> <Delay = 0.64> <CoreInst = "DSP48">   --->   Core 127 'DSP48' <Latency = 3> <II = 1> <Delay = 0.53> <IPBlock> <Opcode : '' 'add' 'sub' 'mul' 'select'> <InPorts = 0> <OutPorts = 1> <Sync> <CReg>
ST_4 : Operation 24 [1/1] (0.00ns)   --->   "%acc0 = partselect i16 @_ssdm_op_PartSelect.i16.i26.i32.i32, i26 %add_ln17, i32 10, i32 25" [./HornerCorePipeline.cpp:17]   --->   Operation 24 'partselect' 'acc0' <Predicate = true> <Delay = 0.00>
ST_4 : Operation 25 [1/1] (0.00ns)   --->   "%sext_ln18 = sext i16 %acc0" [./HornerCorePipeline.cpp:18]   --->   Operation 25 'sext' 'sext_ln18' <Predicate = true> <Delay = 0.00>
ST_4 : Operation 26 [3/3] (0.99ns) (grouped into DSP with root node add_ln18)   --->   "%mul_ln18 = mul i26 %sext_ln18, i26 %sext_ln17_1" [./HornerCorePipeline.cpp:18]   --->   Operation 26 'mul' 'mul_ln18' <Predicate = true> <Delay = 0.99> <CoreInst = "DSP48">   --->   Core 127 'DSP48' <Latency = 3> <II = 1> <Delay = 0.53> <IPBlock> <Opcode : '' 'add' 'sub' 'mul' 'select'> <InPorts = 0> <OutPorts = 1> <Sync> <CReg>

State 5 <SV = 4> <Delay = 0.99>
ST_5 : Operation 27 [2/3] (0.99ns) (grouped into DSP with root node add_ln18)   --->   "%mul_ln18 = mul i26 %sext_ln18, i26 %sext_ln17_1" [./HornerCorePipeline.cpp:18]   --->   Operation 27 'mul' 'mul_ln18' <Predicate = true> <Delay = 0.99> <CoreInst = "DSP48">   --->   Core 127 'DSP48' <Latency = 3> <II = 1> <Delay = 0.53> <IPBlock> <Opcode : '' 'add' 'sub' 'mul' 'select'> <InPorts = 0> <OutPorts = 1> <Sync> <CReg>

State 6 <SV = 5> <Delay = 0.64>
ST_6 : Operation 28 [1/3] (0.00ns) (grouped into DSP with root node add_ln18)   --->   "%mul_ln18 = mul i26 %sext_ln18, i26 %sext_ln17_1" [./HornerCorePipeline.cpp:18]   --->   Operation 28 'mul' 'mul_ln18' <Predicate = true> <Delay = 0.00> <CoreInst = "DSP48">   --->   Core 127 'DSP48' <Latency = 3> <II = 1> <Delay = 0.53> <IPBlock> <Opcode : '' 'add' 'sub' 'mul' 'select'> <InPorts = 0> <OutPorts = 1> <Sync> <CReg>
ST_6 : Operation 29 [1/1] (0.00ns)   --->   "%shl_ln1 = bitconcatenate i26 @_ssdm_op_BitConcatenate.i26.i16.i10, i16 %a1_read, i10 0" [./HornerCorePipeline.cpp:18]   --->   Operation 29 'bitconcatenate' 'shl_ln1' <Predicate = true> <Delay = 0.00>
ST_6 : Operation 30 [2/2] (0.64ns) (root node of the DSP)   --->   "%add_ln18 = add i26 %shl_ln1, i26 %mul_ln18" [./HornerCorePipeline.cpp:18]   --->   Operation 30 'add' 'add_ln18' <Predicate = true> <Delay = 0.64> <CoreInst = "DSP48">   --->   Core 127 'DSP48' <Latency = 3> <II = 1> <Delay = 0.53> <IPBlock> <Opcode : '' 'add' 'sub' 'mul' 'select'> <InPorts = 0> <OutPorts = 1> <Sync> <CReg>

State 7 <SV = 6> <Delay = 1.64>
ST_7 : Operation 31 [1/2] (0.64ns) (root node of the DSP)   --->   "%add_ln18 = add i26 %shl_ln1, i26 %mul_ln18" [./HornerCorePipeline.cpp:18]   --->   Operation 31 'add' 'add_ln18' <Predicate = true> <Delay = 0.64> <CoreInst = "DSP48">   --->   Core 127 'DSP48' <Latency = 3> <II = 1> <Delay = 0.53> <IPBlock> <Opcode : '' 'add' 'sub' 'mul' 'select'> <InPorts = 0> <OutPorts = 1> <Sync> <CReg>
ST_7 : Operation 32 [1/1] (0.00ns)   --->   "%acc1 = partselect i16 @_ssdm_op_PartSelect.i16.i26.i32.i32, i26 %add_ln18, i32 10, i32 25" [./HornerCorePipeline.cpp:18]   --->   Operation 32 'partselect' 'acc1' <Predicate = true> <Delay = 0.00>
ST_7 : Operation 33 [1/1] (0.00ns)   --->   "%sext_ln19 = sext i16 %acc1" [./HornerCorePipeline.cpp:19]   --->   Operation 33 'sext' 'sext_ln19' <Predicate = true> <Delay = 0.00>
ST_7 : Operation 34 [3/3] (0.99ns) (grouped into DSP with root node add_ln19)   --->   "%mul_ln19 = mul i26 %sext_ln19, i26 %sext_ln17_1" [./HornerCorePipeline.cpp:19]   --->   Operation 34 'mul' 'mul_ln19' <Predicate = true> <Delay = 0.99> <CoreInst = "DSP48">   --->   Core 127 'DSP48' <Latency = 3> <II = 1> <Delay = 0.53> <IPBlock> <Opcode : '' 'add' 'sub' 'mul' 'select'> <InPorts = 0> <OutPorts = 1> <Sync> <CReg>

State 8 <SV = 7> <Delay = 0.99>
ST_8 : Operation 35 [2/3] (0.99ns) (grouped into DSP with root node add_ln19)   --->   "%mul_ln19 = mul i26 %sext_ln19, i26 %sext_ln17_1" [./HornerCorePipeline.cpp:19]   --->   Operation 35 'mul' 'mul_ln19' <Predicate = true> <Delay = 0.99> <CoreInst = "DSP48">   --->   Core 127 'DSP48' <Latency = 3> <II = 1> <Delay = 0.53> <IPBlock> <Opcode : '' 'add' 'sub' 'mul' 'select'> <InPorts = 0> <OutPorts = 1> <Sync> <CReg>

State 9 <SV = 8> <Delay = 0.64>
ST_9 : Operation 36 [1/3] (0.00ns) (grouped into DSP with root node add_ln19)   --->   "%mul_ln19 = mul i26 %sext_ln19, i26 %sext_ln17_1" [./HornerCorePipeline.cpp:19]   --->   Operation 36 'mul' 'mul_ln19' <Predicate = true> <Delay = 0.00> <CoreInst = "DSP48">   --->   Core 127 'DSP48' <Latency = 3> <II = 1> <Delay = 0.53> <IPBlock> <Opcode : '' 'add' 'sub' 'mul' 'select'> <InPorts = 0> <OutPorts = 1> <Sync> <CReg>
ST_9 : Operation 37 [1/1] (0.00ns)   --->   "%shl_ln2 = bitconcatenate i26 @_ssdm_op_BitConcatenate.i26.i16.i10, i16 %a0_read, i10 0" [./HornerCorePipeline.cpp:19]   --->   Operation 37 'bitconcatenate' 'shl_ln2' <Predicate = true> <Delay = 0.00>
ST_9 : Operation 38 [2/2] (0.64ns) (root node of the DSP)   --->   "%add_ln19 = add i26 %shl_ln2, i26 %mul_ln19" [./HornerCorePipeline.cpp:19]   --->   Operation 38 'add' 'add_ln19' <Predicate = true> <Delay = 0.64> <CoreInst = "DSP48">   --->   Core 127 'DSP48' <Latency = 3> <II = 1> <Delay = 0.53> <IPBlock> <Opcode : '' 'add' 'sub' 'mul' 'select'> <InPorts = 0> <OutPorts = 1> <Sync> <CReg>

State 10 <SV = 9> <Delay = 0.64>
ST_10 : Operation 39 [1/1] (0.00ns)   --->   "%specbitsmap_ln0 = specbitsmap void @_ssdm_op_SpecBitsMap, i16 0"   --->   Operation 39 'specbitsmap' 'specbitsmap_ln0' <Predicate = true> <Delay = 0.00>
ST_10 : Operation 40 [1/1] (0.00ns)   --->   "%specpipeline_ln12 = specpipeline void @_ssdm_op_SpecPipeline, i32 1, i32 0, i32 0, i32 0, void @empty_0" [./HornerCorePipeline.cpp:12]   --->   Operation 40 'specpipeline' 'specpipeline_ln12' <Predicate = true> <Delay = 0.00>
ST_10 : Operation 41 [1/1] (0.00ns)   --->   "%spectopmodule_ln5 = spectopmodule void @_ssdm_op_SpecTopModule, void @empty_9" [./HornerCorePipeline.cpp:5]   --->   Operation 41 'spectopmodule' 'spectopmodule_ln5' <Predicate = true> <Delay = 0.00>
ST_10 : Operation 42 [1/1] (0.00ns)   --->   "%specinterface_ln5 = specinterface void @_ssdm_op_SpecInterface, i32 0, void @empty_10, i32 0, i32 0, void @empty_0, i32 0, i32 0, void @empty_0, void @empty_0, void @empty_0, i32 0, i32 0, i32 0, i32 0, void @empty_0, void @empty_0, i32 4294967295, i32 0" [./HornerCorePipeline.cpp:5]   --->   Operation 42 'specinterface' 'specinterface_ln5' <Predicate = true> <Delay = 0.00>
ST_10 : Operation 43 [1/1] (0.00ns)   --->   "%specbitsmap_ln0 = specbitsmap void @_ssdm_op_SpecBitsMap, i16 %x"   --->   Operation 43 'specbitsmap' 'specbitsmap_ln0' <Predicate = true> <Delay = 0.00>
ST_10 : Operation 44 [1/1] (0.00ns)   --->   "%specinterface_ln0 = specinterface void @_ssdm_op_SpecInterface, i16 %x, void @empty, i32 0, i32 0, void @empty_0, i32 0, i32 0, void @empty_1, void @empty_2, void @empty_0, i32 0, i32 0, i32 0, i32 0, void @empty_0, void @empty_0, i32 4294967295, i32 0"   --->   Operation 44 'specinterface' 'specinterface_ln0' <Predicate = true> <Delay = 0.00>
ST_10 : Operation 45 [1/1] (0.00ns)   --->   "%specinterface_ln0 = specinterface void @_ssdm_op_SpecInterface, i16 %x, void @empty_3, i32 0, i32 0, void @empty_0, i32 0, i32 0, void @empty_0, void @empty_0, void @empty_0, i32 0, i32 0, i32 0, i32 0, void @empty_0, void @empty_0, i32 4294967295, i32 0"   --->   Operation 45 'specinterface' 'specinterface_ln0' <Predicate = true> <Delay = 0.00>
ST_10 : Operation 46 [1/1] (0.00ns)   --->   "%specbitsmap_ln0 = specbitsmap void @_ssdm_op_SpecBitsMap, i16 %a3"   --->   Operation 46 'specbitsmap' 'specbitsmap_ln0' <Predicate = true> <Delay = 0.00>
ST_10 : Operation 47 [1/1] (0.00ns)   --->   "%specinterface_ln0 = specinterface void @_ssdm_op_SpecInterface, i16 %a3, void @empty, i32 0, i32 0, void @empty_0, i32 0, i32 0, void @empty_1, void @empty_4, void @empty_0, i32 0, i32 0, i32 0, i32 0, void @empty_0, void @empty_0, i32 4294967295, i32 0"   --->   Operation 47 'specinterface' 'specinterface_ln0' <Predicate = true> <Delay = 0.00>
ST_10 : Operation 48 [1/1] (0.00ns)   --->   "%specinterface_ln0 = specinterface void @_ssdm_op_SpecInterface, i16 %a3, void @empty_3, i32 0, i32 0, void @empty_0, i32 0, i32 0, void @empty_0, void @empty_0, void @empty_0, i32 0, i32 0, i32 0, i32 0, void @empty_0, void @empty_0, i32 4294967295, i32 0"   --->   Operation 48 'specinterface' 'specinterface_ln0' <Predicate = true> <Delay = 0.00>
ST_10 : Operation 49 [1/1] (0.00ns)   --->   "%specbitsmap_ln0 = specbitsmap void @_ssdm_op_SpecBitsMap, i16 %a2"   --->   Operation 49 'specbitsmap' 'specbitsmap_ln0' <Predicate = true> <Delay = 0.00>
ST_10 : Operation 50 [1/1] (0.00ns)   --->   "%specinterface_ln0 = specinterface void @_ssdm_op_SpecInterface, i16 %a2, void @empty, i32 0, i32 0, void @empty_0, i32 0, i32 0, void @empty_1, void @empty_5, void @empty_0, i32 0, i32 0, i32 0, i32 0, void @empty_0, void @empty_0, i32 4294967295, i32 0"   --->   Operation 50 'specinterface' 'specinterface_ln0' <Predicate = true> <Delay = 0.00>
ST_10 : Operation 51 [1/1] (0.00ns)   --->   "%specinterface_ln0 = specinterface void @_ssdm_op_SpecInterface, i16 %a2, void @empty_3, i32 0, i32 0, void @empty_0, i32 0, i32 0, void @empty_0, void @empty_0, void @empty_0, i32 0, i32 0, i32 0, i32 0, void @empty_0, void @empty_0, i32 4294967295, i32 0"   --->   Operation 51 'specinterface' 'specinterface_ln0' <Predicate = true> <Delay = 0.00>
ST_10 : Operation 52 [1/1] (0.00ns)   --->   "%specbitsmap_ln0 = specbitsmap void @_ssdm_op_SpecBitsMap, i16 %a1"   --->   Operation 52 'specbitsmap' 'specbitsmap_ln0' <Predicate = true> <Delay = 0.00>
ST_10 : Operation 53 [1/1] (0.00ns)   --->   "%specinterface_ln0 = specinterface void @_ssdm_op_SpecInterface, i16 %a1, void @empty, i32 0, i32 0, void @empty_0, i32 0, i32 0, void @empty_1, void @empty_6, void @empty_0, i32 0, i32 0, i32 0, i32 0, void @empty_0, void @empty_0, i32 4294967295, i32 0"   --->   Operation 53 'specinterface' 'specinterface_ln0' <Predicate = true> <Delay = 0.00>
ST_10 : Operation 54 [1/1] (0.00ns)   --->   "%specinterface_ln0 = specinterface void @_ssdm_op_SpecInterface, i16 %a1, void @empty_3, i32 0, i32 0, void @empty_0, i32 0, i32 0, void @empty_0, void @empty_0, void @empty_0, i32 0, i32 0, i32 0, i32 0, void @empty_0, void @empty_0, i32 4294967295, i32 0"   --->   Operation 54 'specinterface' 'specinterface_ln0' <Predicate = true> <Delay = 0.00>
ST_10 : Operation 55 [1/1] (0.00ns)   --->   "%specbitsmap_ln0 = specbitsmap void @_ssdm_op_SpecBitsMap, i16 %a0"   --->   Operation 55 'specbitsmap' 'specbitsmap_ln0' <Predicate = true> <Delay = 0.00>
ST_10 : Operation 56 [1/1] (0.00ns)   --->   "%specinterface_ln0 = specinterface void @_ssdm_op_SpecInterface, i16 %a0, void @empty, i32 0, i32 0, void @empty_0, i32 0, i32 0, void @empty_1, void @empty_7, void @empty_0, i32 0, i32 0, i32 0, i32 0, void @empty_0, void @empty_0, i32 4294967295, i32 0"   --->   Operation 56 'specinterface' 'specinterface_ln0' <Predicate = true> <Delay = 0.00>
ST_10 : Operation 57 [1/1] (0.00ns)   --->   "%specinterface_ln0 = specinterface void @_ssdm_op_SpecInterface, i16 %a0, void @empty_3, i32 0, i32 0, void @empty_0, i32 0, i32 0, void @empty_0, void @empty_0, void @empty_0, i32 0, i32 0, i32 0, i32 0, void @empty_0, void @empty_0, i32 4294967295, i32 0"   --->   Operation 57 'specinterface' 'specinterface_ln0' <Predicate = true> <Delay = 0.00>
ST_10 : Operation 58 [1/1] (0.00ns)   --->   "%specinterface_ln0 = specinterface void @_ssdm_op_SpecInterface, i32 0, void @empty, i32 0, i32 0, void @empty_0, i32 0, i32 0, void @empty_1, void @empty_8, void @empty_0, i32 0, i32 0, i32 0, i32 0, void @empty_0, void @empty_0, i32 4294967295, i32 0"   --->   Operation 58 'specinterface' 'specinterface_ln0' <Predicate = true> <Delay = 0.00>
ST_10 : Operation 59 [1/2] (0.64ns) (root node of the DSP)   --->   "%add_ln19 = add i26 %shl_ln2, i26 %mul_ln19" [./HornerCorePipeline.cpp:19]   --->   Operation 59 'add' 'add_ln19' <Predicate = true> <Delay = 0.64> <CoreInst = "DSP48">   --->   Core 127 'DSP48' <Latency = 3> <II = 1> <Delay = 0.53> <IPBlock> <Opcode : '' 'add' 'sub' 'mul' 'select'> <InPorts = 0> <OutPorts = 1> <Sync> <CReg>
ST_10 : Operation 60 [1/1] (0.00ns)   --->   "%trunc_ln = partselect i16 @_ssdm_op_PartSelect.i16.i26.i32.i32, i26 %add_ln19, i32 10, i32 25" [./HornerCorePipeline.cpp:19]   --->   Operation 60 'partselect' 'trunc_ln' <Predicate = true> <Delay = 0.00>
ST_10 : Operation 61 [1/1] (0.00ns)   --->   "%ret_ln19 = ret i16 %trunc_ln" [./HornerCorePipeline.cpp:19]   --->   Operation 61 'ret' 'ret_ln19' <Predicate = true> <Delay = 0.00>


============================================================
+ Verbose Summary: Timing violations
============================================================
Target clock period: 4.000ns, clock uncertainty: 1.080ns.

 <State 1>: 1.996ns
The critical path consists of the following:
	wire read operation ('a3_read', ./HornerCorePipeline.cpp:6) on port 'a3' (./HornerCorePipeline.cpp:6) [29]  (1.000 ns)
	'mul' operation 26 bit of DSP[35] ('mul_ln17', ./HornerCorePipeline.cpp:17) [33]  (0.996 ns)

 <State 2>: 0.996ns
The critical path consists of the following:
	'mul' operation 26 bit of DSP[35] ('mul_ln17', ./HornerCorePipeline.cpp:17) [33]  (0.996 ns)

 <State 3>: 0.645ns
The critical path consists of the following:
	'mul' operation 26 bit of DSP[35] ('mul_ln17', ./HornerCorePipeline.cpp:17) [33]  (0.000 ns)
	'add' operation 26 bit of DSP[35] ('add_ln17', ./HornerCorePipeline.cpp:17) [35]  (0.645 ns)

 <State 4>: 1.641ns
The critical path consists of the following:
	'add' operation 26 bit of DSP[35] ('add_ln17', ./HornerCorePipeline.cpp:17) [35]  (0.645 ns)
	'mul' operation 26 bit of DSP[40] ('mul_ln18', ./HornerCorePipeline.cpp:18) [38]  (0.996 ns)

 <State 5>: 0.996ns
The critical path consists of the following:
	'mul' operation 26 bit of DSP[40] ('mul_ln18', ./HornerCorePipeline.cpp:18) [38]  (0.996 ns)

 <State 6>: 0.645ns
The critical path consists of the following:
	'mul' operation 26 bit of DSP[40] ('mul_ln18', ./HornerCorePipeline.cpp:18) [38]  (0.000 ns)
	'add' operation 26 bit of DSP[40] ('add_ln18', ./HornerCorePipeline.cpp:18) [40]  (0.645 ns)

 <State 7>: 1.641ns
The critical path consists of the following:
	'add' operation 26 bit of DSP[40] ('add_ln18', ./HornerCorePipeline.cpp:18) [40]  (0.645 ns)
	'mul' operation 26 bit of DSP[45] ('mul_ln19', ./HornerCorePipeline.cpp:19) [43]  (0.996 ns)

 <State 8>: 0.996ns
The critical path consists of the following:
	'mul' operation 26 bit of DSP[45] ('mul_ln19', ./HornerCorePipeline.cpp:19) [43]  (0.996 ns)

 <State 9>: 0.645ns
The critical path consists of the following:
	'mul' operation 26 bit of DSP[45] ('mul_ln19', ./HornerCorePipeline.cpp:19) [43]  (0.000 ns)
	'add' operation 26 bit of DSP[45] ('add_ln19', ./HornerCorePipeline.cpp:19) [45]  (0.645 ns)

 <State 10>: 0.645ns
The critical path consists of the following:
	'add' operation 26 bit of DSP[45] ('add_ln19', ./HornerCorePipeline.cpp:19) [45]  (0.645 ns)


============================================================
+ Verbose Summary: Binding
============================================================
N/A
* FSMD analyzer results:
  - Output states:
 - Input state : 
  - Chain level:
	State 1
	State 2
	State 3
	State 4
	State 5
	State 6
	State 7
	State 8
	State 9
	State 10


============================================================
+ Verbose Summary: Datapath Resource usage 
============================================================
N/A
