

================================================================
== Vitis HLS Report for 'horner_core_pipeline'
================================================================
* Date:           Tue Mar 10 20:28:34 2026

* Version:        2023.2 (Build 4023990 on Oct 11 2023)
* Project:        horner_core_pipeline
* Solution:       solution (Vitis Kernel Flow Target)
* Product family: zynquplus
* Target device:  xck26-sfvc784-2LV-c


================================================================
== Performance Estimates
================================================================
+ Timing: 
    * Summary: 
    +--------+---------+----------+------------+
    |  Clock |  Target | Estimated| Uncertainty|
    +--------+---------+----------+------------+
    |ap_clk  |  4.00 ns|  1.996 ns|     1.08 ns|
    +--------+---------+----------+------------+

+ Latency: 
    * Summary: 
    +---------+---------+-----------+-----------+-----+-----+---------+
    |  Latency (cycles) |   Latency (absolute)  |  Interval | Pipeline|
    |   min   |   max   |    min    |    max    | min | max |   Type  |
    +---------+---------+-----------+-----------+-----+-----+---------+
    |        9|        9|  36.000 ns|  36.000 ns|    1|    1|      yes|
    +---------+---------+-----------+-----------+-----+-----+---------+

    + Detail: 
        * Instance: 
        N/A

        * Loop: 
        N/A



================================================================
== Utilization Estimates
================================================================
* Summary: 
+-----------------+---------+------+--------+--------+-----+
|       Name      | BRAM_18K|  DSP |   FF   |   LUT  | URAM|
+-----------------+---------+------+--------+--------+-----+
|DSP              |        -|     3|       -|       -|    -|
|Expression       |        -|     -|       0|       4|    -|
|FIFO             |        -|     -|       -|       -|    -|
|Instance         |        0|     -|     162|     232|    0|
|Memory           |        -|     -|       -|       -|    -|
|Multiplexer      |        -|     -|       -|      18|    -|
|Register         |        -|     -|     312|      96|    -|
+-----------------+---------+------+--------+--------+-----+
|Total            |        0|     3|     474|     350|    0|
+-----------------+---------+------+--------+--------+-----+
|Available        |      288|  1248|  234240|  117120|   64|
+-----------------+---------+------+--------+--------+-----+
|Utilization (%)  |        0|    ~0|      ~0|      ~0|    0|
+-----------------+---------+------+--------+--------+-----+

+ Detail: 
    * Instance: 
    +-----------------+---------------+---------+----+-----+-----+-----+
    |     Instance    |     Module    | BRAM_18K| DSP|  FF | LUT | URAM|
    +-----------------+---------------+---------+----+-----+-----+-----+
    |control_s_axi_U  |control_s_axi  |        0|   0|  162|  232|    0|
    +-----------------+---------------+---------+----+-----+-----+-----+
    |Total            |               |        0|   0|  162|  232|    0|
    +-----------------+---------------+---------+----+-----+-----+-----+

    * DSP: 
    +-----------------------------------+--------------------------------+--------------+
    |              Instance             |             Module             |  Expression  |
    +-----------------------------------+--------------------------------+--------------+
    |mac_muladd_16s_16s_26ns_26_4_1_U1  |mac_muladd_16s_16s_26ns_26_4_1  |  i0 + i1 * i2|
    |mac_muladd_16s_16s_26ns_26_4_1_U2  |mac_muladd_16s_16s_26ns_26_4_1  |  i0 + i1 * i2|
    |mac_muladd_16s_16s_26ns_26_4_1_U3  |mac_muladd_16s_16s_26ns_26_4_1  |  i0 + i1 * i2|
    +-----------------------------------+--------------------------------+--------------+

    * Memory: 
    N/A

    * FIFO: 
    N/A

    * Expression: 
    +---------------------------+----------+----+---+----+------------+------------+
    |       Variable Name       | Operation| DSP| FF| LUT| Bitwidth P0| Bitwidth P1|
    +---------------------------+----------+----+---+----+------------+------------+
    |ap_block_pp0_stage0_11001  |        or|   0|  0|   2|           1|           1|
    |ap_enable_pp0              |       xor|   0|  0|   2|           1|           2|
    +---------------------------+----------+----+---+----+------------+------------+
    |Total                      |          |   0|  0|   4|           2|           3|
    +---------------------------+----------+----+---+----+------------+------------+

    * Multiplexer: 
    +-----------+----+-----------+-----+-----------+
    |    Name   | LUT| Input Size| Bits| Total Bits|
    +-----------+----+-----------+-----+-----------+
    |ap_done    |   9|          2|    1|          2|
    |ap_return  |   9|          2|   16|         32|
    +-----------+----+-----------+-----+-----------+
    |Total      |  18|          4|   17|         34|
    +-----------+----+-----------+-----+-----------+

    * Register: 
    +-------------------------------+----+----+-----+-----------+
    |              Name             | FF | LUT| Bits| Const Bits|
    +-------------------------------+----+----+-----+-----------+
    |a0_read_reg_181                |  16|   0|   16|          0|
    |a1_read_reg_186                |  16|   0|   16|          0|
    |a2_read_reg_191                |  16|   0|   16|          0|
    |a2_read_reg_191_pp0_iter1_reg  |  16|   0|   16|          0|
    |ap_CS_fsm                      |   1|   0|    1|          0|
    |ap_done_reg                    |   1|   0|    1|          0|
    |ap_enable_reg_pp0_iter1        |   1|   0|    1|          0|
    |ap_enable_reg_pp0_iter2        |   1|   0|    1|          0|
    |ap_enable_reg_pp0_iter3        |   1|   0|    1|          0|
    |ap_enable_reg_pp0_iter4        |   1|   0|    1|          0|
    |ap_enable_reg_pp0_iter5        |   1|   0|    1|          0|
    |ap_enable_reg_pp0_iter6        |   1|   0|    1|          0|
    |ap_enable_reg_pp0_iter7        |   1|   0|    1|          0|
    |ap_enable_reg_pp0_iter8        |   1|   0|    1|          0|
    |ap_enable_reg_pp0_iter9        |   1|   0|    1|          0|
    |ap_return_preg                 |  16|   0|   16|          0|
    |ap_rst_n_inv                   |   1|   0|    1|          0|
    |ap_rst_reg_1                   |   1|   0|    1|          0|
    |ap_rst_reg_2                   |   1|   0|    1|          0|
    |sext_ln17_1_reg_201            |  26|   0|   26|          0|
    |a0_read_reg_181                |  64|  32|   16|          0|
    |a1_read_reg_186                |  64|  32|   16|          0|
    |sext_ln17_1_reg_201            |  64|  32|   26|          0|
    +-------------------------------+----+----+-----+-----------+
    |Total                          | 312|  96|  178|          0|
    +-------------------------------+----+----+-----+-----------+



================================================================
== Interface
================================================================
* Summary: 
+-----------------------+-----+-----+---------------+----------------------+--------------+
|       RTL Ports       | Dir | Bits|    Protocol   |     Source Object    |    C Type    |
+-----------------------+-----+-----+---------------+----------------------+--------------+
|s_axi_control_AWVALID  |   in|    1|          s_axi|               control|        scalar|
|s_axi_control_AWREADY  |  out|    1|          s_axi|               control|        scalar|
|s_axi_control_AWADDR   |   in|    6|          s_axi|               control|        scalar|
|s_axi_control_WVALID   |   in|    1|          s_axi|               control|        scalar|
|s_axi_control_WREADY   |  out|    1|          s_axi|               control|        scalar|
|s_axi_control_WDATA    |   in|   32|          s_axi|               control|        scalar|
|s_axi_control_WSTRB    |   in|    4|          s_axi|               control|        scalar|
|s_axi_control_ARVALID  |   in|    1|          s_axi|               control|        scalar|
|s_axi_control_ARREADY  |  out|    1|          s_axi|               control|        scalar|
|s_axi_control_ARADDR   |   in|    6|          s_axi|               control|        scalar|
|s_axi_control_RVALID   |  out|    1|          s_axi|               control|        scalar|
|s_axi_control_RREADY   |   in|    1|          s_axi|               control|        scalar|
|s_axi_control_RDATA    |  out|   32|          s_axi|               control|        scalar|
|s_axi_control_RRESP    |  out|    2|          s_axi|               control|        scalar|
|s_axi_control_BVALID   |  out|    1|          s_axi|               control|        scalar|
|s_axi_control_BREADY   |   in|    1|          s_axi|               control|        scalar|
|s_axi_control_BRESP    |  out|    2|          s_axi|               control|        scalar|
|ap_clk                 |   in|    1|  ap_ctrl_chain|  horner_core_pipeline|  return value|
|ap_rst_n               |   in|    1|  ap_ctrl_chain|  horner_core_pipeline|  return value|
|interrupt              |  out|    1|  ap_ctrl_chain|  horner_core_pipeline|  return value|
+-----------------------+-----+-----+---------------+----------------------+--------------+

============================================================
+ Verbose Summary: Synthesis Manager
============================================================
InlineROM: 1
ExposeGlobal: 0
============================================================
+ Verbose Summary: CDFG Model
============================================================
IsTopModel: 1
ResetActiveHigh: 1
IsCombinational: 2
IsDatapathOnly: 2
HasWiredReturn: 1
HasMFsm: 2
HasVarLatency: 0
IsPipeline: 1
IsRtlPipelined: 1
IsInstanceOverlapped: 0
IsDontTouch: 0
HasImplIP: 0
IsGatedGlobalClock: 0

+ Individual pipeline summary: 
  * Pipeline-0: initiation interval (II) = 1, depth = 10


============================================================
+ Verbose Summary: Schedule
============================================================
* Number of FSM states : 10
* Pipeline : 1
  Pipeline-0 : II = 1, D = 10, States = { 1 2 3 4 5 6 7 8 9 10 }
* Dataflow Pipeline: 0

* FSM state transitions: 
1 --> 2 
2 --> 3 
3 --> 4 
4 --> 5 
5 --> 6 
6 --> 7 
7 --> 8 
8 --> 9 
9 --> 10 
10 --> 

* FSM state operations: 

State 1 <SV = 0> <Delay = 1.99>
ST_1 : Operation 11 [1/1] (1.00ns)   --->   "%a0_read = read i16 @_ssdm_op_Read.ap_none.i16, i16 %a0" [./HornerCorePipeline.cpp:6]   --->   Operation 11 'read' 'a0_read' <Predicate = true> <Delay = 1.00> <CoreInst = "s_axilite">   --->   Core 122 's_axilite' <Latency = 0> <II = 1> <Delay = 1.00> <Adapter> <Opcode : 'read' 'write'>
ST_1 : Operation 12 [1/1] (1.00ns)   --->   "%a1_read = read i16 @_ssdm_op_Read.ap_none.i16, i16 %a1" [./HornerCorePipeline.cpp:6]   --->   Operation 12 'read' 'a1_read' <Predicate = true> <Delay = 1.00> <CoreInst = "s_axilite">   --->   Core 122 's_axilite' <Latency = 0> <II = 1> <Delay = 1.00> <Adapter> <Opcode : 'read' 'write'>
ST_1 : Operation 13 [1/1] (1.00ns)   --->   "%a2_read = read i16 @_ssdm_op_Read.ap_none.i16, i16 %a2" [./HornerCorePipeline.cpp:6]   --->   Operation 13 'read' 'a2_read' <Predicate = true> <Delay = 1.00> <CoreInst = "s_axilite">   --->   Core 122 's_axilite' <Latency = 0> <II = 1> <Delay = 1.00> <Adapter> <Opcode : 'read' 'write'>
ST_1 : Operation 14 [1/1] (1.00ns)   --->   "%a3_read = read i16 @_ssdm_op_Read.ap_none.i16, i16 %a3" [./HornerCorePipeline.cpp:6]   --->   Operation 14 'read' 'a3_read' <Predicate = true> <Delay = 1.00> <CoreInst = "s_axilite">   --->   Core 122 's_axilite' <Latency = 0> <II = 1> <Delay = 1.00> <Adapter> <Opcode : 'read' 'write'>
ST_1 : Operation 15 [1/1] (1.00ns)   --->   "%x_read = read i16 @_ssdm_op_Read.ap_none.i16, i16 %x" [./HornerCorePipeline.cpp:6]   --->   Operation 15 'read' 'x_read' <Predicate = true> <Delay = 1.00> <CoreInst = "s_axilite">   --->   Core 122 's_axilite' <Latency = 0> <II = 1> <Delay = 1.00> <Adapter> <Opcode : 'read' 'write'>
ST_1 : Operation 16 [1/1] (0.00ns)   --->   "%sext_ln17 = sext i16 %a3_read" [./HornerCorePipeline.cpp:17]   --->   Operation 16 'sext' 'sext_ln17' <Predicate = true> <Delay = 0.00>
ST_1 : Operation 17 [1/1] (0.00ns)   --->   "%sext_ln17_1 = sext i16 %x_read" [./HornerCorePipeline.cpp:17]   --->   Operation 17 'sext' 'sext_ln17_1' <Predicate = true> <Delay = 0.00>
ST_1 : Operation 18 [3/3] (0.99ns) (grouped into DSP with root node add_ln17)   --->   "%mul_ln17 = mul i26 %sext_ln17, i26 %sext_ln17_1" [./HornerCorePipeline.cpp:17]   --->   Operation 18 'mul' 'mul_ln17' <Predicate = true> <Delay = 0.99> <CoreInst = "DSP48">   --->   Core 127 'DSP48' <Latency = 3> <II = 1> <Delay = 0.53> <IPBlock> <Opcode : '' 'add' 'sub' 'mul' 'select'> <InPorts = 0> <OutPorts = 1> <Sync> <CReg>

State 2 <SV = 1> <Delay = 0.99>
ST_2 : Operation 19 [2/3] (0.99ns) (grouped into DSP with root node add_ln17)   --->   "%mul_ln17 = mul i26 %sext_ln17, i26 %sext_ln17_1" [./HornerCorePipeline.cpp:17]   --->   Operation 19 'mul' 'mul_ln17' <Predicate = true> <Delay = 0.99> <CoreInst = "DSP48">   --->   Core 127 'DSP48' <Latency = 3> <II = 1> <Delay = 0.53> <IPBlock> <Opcode : '' 'add' 'sub' 'mul' 'select'> <InPorts = 0> <OutPorts = 1> <Sync> <CReg>

State 3 <SV = 2> <Delay = 0.64>
ST_3 : Operation 20 [1/3] (0.00ns) (grouped into DSP with root node add_ln17)   --->   "%mul_ln17 = mul i26 %sext_ln17, i26 %sext_ln17_1" [./HornerCorePipeline.cpp:17]   --->   Operation 20 'mul' 'mul_ln17' <Predicate = true> <Delay = 0.00> <CoreInst = "DSP48">   --->   Core 127 'DSP48' <Latency = 3> <II = 1> <Delay = 0.53> <IPBlock> <Opcode : '' 'add' 'sub' 'mul' 'select'> <InPorts = 0> <OutPorts = 1> <Sync> <CReg>
ST_3 : Operation 21 [1/1] (0.00ns)   --->   "%shl_ln = bitconcatenate i26 @_ssdm_op_BitConcatenate.i26.i16.i10, i16 %a2_read, i10 0" [./HornerCorePipeline.cpp:17]   --->   Operation 21 'bitconcatenate' 'shl_ln' <Predicate = true> <Delay = 0.00>
ST_3 : Operation 22 [2/2] (0.64ns) (root node of the DSP)   --->   "%add_ln17 = add i26 %shl_ln, i26 %mul_ln17" [./HornerCorePipeline.cpp:17]   --->   Operation 22 'add' 'add_ln17' <Predicate = true> <Delay = 0.64> <CoreInst = "DSP48">   --->   Core 127 'DSP48' <Latency = 3> <II = 1> <Delay = 0.53> <IPBlock> <Opcode : '' 'add' 'sub' 'mul' 'select'> <InPorts = 0> <OutPorts = 1> <Sync> <CReg>

State 4 <SV = 3> <Delay = 1.64>
ST_4 : Operation 23 [1/2] (0.64ns) (root node of the DSP)   --->   "%add_ln17 = add i26 %shl_ln, i26 %mul_ln17" [./HornerCorePipeline.cpp:17]   --->   Operation 23 'add' 'add_ln17' <Predicate = true> <Delay = 0.64> <CoreInst = "DSP48">   --->   Core 127 'DSP48' <Latency = 3> <II = 1> <Delay = 0.53> <IPBlock> <Opcode : '' 'add' 'sub' 'mul' 'select'> <InPorts = 0> <OutPorts = 1> <Sync> <CReg>
ST_4 : Operation 24 [1/1] (0.00ns)   --->   "%acc0 = partselect i16 @_ssdm_op_PartSelect.i16.i26.i32.i32, i26 %add_ln17, i32 10, i32 25" [./HornerCorePipeline.cpp:17]   --->   Operation 24 'partselect' 'acc0' <Predicate = true> <Delay = 0.00>
ST_4 : Operation 25 [1/1] (0.00ns)   --->   "%sext_ln18 = sext i16 %acc0" [./HornerCorePipeline.cpp:18]   --->   Operation 25 'sext' 'sext_ln18' <Predicate = true> <Delay = 0.00>
ST_4 : Operation 26 [3/3] (0.99ns) (grouped into DSP with root node add_ln18)   --->   "%mul_ln18 = mul i26 %sext_ln18, i26 %sext_ln17_1" [./HornerCorePipeline.cpp:18]   --->   Operation 26 'mul' 'mul_ln18' <Predicate = true> <Delay = 0.99> <CoreInst = "DSP48">   --->   Core 127 'DSP48' <Latency = 3> <II = 1> <Delay = 0.53> <IPBlock> <Opcode : '' 'add' 'sub' 'mul' 'select'> <InPorts = 0> <OutPorts = 1> <Sync> <CReg>

State 5 <SV = 4> <Delay = 0.99>
ST_5 : Operation 27 [2/3] (0.99ns) (grouped into DSP with root node add_ln18)   --->   "%mul_ln18 = mul i26 %sext_ln18, i26 %sext_ln17_1" [./HornerCorePipeline.cpp:18]   --->   Operation 27 'mul' 'mul_ln18' <Predicate = true> <Delay = 0.99> <CoreInst = "DSP48">   --->   Core 127 'DSP48' <Latency = 3> <II = 1> <Delay = 0.53> <IPBlock> <Opcode : '' 'add' 'sub' 'mul' 'select'> <InPorts = 0> <OutPorts = 1> <Sync> <CReg>

State 6 <SV = 5> <Delay = 0.64>
ST_6 : Operation 28 [1/3] (0.00ns) (grouped into DSP with root node add_ln18)   --->   "%mul_ln18 = mul i26 %sext_ln18, i26 %sext_ln17_1" [./HornerCorePipeline.cpp:18]   --->   Operation 28 'mul' 'mul_ln18' <Predicate = true> <Delay = 0.00> <CoreInst = "DSP48">   --->   Core 127 'DSP48' <Latency = 3> <II = 1> <Delay = 0.53> <IPBlock> <Opcode : '' 'add' 'sub' 'mul' 'select'> <InPorts = 0> <OutPorts = 1> <Sync> <CReg>
ST_6 : Operation 29 [1/1] (0.00ns)   --->   "%shl_ln1 = bitconcatenate i26 @_ssdm_op_BitConcatenate.i26.i16.i10, i16 %a1_read, i10 0" [./HornerCorePipeline.cpp:18]   --->   Operation 29 'bitconcatenate' 'shl_ln1' <Predicate = true> <Delay = 0.00>
ST_6 : Operation 30 [2/2] (0.64ns) (root node of the DSP)   --->   "%add_ln18 = add i26 %shl_ln1, i26 %mul_ln18" [./HornerCorePipeline.cpp:18]   --->   Operation 30 'add' 'add_ln18' <Predicate = true> <Delay = 0.64> <CoreInst = "DSP48">   --->   Core 127 'DSP48' <Latency = 3> <II = 1> <Delay = 0.53> <IPBlock> <Opcode : '' 'add' 'sub' 'mul' 'select'> <InPorts = 0> <OutPorts = 1> <Sync> <CReg>

State 7 <SV = 6> <Delay = 1.64>
ST_7 : Operation 31 [1/2] (0.64ns) (root node of the DSP)   --->   "%add_ln18 = add i26 %shl_ln1, i26 %mul_ln18" [./HornerCorePipeline.cpp:18]   --->   Operation 31 'add' 'add_ln18' <Predicate = true> <Delay = 0.64> <CoreInst = "DSP48">   --->   Core 127 'DSP48' <Latency = 3> <II = 1> <Delay = 0.53> <IPBlock> <Opcode : '' 'add' 'sub' 'mul' 'select'> <InPorts = 0> <OutPorts = 1> <Sync> <CReg>
ST_7 : Operation 32 [1/1] (0.00ns)   --->   "%acc1 = partselect i16 @_ssdm_op_PartSelect.i16.i26.i32.i32, i26 %add_ln18, i32 10, i32 25" [./HornerCorePipeline.cpp:18]   --->   Operation 32 'partselect' 'acc1' <Predicate = true> <Delay = 0.00>
ST_7 : Operation 33 [1/1] (0.00ns)   --->   "%sext_ln19 = sext i16 %acc1" [./HornerCorePipeline.cpp:19]   --->   Operation 33 'sext' 'sext_ln19' <Predicate = true> <Delay = 0.00>
ST_7 : Operation 34 [3/3] (0.99ns) (grouped into DSP with root node add_ln19)   --->   "%mul_ln19 = mul i26 %sext_ln19, i26 %sext_ln17_1" [./HornerCorePipeline.cpp:19]   --->   Operation 34 'mul' 'mul_ln19' <Predicate = true> <Delay = 0.99> <CoreInst = "DSP48">   --->   Core 127 'DSP48' <Latency = 3> <II = 1> <Delay = 0.53> <IPBlock> <Opcode : '' 'add' 'sub' 'mul' 'select'> <InPorts = 0> <OutPorts = 1> <Sync> <CReg>

State 8 <SV = 7> <Delay = 0.99>
ST_8 : Operation 35 [2/3] (0.99ns) (grouped into DSP with root node add_ln19)   --->   "%mul_ln19 = mul i26 %sext_ln19, i26 %sext_ln17_1" [./HornerCorePipeline.cpp:19]   --->   Operation 35 'mul' 'mul_ln19' <Predicate = true> <Delay = 0.99> <CoreInst = "DSP48">   --->   Core 127 'DSP48' <Latency = 3> <II = 1> <Delay = 0.53> <IPBlock> <Opcode : '' 'add' 'sub' 'mul' 'select'> <InPorts = 0> <OutPorts = 1> <Sync> <CReg>

State 9 <SV = 8> <Delay = 0.64>
ST_9 : Operation 36 [1/3] (0.00ns) (grouped into DSP with root node add_ln19)   --->   "%mul_ln19 = mul i26 %sext_ln19, i26 %sext_ln17_1" [./HornerCorePipeline.cpp:19]   --->   Operation 36 'mul' 'mul_ln19' <Predicate = true> <Delay = 0.00> <CoreInst = "DSP48">   --->   Core 127 'DSP48' <Latency = 3> <II = 1> <Delay = 0.53> <IPBlock> <Opcode : '' 'add' 'sub' 'mul' 'select'> <InPorts = 0> <OutPorts = 1> <Sync> <CReg>
ST_9 : Operation 37 [1/1] (0.00ns)   --->   "%shl_ln2 = bitconcatenate i26 @_ssdm_op_BitConcatenate.i26.i16.i10, i16 %a0_read, i10 0" [./HornerCorePipeline.cpp:19]   --->   Operation 37 'bitconcatenate' 'shl_ln2' <Predicate = true> <Delay = 0.00>
ST_9 : Operation 38 [2/2] (0.64ns) (root node of the DSP)   --->   "%add_ln19 = add i26 %shl_ln2, i26 %mul_ln19" [./HornerCorePipeline.cpp:19]   --->   Operation 38 'add' 'add_ln19' <Predicate = true> <Delay = 0.64> <CoreInst = "DSP48">   --->   Core 127 'DSP48' <Latency = 3> <II = 1> <Delay = 0.53> <IPBlock> <Opcode : '' 'add' 'sub' 'mul' 'select'> <InPorts = 0> <OutPorts = 1> <Sync> <CReg>

State 10 <SV = 9> <Delay = 0.64>
ST_10 : Operation 39 [1/1] (0.00ns)   --->   "%specbitsmap_ln0 = specbitsmap void @_ssdm_op_SpecBitsMap, i16 0"   --->   Operation 39 'specbitsmap' 'specbitsmap_ln0' <Predicate = true> <Delay = 0.00>
ST_10 : Operation 40 [1/1] (0.00ns)   --->   "%specpipeline_ln12 = specpipeline void @_ssdm_op_SpecPipeline, i32 1, i32 0, i32 0, i32 0, void @empty_0" [./HornerCorePipeline.cpp:12]   --->   Operation 40 'specpipeline' 'specpipeline_ln12' <Predicate = true> <Delay = 0.00>
ST_10 : Operation 41 [1/1] (0.00ns)   --->   "%spectopmodule_ln5 = spectopmodule void @_ssdm_op_SpecTopModule, void @empty_9" [./HornerCorePipeline.cpp:5]   --->   Operation 41 'spectopmodule' 'spectopmodule_ln5' <Predicate = true> <Delay = 0.00>
ST_10 : Operation 42 [1/1] (0.00ns)   --->   "%specinterface_ln5 = specinterface void @_ssdm_op_SpecInterface, i32 0, void @empty_10, i32 0, i32 0, void @empty_0, i32 0, i32 0, void @empty_0, void @empty_0, void @empty_0, i32 0, i32 0, i32 0, i32 0, void @empty_0, void @empty_0, i32 4294967295, i32 0" [./HornerCorePipeline.cpp:5]   --->   Operation 42 'specinterface' 'specinterface_ln5' <Predicate = true> <Delay = 0.00>
ST_10 : Operation 43 [1/1] (0.00ns)   --->   "%specbitsmap_ln0 = specbitsmap void @_ssdm_op_SpecBitsMap, i16 %x"   --->   Operation 43 'specbitsmap' 'specbitsmap_ln0' <Predicate = true> <Delay = 0.00>
ST_10 : Operation 44 [1/1] (0.00ns)   --->   "%specinterface_ln0 = specinterface void @_ssdm_op_SpecInterface, i16 %x, void @empty, i32 0, i32 0, void @empty_0, i32 0, i32 0, void @empty_1, void @empty_2, void @empty_0, i32 0, i32 0, i32 0, i32 0, void @empty_0, void @empty_0, i32 4294967295, i32 0"   --->   Operation 44 'specinterface' 'specinterface_ln0' <Predicate = true> <Delay = 0.00>
ST_10 : Operation 45 [1/1] (0.00ns)   --->   "%specinterface_ln0 = specinterface void @_ssdm_op_SpecInterface, i16 %x, void @empty_3, i32 0, i32 0, void @empty_0, i32 0, i32 0, void @empty_0, void @empty_0, void @empty_0, i32 0, i32 0, i32 0, i32 0, void @empty_0, void @empty_0, i32 4294967295, i32 0"   --->   Operation 45 'specinterface' 'specinterface_ln0' <Predicate = true> <Delay = 0.00>
ST_10 : Operation 46 [1/1] (0.00ns)   --->   "%specbitsmap_ln0 = specbitsmap void @_ssdm_op_SpecBitsMap, i16 %a3"   --->   Operation 46 'specbitsmap' 'specbitsmap_ln0' <Predicate = true> <Delay = 0.00>
ST_10 : Operation 47 [1/1] (0.00ns)   --->   "%specinterface_ln0 = specinterface void @_ssdm_op_SpecInterface, i16 %a3, void @empty, i32 0, i32 0, void @empty_0, i32 0, i32 0, void @empty_1, void @empty_4, void @empty_0, i32 0, i32 0, i32 0, i32 0, void @empty_0, void @empty_0, i32 4294967295, i32 0"   --->   Operation 47 'specinterface' 'specinterface_ln0' <Predicate = true> <Delay = 0.00>
ST_10 : Operation 48 [1/1] (0.00ns)   --->   "%specinterface_ln0 = specinterface void @_ssdm_op_SpecInterface, i16 %a3, void @empty_3, i32 0, i32 0, void @empty_0, i32 0, i32 0, void @empty_0, void @empty_0, void @empty_0, i32 0, i32 0, i32 0, i32 0, void @empty_0, void @empty_0, i32 4294967295, i32 0"   --->   Operation 48 'specinterface' 'specinterface_ln0' <Predicate = true> <Delay = 0.00>
ST_10 : Operation 49 [1/1] (0.00ns)   --->   "%specbitsmap_ln0 = specbitsmap void @_ssdm_op_SpecBitsMap, i16 %a2"   --->   Operation 49 'specbitsmap' 'specbitsmap_ln0' <Predicate = true> <Delay = 0.00>
ST_10 : Operation 50 [1/1] (0.00ns)   --->   "%specinterface_ln0 = specinterface void @_ssdm_op_SpecInterface, i16 %a2, void @empty, i32 0, i32 0, void @empty_0, i32 0, i32 0, void @empty_1, void @empty_5, void @empty_0, i32 0, i32 0, i32 0, i32 0, void @empty_0, void @empty_0, i32 4294967295, i32 0"   --->   Operation 50 'specinterface' 'specinterface_ln0' <Predicate = true> <Delay = 0.00>
ST_10 : Operation 51 [1/1] (0.00ns)   --->   "%specinterface_ln0 = specinterface void @_ssdm_op_SpecInterface, i16 %a2, void @empty_3, i32 0, i32 0, void @empty_0, i32 0, i32 0, void @empty_0, void @empty_0, void @empty_0, i32 0, i32 0, i32 0, i32 0, void @empty_0, void @empty_0, i32 4294967295, i32 0"   --->   Operation 51 'specinterface' 'specinterface_ln0' <Predicate = true> <Delay = 0.00>
ST_10 : Operation 52 [1/1] (0.00ns)   --->   "%specbitsmap_ln0 = specbitsmap void @_ssdm_op_SpecBitsMap, i16 %a1"   --->   Operation 52 'specbitsmap' 'specbitsmap_ln0' <Predicate = true> <Delay = 0.00>
ST_10 : Operation 53 [1/1] (0.00ns)   --->   "%specinterface_ln0 = specinterface void @_ssdm_op_SpecInterface, i16 %a1, void @empty, i32 0, i32 0, void @empty_0, i32 0, i32 0, void @empty_1, void @empty_6, void @empty_0, i32 0, i32 0, i32 0, i32 0, void @empty_0, void @empty_0, i32 4294967295, i32 0"   --->   Operation 53 'specinterface' 'specinterface_ln0' <Predicate = true> <Delay = 0.00>
ST_10 : Operation 54 [1/1] (0.00ns)   --->   "%specinterface_ln0 = specinterface void @_ssdm_op_SpecInterface, i16 %a1, void @empty_3, i32 0, i32 0, void @empty_0, i32 0, i32 0, void @empty_0, void @empty_0, void @empty_0, i32 0, i32 0, i32 0, i32 0, void @empty_0, void @empty_0, i32 4294967295, i32 0"   --->   Operation 54 'specinterface' 'specinterface_ln0' <Predicate = true> <Delay = 0.00>
ST_10 : Operation 55 [1/1] (0.00ns)   --->   "%specbitsmap_ln0 = specbitsmap void @_ssdm_op_SpecBitsMap, i16 %a0"   --->   Operation 55 'specbitsmap' 'specbitsmap_ln0' <Predicate = true> <Delay = 0.00>
ST_10 : Operation 56 [1/1] (0.00ns)   --->   "%specinterface_ln0 = specinterface void @_ssdm_op_SpecInterface, i16 %a0, void @empty, i32 0, i32 0, void @empty_0, i32 0, i32 0, void @empty_1, void @empty_7, void @empty_0, i32 0, i32 0, i32 0, i32 0, void @empty_0, void @empty_0, i32 4294967295, i32 0"   --->   Operation 56 'specinterface' 'specinterface_ln0' <Predicate = true> <Delay = 0.00>
ST_10 : Operation 57 [1/1] (0.00ns)   --->   "%specinterface_ln0 = specinterface void @_ssdm_op_SpecInterface, i16 %a0, void @empty_3, i32 0, i32 0, void @empty_0, i32 0, i32 0, void @empty_0, void @empty_0, void @empty_0, i32 0, i32 0, i32 0, i32 0, void @empty_0, void @empty_0, i32 4294967295, i32 0"   --->   Operation 57 'specinterface' 'specinterface_ln0' <Predicate = true> <Delay = 0.00>
ST_10 : Operation 58 [1/1] (0.00ns)   --->   "%specinterface_ln0 = specinterface void @_ssdm_op_SpecInterface, i32 0, void @empty, i32 0, i32 0, void @empty_0, i32 0, i32 0, void @empty_1, void @empty_8, void @empty_0, i32 0, i32 0, i32 0, i32 0, void @empty_0, void @empty_0, i32 4294967295, i32 0"   --->   Operation 58 'specinterface' 'specinterface_ln0' <Predicate = true> <Delay = 0.00>
ST_10 : Operation 59 [1/2] (0.64ns) (root node of the DSP)   --->   "%add_ln19 = add i26 %shl_ln2, i26 %mul_ln19" [./HornerCorePipeline.cpp:19]   --->   Operation 59 'add' 'add_ln19' <Predicate = true> <Delay = 0.64> <CoreInst = "DSP48">   --->   Core 127 'DSP48' <Latency = 3> <II = 1> <Delay = 0.53> <IPBlock> <Opcode : '' 'add' 'sub' 'mul' 'select'> <InPorts = 0> <OutPorts = 1> <Sync> <CReg>
ST_10 : Operation 60 [1/1] (0.00ns)   --->   "%trunc_ln = partselect i16 @_ssdm_op_PartSelect.i16.i26.i32.i32, i26 %add_ln19, i32 10, i32 25" [./HornerCorePipeline.cpp:19]   --->   Operation 60 'partselect' 'trunc_ln' <Predicate = true> <Delay = 0.00>
ST_10 : Operation 61 [1/1] (0.00ns)   --->   "%ret_ln19 = ret i16 %trunc_ln" [./HornerCorePipeline.cpp:19]   --->   Operation 61 'ret' 'ret_ln19' <Predicate = true> <Delay = 0.00>


============================================================
+ Verbose Summary: Binding
============================================================
STG Binding: 
---------------- STG Properties BEGIN ----------------
- Is combinational: 0
- Is one-state seq: 0
- Is datapath-only: 0
- Is pipelined: 1
- Is top level: 1
Port [ Return ] is wired: 1; IO mode=ap_ctrl_chain:ce=0
Port [ x]:  wired=1; compound=0; hidden=0; nouse=0; global=0; static=0; extern=0; dir=0; type=0; pingpong=0; private_global=0; IO mode=ap_none:ce=0
Port [ a3]:  wired=1; compound=0; hidden=0; nouse=0; global=0; static=0; extern=0; dir=0; type=0; pingpong=0; private_global=0; IO mode=ap_none:ce=0
Port [ a2]:  wired=1; compound=0; hidden=0; nouse=0; global=0; static=0; extern=0; dir=0; type=0; pingpong=0; private_global=0; IO mode=ap_none:ce=0
Port [ a1]:  wired=1; compound=0; hidden=0; nouse=0; global=0; static=0; extern=0; dir=0; type=0; pingpong=0; private_global=0; IO mode=ap_none:ce=0
Port [ a0]:  wired=1; compound=0; hidden=0; nouse=0; global=0; static=0; extern=0; dir=0; type=0; pingpong=0; private_global=0; IO mode=ap_none:ce=0
---------------- STG Properties END ------------------

---------------- Datapath Model BEGIN ----------------

<LifeTime>
<method=bitvector/>
a0_read           (read          ) [ 01111111110]
a1_read           (read          ) [ 01111110000]
a2_read           (read          ) [ 01110000000]
a3_read           (read          ) [ 00000000000]
x_read            (read          ) [ 00000000000]
sext_ln17         (sext          ) [ 01110000000]
sext_ln17_1       (sext          ) [ 01111111110]
mul_ln17          (mul           ) [ 01001000000]
shl_ln            (bitconcatenate) [ 01001000000]
add_ln17          (add           ) [ 00000000000]
acc0              (partselect    ) [ 00000000000]
sext_ln18         (sext          ) [ 01000110000]
mul_ln18          (mul           ) [ 01000001000]
shl_ln1           (bitconcatenate) [ 01000001000]
add_ln18          (add           ) [ 00000000000]
acc1              (partselect    ) [ 00000000000]
sext_ln19         (sext          ) [ 01000000110]
mul_ln19          (mul           ) [ 01000000001]
shl_ln2           (bitconcatenate) [ 01000000001]
specbitsmap_ln0   (specbitsmap   ) [ 00000000000]
specpipeline_ln12 (specpipeline  ) [ 00000000000]
spectopmodule_ln5 (spectopmodule ) [ 00000000000]
specinterface_ln5 (specinterface ) [ 00000000000]
specbitsmap_ln0   (specbitsmap   ) [ 00000000000]
specinterface_ln0 (specinterface ) [ 00000000000]
specinterface_ln0 (specinterface ) [ 00000000000]
specbitsmap_ln0   (specbitsmap   ) [ 00000000000]
specinterface_ln0 (specinterface ) [ 00000000000]
specinterface_ln0 (specinterface ) [ 00000000000]
specbitsmap_ln0   (specbitsmap   ) [ 00000000000]
specinterface_ln0 (specinterface ) [ 00000000000]
specinterface_ln0 (specinterface ) [ 00000000000]
specbitsmap_ln0   (specbitsmap   ) [ 00000000000]
specinterface_ln0 (specinterface ) [ 00000000000]
specinterface_ln0 (specinterface ) [ 00000000000]
specbitsmap_ln0   (specbitsmap   ) [ 00000000000]
specinterface_ln0 (specinterface ) [ 00000000000]
specinterface_ln0 (specinterface ) [ 00000000000]
specinterface_ln0 (specinterface ) [ 00000000000]
add_ln19          (add           ) [ 00000000000]
trunc_ln          (partselect    ) [ 00000000000]
ret_ln19          (ret           ) [ 00000000000]
</LifeTime>

<model>

<comp_list>
<comp id="0" class="1000" name="x">
<pin_list>
<pin id="1" dir="1" index="0" bw="1" slack="0"/>
</pin_list>
<bind>
<StgValue><ssdm name="x"/></StgValue>
</bind>
</comp>

<comp id="2" class="1000" name="a3">
<pin_list>
<pin id="3" dir="1" index="0" bw="1" slack="0"/>
</pin_list>
<bind>
<StgValue><ssdm name="a3"/></StgValue>
</bind>
</comp>

<comp id="4" class="1000" name="a2">
<pin_list>
<pin id="5" dir="1" index="0" bw="1" slack="0"/>
</pin_list>
<bind>
<StgValue><ssdm name="a2"/></StgValue>
</bind>
</comp>

<comp id="6" class="1000" name="a1">
<pin_list>
<pin id="7" dir="1" index="0" bw="1" slack="0"/>
</pin_list>
<bind>
<StgValue><ssdm name="a1"/></StgValue>
</bind>
</comp>

<comp id="8" class="1000" name="a0">
<pin_list>
<pin id="9" dir="1" index="0" bw="1" slack="0"/>
</pin_list>
<bind>
<StgValue><ssdm name="a0"/></StgValue>
</bind>
</comp>

<comp id="10" class="1001" name="const_10">
<pin_list>
<pin id="11" dir="1" index="0" bw="1" slack="0"/>
</pin_list>
<bind>
<StgValue><ssdm name="_ssdm_op_Read.ap_none.i16"/></StgValue>
</bind>
</comp>

<comp id="12" class="1001" name="const_12">
<pin_list>
<pin id="13" dir="1" index="0" bw="1" slack="0"/>
</pin_list>
<bind>
<StgValue><ssdm name="_ssdm_op_BitConcatenate.i26.i16.i10"/></StgValue>
</bind>
</comp>

<comp id="14" class="1001" name="const_14">
<pin_list>
<pin id="15" dir="1" index="0" bw="1" slack="0"/>
</pin_list>
<bind>
<StgValue><ssdm name=""/></StgValue>
</bind>
</comp>

<comp id="16" class="1001" name="const_16">
<pin_list>
<pin id="17" dir="1" index="0" bw="1" slack="0"/>
</pin_list>
<bind>
<StgValue><ssdm name="_ssdm_op_PartSelect.i16.i26.i32.i32"/></StgValue>
</bind>
</comp>

<comp id="18" class="1001" name="const_18">
<pin_list>
<pin id="19" dir="1" index="0" bw="1" slack="0"/>
</pin_list>
<bind>
<StgValue><ssdm name=""/></StgValue>
</bind>
</comp>

<comp id="20" class="1001" name="const_20">
<pin_list>
<pin id="21" dir="1" index="0" bw="1" slack="0"/>
</pin_list>
<bind>
<StgValue><ssdm name=""/></StgValue>
</bind>
</comp>

<comp id="22" class="1001" name="const_22">
<pin_list>
<pin id="23" dir="1" index="0" bw="1" slack="2147483647"/>
</pin_list>
<bind>
<StgValue><ssdm name="_ssdm_op_SpecBitsMap"/></StgValue>
</bind>
</comp>

<comp id="24" class="1001" name="const_24">
<pin_list>
<pin id="25" dir="1" index="0" bw="1" slack="2147483647"/>
</pin_list>
<bind>
<StgValue><ssdm name=""/></StgValue>
</bind>
</comp>

<comp id="26" class="1001" name="const_26">
<pin_list>
<pin id="27" dir="1" index="0" bw="1" slack="2147483647"/>
</pin_list>
<bind>
<StgValue><ssdm name="_ssdm_op_SpecPipeline"/></StgValue>
</bind>
</comp>

<comp id="28" class="1001" name="const_28">
<pin_list>
<pin id="29" dir="1" index="0" bw="1" slack="2147483647"/>
</pin_list>
<bind>
<StgValue><ssdm name=""/></StgValue>
</bind>
</comp>

<comp id="30" class="1001" name="const_30">
<pin_list>
<pin id="31" dir="1" index="0" bw="1" slack="2147483647"/>
</pin_list>
<bind>
<StgValue><ssdm name=""/></StgValue>
</bind>
</comp>

<comp id="32" class="1001" name="const_32">
<pin_list>
<pin id="33" dir="1" index="0" bw="1" slack="2147483647"/>
</pin_list>
<bind>
<StgValue><ssdm name="empty_0"/></StgValue>
</bind>
</comp>

<comp id="34" class="1001" name="const_34">
<pin_list>
<pin id="35" dir="1" index="0" bw="1" slack="2147483647"/>
</pin_list>
<bind>
<StgValue><ssdm name="_ssdm_op_SpecTopModule"/></StgValue>
</bind>
</comp>

<comp id="36" class="1001" name="const_36">
<pin_list>
<pin id="37" dir="1" index="0" bw="1" slack="2147483647"/>
</pin_list>
<bind>
<StgValue><ssdm name="empty_9"/></StgValue>
</bind>
</comp>

<comp id="38" class="1001" name="const_38">
<pin_list>
<pin id="39" dir="1" index="0" bw="1" slack="2147483647"/>
</pin_list>
<bind>
<StgValue><ssdm name="_ssdm_op_SpecInterface"/></StgValue>
</bind>
</comp>

<comp id="40" class="1001" name="const_40">
<pin_list>
<pin id="41" dir="1" index="0" bw="1" slack="2147483647"/>
</pin_list>
<bind>
<StgValue><ssdm name="empty_10"/></StgValue>
</bind>
</comp>

<comp id="42" class="1001" name="const_42">
<pin_list>
<pin id="43" dir="1" index="0" bw="1" slack="2147483647"/>
</pin_list>
<bind>
<StgValue><ssdm name=""/></StgValue>
</bind>
</comp>

<comp id="44" class="1001" name="const_44">
<pin_list>
<pin id="45" dir="1" index="0" bw="1" slack="2147483647"/>
</pin_list>
<bind>
<StgValue><ssdm name="empty"/></StgValue>
</bind>
</comp>

<comp id="46" class="1001" name="const_46">
<pin_list>
<pin id="47" dir="1" index="0" bw="1" slack="2147483647"/>
</pin_list>
<bind>
<StgValue><ssdm name="empty_1"/></StgValue>
</bind>
</comp>

<comp id="48" class="1001" name="const_48">
<pin_list>
<pin id="49" dir="1" index="0" bw="1" slack="2147483647"/>
</pin_list>
<bind>
<StgValue><ssdm name="empty_2"/></StgValue>
</bind>
</comp>

<comp id="50" class="1001" name="const_50">
<pin_list>
<pin id="51" dir="1" index="0" bw="1" slack="2147483647"/>
</pin_list>
<bind>
<StgValue><ssdm name="empty_3"/></StgValue>
</bind>
</comp>

<comp id="52" class="1001" name="const_52">
<pin_list>
<pin id="53" dir="1" index="0" bw="1" slack="2147483647"/>
</pin_list>
<bind>
<StgValue><ssdm name="empty_4"/></StgValue>
</bind>
</comp>

<comp id="54" class="1001" name="const_54">
<pin_list>
<pin id="55" dir="1" index="0" bw="1" slack="2147483647"/>
</pin_list>
<bind>
<StgValue><ssdm name="empty_5"/></StgValue>
</bind>
</comp>

<comp id="56" class="1001" name="const_56">
<pin_list>
<pin id="57" dir="1" index="0" bw="1" slack="2147483647"/>
</pin_list>
<bind>
<StgValue><ssdm name="empty_6"/></StgValue>
</bind>
</comp>

<comp id="58" class="1001" name="const_58">
<pin_list>
<pin id="59" dir="1" index="0" bw="1" slack="2147483647"/>
</pin_list>
<bind>
<StgValue><ssdm name="empty_7"/></StgValue>
</bind>
</comp>

<comp id="60" class="1001" name="const_60">
<pin_list>
<pin id="61" dir="1" index="0" bw="1" slack="2147483647"/>
</pin_list>
<bind>
<StgValue><ssdm name="empty_8"/></StgValue>
</bind>
</comp>

<comp id="62" class="1004" name="a0_read_read_fu_62">
<pin_list>
<pin id="63" dir="0" index="0" bw="16" slack="0"/>
<pin id="64" dir="0" index="1" bw="16" slack="0"/>
<pin id="65" dir="1" index="2" bw="16" slack="8"/>
</pin_list>
<bind>
<opcode="read(1150) " fcode="read"/>
<opset="a0_read/1 "/>
</bind>
</comp>

<comp id="68" class="1004" name="a1_read_read_fu_68">
<pin_list>
<pin id="69" dir="0" index="0" bw="16" slack="0"/>
<pin id="70" dir="0" index="1" bw="16" slack="0"/>
<pin id="71" dir="1" index="2" bw="16" slack="5"/>
</pin_list>
<bind>
<opcode="read(1150) " fcode="read"/>
<opset="a1_read/1 "/>
</bind>
</comp>

<comp id="74" class="1004" name="a2_read_read_fu_74">
<pin_list>
<pin id="75" dir="0" index="0" bw="16" slack="0"/>
<pin id="76" dir="0" index="1" bw="16" slack="0"/>
<pin id="77" dir="1" index="2" bw="16" slack="2"/>
</pin_list>
<bind>
<opcode="read(1150) " fcode="read"/>
<opset="a2_read/1 "/>
</bind>
</comp>

<comp id="80" class="1004" name="a3_read_read_fu_80">
<pin_list>
<pin id="81" dir="0" index="0" bw="16" slack="0"/>
<pin id="82" dir="0" index="1" bw="16" slack="0"/>
<pin id="83" dir="1" index="2" bw="16" slack="0"/>
</pin_list>
<bind>
<opcode="read(1150) " fcode="read"/>
<opset="a3_read/1 "/>
</bind>
</comp>

<comp id="86" class="1004" name="x_read_read_fu_86">
<pin_list>
<pin id="87" dir="0" index="0" bw="16" slack="0"/>
<pin id="88" dir="0" index="1" bw="16" slack="0"/>
<pin id="89" dir="1" index="2" bw="16" slack="0"/>
</pin_list>
<bind>
<opcode="read(1150) " fcode="read"/>
<opset="x_read/1 "/>
</bind>
</comp>

<comp id="92" class="1004" name="sext_ln17_fu_92">
<pin_list>
<pin id="93" dir="0" index="0" bw="16" slack="0"/>
<pin id="94" dir="1" index="1" bw="26" slack="0"/>
</pin_list>
<bind>
<opcode="sext(35) " fcode="sext"/>
<opset="sext_ln17/1 "/>
</bind>
</comp>

<comp id="96" class="1004" name="sext_ln17_1_fu_96">
<pin_list>
<pin id="97" dir="0" index="0" bw="16" slack="0"/>
<pin id="98" dir="1" index="1" bw="26" slack="0"/>
</pin_list>
<bind>
<opcode="sext(35) " fcode="sext"/>
<opset="sext_ln17_1/1 "/>
</bind>
</comp>

<comp id="100" class="1004" name="shl_ln_fu_100">
<pin_list>
<pin id="101" dir="0" index="0" bw="26" slack="0"/>
<pin id="102" dir="0" index="1" bw="16" slack="2"/>
<pin id="103" dir="0" index="2" bw="1" slack="0"/>
<pin id="104" dir="1" index="3" bw="26" slack="0"/>
</pin_list>
<bind>
<opcode="bitconcatenate(1004) " fcode="bitconcatenate"/>
<opset="shl_ln/3 "/>
</bind>
</comp>

<comp id="107" class="1004" name="acc0_fu_107">
<pin_list>
<pin id="108" dir="0" index="0" bw="16" slack="0"/>
<pin id="109" dir="0" index="1" bw="26" slack="0"/>
<pin id="110" dir="0" index="2" bw="5" slack="0"/>
<pin id="111" dir="0" index="3" bw="6" slack="0"/>
<pin id="112" dir="1" index="4" bw="16" slack="0"/>
</pin_list>
<bind>
<opcode="partselect(1002) " fcode="partselect"/>
<opset="acc0/4 "/>
</bind>
</comp>

<comp id="116" class="1004" name="sext_ln18_fu_116">
<pin_list>
<pin id="117" dir="0" index="0" bw="16" slack="0"/>
<pin id="118" dir="1" index="1" bw="26" slack="0"/>
</pin_list>
<bind>
<opcode="sext(35) " fcode="sext"/>
<opset="sext_ln18/4 "/>
</bind>
</comp>

<comp id="120" class="1004" name="shl_ln1_fu_120">
<pin_list>
<pin id="121" dir="0" index="0" bw="26" slack="0"/>
<pin id="122" dir="0" index="1" bw="16" slack="5"/>
<pin id="123" dir="0" index="2" bw="1" slack="0"/>
<pin id="124" dir="1" index="3" bw="26" slack="0"/>
</pin_list>
<bind>
<opcode="bitconcatenate(1004) " fcode="bitconcatenate"/>
<opset="shl_ln1/6 "/>
</bind>
</comp>

<comp id="127" class="1004" name="acc1_fu_127">
<pin_list>
<pin id="128" dir="0" index="0" bw="16" slack="0"/>
<pin id="129" dir="0" index="1" bw="26" slack="0"/>
<pin id="130" dir="0" index="2" bw="5" slack="0"/>
<pin id="131" dir="0" index="3" bw="6" slack="0"/>
<pin id="132" dir="1" index="4" bw="16" slack="0"/>
</pin_list>
<bind>
<opcode="partselect(1002) " fcode="partselect"/>
<opset="acc1/7 "/>
</bind>
</comp>

<comp id="136" class="1004" name="sext_ln19_fu_136">
<pin_list>
<pin id="137" dir="0" index="0" bw="16" slack="0"/>
<pin id="138" dir="1" index="1" bw="26" slack="0"/>
</pin_list>
<bind>
<opcode="sext(35) " fcode="sext"/>
<opset="sext_ln19/7 "/>
</bind>
</comp>

<comp id="140" class="1004" name="shl_ln2_fu_140">
<pin_list>
<pin id="141" dir="0" index="0" bw="26" slack="0"/>
<pin id="142" dir="0" index="1" bw="16" slack="8"/>
<pin id="143" dir="0" index="2" bw="1" slack="0"/>
<pin id="144" dir="1" index="3" bw="26" slack="0"/>
</pin_list>
<bind>
<opcode="bitconcatenate(1004) " fcode="bitconcatenate"/>
<opset="shl_ln2/9 "/>
</bind>
</comp>

<comp id="147" class="1004" name="trunc_ln_fu_147">
<pin_list>
<pin id="148" dir="0" index="0" bw="16" slack="0"/>
<pin id="149" dir="0" index="1" bw="26" slack="0"/>
<pin id="150" dir="0" index="2" bw="5" slack="0"/>
<pin id="151" dir="0" index="3" bw="6" slack="0"/>
<pin id="152" dir="1" index="4" bw="16" slack="2147483647"/>
</pin_list>
<bind>
<opcode="partselect(1002) " fcode="partselect"/>
<opset="trunc_ln/10 "/>
</bind>
</comp>

<comp id="156" class="1007" name="grp_fu_156">
<pin_list>
<pin id="157" dir="0" index="0" bw="16" slack="0"/>
<pin id="158" dir="0" index="1" bw="16" slack="0"/>
<pin id="159" dir="0" index="2" bw="26" slack="0"/>
<pin id="160" dir="1" index="3" bw="26" slack="0"/>
</pin_list>
<bind>
<opcode="muladd(1172) " fcode="muladd"/>
<opset="mul_ln17/1 add_ln17/3 "/>
</bind>
</comp>

<comp id="165" class="1007" name="grp_fu_165">
<pin_list>
<pin id="166" dir="0" index="0" bw="16" slack="0"/>
<pin id="167" dir="0" index="1" bw="16" slack="3"/>
<pin id="168" dir="0" index="2" bw="26" slack="0"/>
<pin id="169" dir="1" index="3" bw="26" slack="0"/>
</pin_list>
<bind>
<opcode="muladd(1172) " fcode="muladd"/>
<opset="mul_ln18/4 add_ln18/6 "/>
</bind>
</comp>

<comp id="173" class="1007" name="grp_fu_173">
<pin_list>
<pin id="174" dir="0" index="0" bw="16" slack="0"/>
<pin id="175" dir="0" index="1" bw="16" slack="6"/>
<pin id="176" dir="0" index="2" bw="26" slack="0"/>
<pin id="177" dir="1" index="3" bw="26" slack="0"/>
</pin_list>
<bind>
<opcode="muladd(1172) " fcode="muladd"/>
<opset="mul_ln19/7 add_ln19/9 "/>
</bind>
</comp>

<comp id="181" class="1005" name="a0_read_reg_181">
<pin_list>
<pin id="182" dir="0" index="0" bw="16" slack="8"/>
<pin id="183" dir="1" index="1" bw="16" slack="8"/>
</pin_list>
<bind>
<opset="a0_read "/>
</bind>
</comp>

<comp id="186" class="1005" name="a1_read_reg_186">
<pin_list>
<pin id="187" dir="0" index="0" bw="16" slack="5"/>
<pin id="188" dir="1" index="1" bw="16" slack="5"/>
</pin_list>
<bind>
<opset="a1_read "/>
</bind>
</comp>

<comp id="191" class="1005" name="a2_read_reg_191">
<pin_list>
<pin id="192" dir="0" index="0" bw="16" slack="2"/>
<pin id="193" dir="1" index="1" bw="16" slack="2"/>
</pin_list>
<bind>
<opset="a2_read "/>
</bind>
</comp>

<comp id="196" class="1005" name="sext_ln17_reg_196">
<pin_list>
<pin id="197" dir="0" index="0" bw="26" slack="1"/>
<pin id="198" dir="1" index="1" bw="26" slack="1"/>
</pin_list>
<bind>
<opset="sext_ln17 "/>
</bind>
</comp>

<comp id="201" class="1005" name="sext_ln17_1_reg_201">
<pin_list>
<pin id="202" dir="0" index="0" bw="26" slack="1"/>
<pin id="203" dir="1" index="1" bw="26" slack="1"/>
</pin_list>
<bind>
<opset="sext_ln17_1 "/>
</bind>
</comp>

<comp id="208" class="1005" name="shl_ln_reg_208">
<pin_list>
<pin id="209" dir="0" index="0" bw="26" slack="1"/>
<pin id="210" dir="1" index="1" bw="26" slack="1"/>
</pin_list>
<bind>
<opset="shl_ln "/>
</bind>
</comp>

<comp id="213" class="1005" name="sext_ln18_reg_213">
<pin_list>
<pin id="214" dir="0" index="0" bw="26" slack="1"/>
<pin id="215" dir="1" index="1" bw="26" slack="1"/>
</pin_list>
<bind>
<opset="sext_ln18 "/>
</bind>
</comp>

<comp id="218" class="1005" name="shl_ln1_reg_218">
<pin_list>
<pin id="219" dir="0" index="0" bw="26" slack="1"/>
<pin id="220" dir="1" index="1" bw="26" slack="1"/>
</pin_list>
<bind>
<opset="shl_ln1 "/>
</bind>
</comp>

<comp id="223" class="1005" name="sext_ln19_reg_223">
<pin_list>
<pin id="224" dir="0" index="0" bw="26" slack="1"/>
<pin id="225" dir="1" index="1" bw="26" slack="1"/>
</pin_list>
<bind>
<opset="sext_ln19 "/>
</bind>
</comp>

<comp id="228" class="1005" name="shl_ln2_reg_228">
<pin_list>
<pin id="229" dir="0" index="0" bw="26" slack="1"/>
<pin id="230" dir="1" index="1" bw="26" slack="1"/>
</pin_list>
<bind>
<opset="shl_ln2 "/>
</bind>
</comp>

</comp_list>

<net_list>
<net id="66"><net_src comp="10" pin="0"/><net_sink comp="62" pin=0"/></net>

<net id="67"><net_src comp="8" pin="0"/><net_sink comp="62" pin=1"/></net>

<net id="72"><net_src comp="10" pin="0"/><net_sink comp="68" pin=0"/></net>

<net id="73"><net_src comp="6" pin="0"/><net_sink comp="68" pin=1"/></net>

<net id="78"><net_src comp="10" pin="0"/><net_sink comp="74" pin=0"/></net>

<net id="79"><net_src comp="4" pin="0"/><net_sink comp="74" pin=1"/></net>

<net id="84"><net_src comp="10" pin="0"/><net_sink comp="80" pin=0"/></net>

<net id="85"><net_src comp="2" pin="0"/><net_sink comp="80" pin=1"/></net>

<net id="90"><net_src comp="10" pin="0"/><net_sink comp="86" pin=0"/></net>

<net id="91"><net_src comp="0" pin="0"/><net_sink comp="86" pin=1"/></net>

<net id="95"><net_src comp="80" pin="2"/><net_sink comp="92" pin=0"/></net>

<net id="99"><net_src comp="86" pin="2"/><net_sink comp="96" pin=0"/></net>

<net id="105"><net_src comp="12" pin="0"/><net_sink comp="100" pin=0"/></net>

<net id="106"><net_src comp="14" pin="0"/><net_sink comp="100" pin=2"/></net>

<net id="113"><net_src comp="16" pin="0"/><net_sink comp="107" pin=0"/></net>

<net id="114"><net_src comp="18" pin="0"/><net_sink comp="107" pin=2"/></net>

<net id="115"><net_src comp="20" pin="0"/><net_sink comp="107" pin=3"/></net>

<net id="119"><net_src comp="107" pin="4"/><net_sink comp="116" pin=0"/></net>

<net id="125"><net_src comp="12" pin="0"/><net_sink comp="120" pin=0"/></net>

<net id="126"><net_src comp="14" pin="0"/><net_sink comp="120" pin=2"/></net>

<net id="133"><net_src comp="16" pin="0"/><net_sink comp="127" pin=0"/></net>

<net id="134"><net_src comp="18" pin="0"/><net_sink comp="127" pin=2"/></net>

<net id="135"><net_src comp="20" pin="0"/><net_sink comp="127" pin=3"/></net>

<net id="139"><net_src comp="127" pin="4"/><net_sink comp="136" pin=0"/></net>

<net id="145"><net_src comp="12" pin="0"/><net_sink comp="140" pin=0"/></net>

<net id="146"><net_src comp="14" pin="0"/><net_sink comp="140" pin=2"/></net>

<net id="153"><net_src comp="16" pin="0"/><net_sink comp="147" pin=0"/></net>

<net id="154"><net_src comp="18" pin="0"/><net_sink comp="147" pin=2"/></net>

<net id="155"><net_src comp="20" pin="0"/><net_sink comp="147" pin=3"/></net>

<net id="161"><net_src comp="92" pin="1"/><net_sink comp="156" pin=0"/></net>

<net id="162"><net_src comp="96" pin="1"/><net_sink comp="156" pin=1"/></net>

<net id="163"><net_src comp="100" pin="3"/><net_sink comp="156" pin=2"/></net>

<net id="164"><net_src comp="156" pin="3"/><net_sink comp="107" pin=1"/></net>

<net id="170"><net_src comp="116" pin="1"/><net_sink comp="165" pin=0"/></net>

<net id="171"><net_src comp="120" pin="3"/><net_sink comp="165" pin=2"/></net>

<net id="172"><net_src comp="165" pin="3"/><net_sink comp="127" pin=1"/></net>

<net id="178"><net_src comp="136" pin="1"/><net_sink comp="173" pin=0"/></net>

<net id="179"><net_src comp="140" pin="3"/><net_sink comp="173" pin=2"/></net>

<net id="180"><net_src comp="173" pin="3"/><net_sink comp="147" pin=1"/></net>

<net id="184"><net_src comp="62" pin="2"/><net_sink comp="181" pin=0"/></net>

<net id="185"><net_src comp="181" pin="1"/><net_sink comp="140" pin=1"/></net>

<net id="189"><net_src comp="68" pin="2"/><net_sink comp="186" pin=0"/></net>

<net id="190"><net_src comp="186" pin="1"/><net_sink comp="120" pin=1"/></net>

<net id="194"><net_src comp="74" pin="2"/><net_sink comp="191" pin=0"/></net>

<net id="195"><net_src comp="191" pin="1"/><net_sink comp="100" pin=1"/></net>

<net id="199"><net_src comp="92" pin="1"/><net_sink comp="196" pin=0"/></net>

<net id="200"><net_src comp="196" pin="1"/><net_sink comp="156" pin=0"/></net>

<net id="204"><net_src comp="96" pin="1"/><net_sink comp="201" pin=0"/></net>

<net id="205"><net_src comp="201" pin="1"/><net_sink comp="156" pin=1"/></net>

<net id="206"><net_src comp="201" pin="1"/><net_sink comp="165" pin=1"/></net>

<net id="207"><net_src comp="201" pin="1"/><net_sink comp="173" pin=1"/></net>

<net id="211"><net_src comp="100" pin="3"/><net_sink comp="208" pin=0"/></net>

<net id="212"><net_src comp="208" pin="1"/><net_sink comp="156" pin=0"/></net>

<net id="216"><net_src comp="116" pin="1"/><net_sink comp="213" pin=0"/></net>

<net id="217"><net_src comp="213" pin="1"/><net_sink comp="165" pin=0"/></net>

<net id="221"><net_src comp="120" pin="3"/><net_sink comp="218" pin=0"/></net>

<net id="222"><net_src comp="218" pin="1"/><net_sink comp="165" pin=0"/></net>

<net id="226"><net_src comp="136" pin="1"/><net_sink comp="223" pin=0"/></net>

<net id="227"><net_src comp="223" pin="1"/><net_sink comp="173" pin=0"/></net>

<net id="231"><net_src comp="140" pin="3"/><net_sink comp="228" pin=0"/></net>

<net id="232"><net_src comp="228" pin="1"/><net_sink comp="173" pin=0"/></net>

</net_list>

</model> 
---------------- Datapath Model END ------------------

* FSMD analyzer results:
  - Output states:
 - Input state : 
	Port: horner_core_pipeline : x | {1 }
	Port: horner_core_pipeline : a3 | {1 }
	Port: horner_core_pipeline : a2 | {1 }
	Port: horner_core_pipeline : a1 | {1 }
	Port: horner_core_pipeline : a0 | {1 }
  - Chain level:
	State 1
		mul_ln17 : 1
	State 2
	State 3
		add_ln17 : 1
	State 4
		acc0 : 1
		sext_ln18 : 2
		mul_ln18 : 3
	State 5
	State 6
		add_ln18 : 1
	State 7
		acc1 : 1
		sext_ln19 : 2
		mul_ln19 : 3
	State 8
	State 9
		add_ln19 : 1
	State 10
		trunc_ln : 1
		ret_ln19 : 2


============================================================
+ Verbose Summary: Datapath Resource usage 
============================================================

* Functional unit list:
|----------|--------------------|---------|
| Operation|   Functional Unit  |   DSP   |
|----------|--------------------|---------|
|          |     grp_fu_156     |    1    |
|  muladd  |     grp_fu_165     |    1    |
|          |     grp_fu_173     |    1    |
|----------|--------------------|---------|
|          | a0_read_read_fu_62 |    0    |
|          | a1_read_read_fu_68 |    0    |
|   read   | a2_read_read_fu_74 |    0    |
|          | a3_read_read_fu_80 |    0    |
|          |  x_read_read_fu_86 |    0    |
|----------|--------------------|---------|
|          |   sext_ln17_fu_92  |    0    |
|   sext   |  sext_ln17_1_fu_96 |    0    |
|          |  sext_ln18_fu_116  |    0    |
|          |  sext_ln19_fu_136  |    0    |
|----------|--------------------|---------|
|          |    shl_ln_fu_100   |    0    |
|bitconcatenate|   shl_ln1_fu_120   |    0    |
|          |   shl_ln2_fu_140   |    0    |
|----------|--------------------|---------|
|          |     acc0_fu_107    |    0    |
|partselect|     acc1_fu_127    |    0    |
|          |   trunc_ln_fu_147  |    0    |
|----------|--------------------|---------|
|   Total  |                    |    3    |
|----------|--------------------|---------|

Memories:
N/A

* Register list:
+-------------------+--------+
|                   |   FF   |
+-------------------+--------+
|  a0_read_reg_181  |   16   |
|  a1_read_reg_186  |   16   |
|  a2_read_reg_191  |   16   |
|sext_ln17_1_reg_201|   26   |
| sext_ln17_reg_196 |   26   |
| sext_ln18_reg_213 |   26   |
| sext_ln19_reg_223 |   26   |
|  shl_ln1_reg_218  |   26   |
|  shl_ln2_reg_228  |   26   |
|   shl_ln_reg_208  |   26   |
+-------------------+--------+
|       Total       |   230  |
+-------------------+--------+

* Multiplexer (MUX) list: 
|------------|------|------|------|--------||---------||---------|
|    Comp    |  Pin | Size |  BW  | S x BW ||  Delay  ||   LUT   |
|------------|------|------|------|--------||---------||---------|
| grp_fu_156 |  p0  |   3  |  16  |   48   ||    14   |
| grp_fu_156 |  p1  |   2  |  16  |   32   ||    9    |
| grp_fu_165 |  p0  |   3  |  16  |   48   ||    14   |
| grp_fu_173 |  p0  |   3  |  16  |   48   ||    14   |
|------------|------|------|------|--------||---------||---------|
|    Total   |      |      |      |   176  ||  1.855  ||    51   |
|------------|------|------|------|--------||---------||---------|



* Summary:
+-----------+--------+--------+--------+--------+
|           |   DSP  |  Delay |   FF   |   LUT  |
+-----------+--------+--------+--------+--------+
|  Function |    3   |    -   |    -   |    -   |
|   Memory  |    -   |    -   |    -   |    -   |
|Multiplexer|    -   |    1   |    -   |   51   |
|  Register |    -   |    -   |   230  |    -   |
+-----------+--------+--------+--------+--------+
|   Total   |    3   |    1   |   230  |   51   |
+-----------+--------+--------+--------+--------+
