C:\Users\carlo\OneDrive\Documents\Maestria\DAFPGA\Proyecto\Avances\proj_final_FPGA_CAMTA\camta_hls\solution1\.autopilot\db\camta.pp.0.cpp:1329:7: warning: Added loop label VITIS_LOOP_1207_1:   [xilinx-label-all-loops]
      for (i = 0; i < __N - 1; ++i) {
      ^~~
      VITIS_LOOP_1207_1: 
C:\Users\carlo\OneDrive\Documents\Maestria\DAFPGA\Proyecto\Avances\proj_final_FPGA_CAMTA\camta_hls\solution1\.autopilot\db\camta.pp.0.cpp:1329:7: note: FIX-IT applied suggested code changes
C:\Users\carlo\OneDrive\Documents\Maestria\DAFPGA\Proyecto\Avances\proj_final_FPGA_CAMTA\camta_hls\solution1\.autopilot\db\camta.pp.0.cpp:2303:5: warning: Added loop label VITIS_LOOP_676_1:   [xilinx-label-all-loops]
    for (unsigned i = low; i != high; ++i) {
    ^~~
    VITIS_LOOP_676_1: 
C:\Users\carlo\OneDrive\Documents\Maestria\DAFPGA\Proyecto\Avances\proj_final_FPGA_CAMTA\camta_hls\solution1\.autopilot\db\camta.pp.0.cpp:2303:5: note: FIX-IT applied suggested code changes
C:\Users\carlo\OneDrive\Documents\Maestria\DAFPGA\Proyecto\Avances\proj_final_FPGA_CAMTA\camta_hls\solution1\.autopilot\db\camta.pp.0.cpp:2317:5: warning: Added loop label VITIS_LOOP_690_1:   [xilinx-label-all-loops]
    for (unsigned i = low; i != high; ++i) {
    ^~~
    VITIS_LOOP_690_1: 
C:\Users\carlo\OneDrive\Documents\Maestria\DAFPGA\Proyecto\Avances\proj_final_FPGA_CAMTA\camta_hls\solution1\.autopilot\db\camta.pp.0.cpp:2317:5: note: FIX-IT applied suggested code changes
C:\Users\carlo\OneDrive\Documents\Maestria\DAFPGA\Proyecto\Avances\proj_final_FPGA_CAMTA\camta_hls\solution1\.autopilot\db\camta.pp.0.cpp:2331:5: warning: Added loop label VITIS_LOOP_704_1:   [xilinx-label-all-loops]
    for (unsigned i = low; i != high; ++i) {
    ^~~
    VITIS_LOOP_704_1: 
C:\Users\carlo\OneDrive\Documents\Maestria\DAFPGA\Proyecto\Avances\proj_final_FPGA_CAMTA\camta_hls\solution1\.autopilot\db\camta.pp.0.cpp:2331:5: note: FIX-IT applied suggested code changes
C:\Users\carlo\OneDrive\Documents\Maestria\DAFPGA\Proyecto\Avances\proj_final_FPGA_CAMTA\camta_hls\solution1\.autopilot\db\camta.pp.0.cpp:3948:7: warning: Added loop label VITIS_LOOP_1247_1:   [xilinx-label-all-loops]
      for (i = 0; i < __N - 1; ++i) {
      ^~~
      VITIS_LOOP_1247_1: 
C:\Users\carlo\OneDrive\Documents\Maestria\DAFPGA\Proyecto\Avances\proj_final_FPGA_CAMTA\camta_hls\solution1\.autopilot\db\camta.pp.0.cpp:3948:7: note: FIX-IT applied suggested code changes
