

================================================================
== Vitis HLS Report for 'camta'
================================================================
* Date:           Sat Mar 14 19:09:48 2026

* Version:        2023.2 (Build 4023990 on Oct 11 2023)
* Project:        camta_hls
* Solution:       solution1 (Vivado IP Flow Target)
* Product family: zynquplus
* Target device:  xck26-sfvc784-2LV-c


================================================================
== Performance Estimates
================================================================
+ Timing: 
    * Summary: 
    +--------+---------+----------+------------+
    |  Clock |  Target | Estimated| Uncertainty|
    +--------+---------+----------+------------+
    |ap_clk  |  4.00 ns|  2.979 ns|     1.08 ns|
    +--------+---------+----------+------------+

+ Latency: 
    * Summary: 
    +---------+---------+-----------+-----------+-----+-----+---------+
    |  Latency (cycles) |   Latency (absolute)  |  Interval | Pipeline|
    |   min   |   max   |    min    |    max    | min | max |   Type  |
    +---------+---------+-----------+-----------+-----+-----+---------+
    |        7|        7|  28.000 ns|  28.000 ns|    1|    1|      yes|
    +---------+---------+-----------+-----------+-----+-----+---------+

    + Detail: 
        * Instance: 
        +------------------------+-------------+---------+---------+-----------+-----------+-----+-----+---------+
        |                        |             |  Latency (cycles) |   Latency (absolute)  |  Interval | Pipeline|
        |        Instance        |    Module   |   min   |   max   |    min    |    max    | min | max |   Type  |
        +------------------------+-------------+---------+---------+-----------+-----------+-----+-----+---------+
        |grp_horner_core_fu_140  |horner_core  |        5|        5|  20.000 ns|  20.000 ns|    1|    1|      yes|
        +------------------------+-------------+---------+---------+-----------+-----------+-----+-----+---------+

        * Loop: 
        N/A

============================================================
+ Verbose Summary: Synthesis Manager
============================================================
InlineROM: 1
ExposeGlobal: 0
============================================================
+ Verbose Summary: CDFG Model
============================================================
IsTopModel: 1
ResetActiveHigh: 1
IsCombinational: 0
IsDatapathOnly: 0
HasWiredReturn: 1
HasMFsm: 2
HasVarLatency: 0
IsPipeline: 1
IsRtlPipelined: 1
IsInstanceOverlapped: 0
IsDontTouch: 0
HasImplIP: 0
IsGatedGlobalClock: 0

+ Individual pipeline summary: 
  * Pipeline-0: initiation interval (II) = 1, depth = 8


============================================================
+ Verbose Summary: Schedule
============================================================
* Number of FSM states : 8
* Pipeline : 1
  Pipeline-0 : II = 1, D = 8, States = { 1 2 3 4 5 6 7 8 }
* Dataflow Pipeline: 0

* FSM state transitions: 
1 --> 2 
2 --> 3 
3 --> 4 
4 --> 5 
5 --> 6 
6 --> 7 
7 --> 8 
8 --> 

* FSM state operations: 

State 1 <SV = 0> <Delay = 2.07>
ST_1 : Operation 9 [1/1] (0.00ns)   --->   "%a0_r2_read = read i16 @_ssdm_op_Read.ap_auto.i16, i16 %a0_r2" [src/camta.cpp:5]   --->   Operation 9 'read' 'a0_r2_read' <Predicate = true> <Delay = 0.00>
ST_1 : Operation 10 [1/1] (0.00ns)   --->   "%a1_r2_read = read i16 @_ssdm_op_Read.ap_auto.i16, i16 %a1_r2" [src/camta.cpp:5]   --->   Operation 10 'read' 'a1_r2_read' <Predicate = true> <Delay = 0.00>
ST_1 : Operation 11 [1/1] (0.00ns)   --->   "%a2_r2_read = read i16 @_ssdm_op_Read.ap_auto.i16, i16 %a2_r2" [src/camta.cpp:5]   --->   Operation 11 'read' 'a2_r2_read' <Predicate = true> <Delay = 0.00>
ST_1 : Operation 12 [1/1] (0.00ns)   --->   "%a3_r2_read = read i16 @_ssdm_op_Read.ap_auto.i16, i16 %a3_r2" [src/camta.cpp:5]   --->   Operation 12 'read' 'a3_r2_read' <Predicate = true> <Delay = 0.00>
ST_1 : Operation 13 [1/1] (0.00ns)   --->   "%a0_r1_read = read i16 @_ssdm_op_Read.ap_auto.i16, i16 %a0_r1" [src/camta.cpp:5]   --->   Operation 13 'read' 'a0_r1_read' <Predicate = true> <Delay = 0.00>
ST_1 : Operation 14 [1/1] (0.00ns)   --->   "%a1_r1_read = read i16 @_ssdm_op_Read.ap_auto.i16, i16 %a1_r1" [src/camta.cpp:5]   --->   Operation 14 'read' 'a1_r1_read' <Predicate = true> <Delay = 0.00>
ST_1 : Operation 15 [1/1] (0.00ns)   --->   "%a2_r1_read = read i16 @_ssdm_op_Read.ap_auto.i16, i16 %a2_r1" [src/camta.cpp:5]   --->   Operation 15 'read' 'a2_r1_read' <Predicate = true> <Delay = 0.00>
ST_1 : Operation 16 [1/1] (0.00ns)   --->   "%a3_r1_read = read i16 @_ssdm_op_Read.ap_auto.i16, i16 %a3_r1" [src/camta.cpp:5]   --->   Operation 16 'read' 'a3_r1_read' <Predicate = true> <Delay = 0.00>
ST_1 : Operation 17 [1/1] (0.00ns)   --->   "%a0_r0_read = read i16 @_ssdm_op_Read.ap_auto.i16, i16 %a0_r0" [src/camta.cpp:5]   --->   Operation 17 'read' 'a0_r0_read' <Predicate = true> <Delay = 0.00>
ST_1 : Operation 18 [1/1] (0.00ns)   --->   "%a1_r0_read = read i16 @_ssdm_op_Read.ap_auto.i16, i16 %a1_r0" [src/camta.cpp:5]   --->   Operation 18 'read' 'a1_r0_read' <Predicate = true> <Delay = 0.00>
ST_1 : Operation 19 [1/1] (0.00ns)   --->   "%a2_r0_read = read i16 @_ssdm_op_Read.ap_auto.i16, i16 %a2_r0" [src/camta.cpp:5]   --->   Operation 19 'read' 'a2_r0_read' <Predicate = true> <Delay = 0.00>
ST_1 : Operation 20 [1/1] (0.00ns)   --->   "%a3_r0_read = read i16 @_ssdm_op_Read.ap_auto.i16, i16 %a3_r0" [src/camta.cpp:5]   --->   Operation 20 'read' 'a3_r0_read' <Predicate = true> <Delay = 0.00>
ST_1 : Operation 21 [1/1] (0.00ns)   --->   "%L_read = read i16 @_ssdm_op_Read.ap_auto.i16, i16 %L" [src/camta.cpp:5]   --->   Operation 21 'read' 'L_read' <Predicate = true> <Delay = 0.00>
ST_1 : Operation 22 [1/1] (0.00ns)   --->   "%x_read = read i16 @_ssdm_op_Read.ap_auto.i16, i16 %x" [src/camta.cpp:5]   --->   Operation 22 'read' 'x_read' <Predicate = true> <Delay = 0.00>
ST_1 : Operation 23 [1/1] (0.00ns)   --->   "%sext_ln17 = sext i16 %L_read" [src/camta.cpp:17]   --->   Operation 23 'sext' 'sext_ln17' <Predicate = true> <Delay = 0.00>
ST_1 : Operation 24 [1/1] (0.85ns)   --->   "%sub_ln17 = sub i17 0, i17 %sext_ln17" [src/camta.cpp:17]   --->   Operation 24 'sub' 'sub_ln17' <Predicate = true> <Delay = 0.85> <CoreInst = "Adder">   --->   Core 1 'Adder' <Latency = 0> <II = 1> <Delay = 0.85> <FuncUnit> <Opcode : 'add' 'sub'> <InPorts = 2> <OutPorts = 1>
ST_1 : Operation 25 [1/1] (0.00ns)   --->   "%sext_ln17_1 = sext i16 %x_read" [src/camta.cpp:17]   --->   Operation 25 'sext' 'sext_ln17_1' <Predicate = true> <Delay = 0.00>
ST_1 : Operation 26 [1/1] (0.86ns)   --->   "%icmp_ln17 = icmp_slt  i17 %sext_ln17_1, i17 %sub_ln17" [src/camta.cpp:17]   --->   Operation 26 'icmp' 'icmp_ln17' <Predicate = true> <Delay = 0.86> <CoreInst = "Cmp">   --->   Core 9 'Cmp' <Latency = 0> <II = 1> <Delay = 0.86> <FuncUnit> <Opcode : 'icmp'> <InPorts = 2> <OutPorts = 1>
ST_1 : Operation 27 [1/1] (0.85ns)   --->   "%icmp_ln20 = icmp_sgt  i16 %x_read, i16 %L_read" [src/camta.cpp:20]   --->   Operation 27 'icmp' 'icmp_ln20' <Predicate = true> <Delay = 0.85> <CoreInst = "Cmp">   --->   Core 9 'Cmp' <Latency = 0> <II = 1> <Delay = 0.85> <FuncUnit> <Opcode : 'icmp'> <InPorts = 2> <OutPorts = 1>
ST_1 : Operation 28 [1/1] (0.00ns) (grouped into LUT with out node a3)   --->   "%select_ln20 = select i1 %icmp_ln20, i16 %a3_r2_read, i16 %a3_r1_read" [src/camta.cpp:20]   --->   Operation 28 'select' 'select_ln20' <Predicate = true> <Delay = 0.00> <CoreInst = "Sel">   --->   Core 73 'Sel' <Latency = 0> <II = 1> <Delay = 0.35> <FuncUnit> <Opcode : 'select'> <InPorts = 3> <OutPorts = 1>
ST_1 : Operation 29 [1/1] (0.00ns) (grouped into LUT with out node a2)   --->   "%select_ln20_1 = select i1 %icmp_ln20, i16 %a2_r2_read, i16 %a2_r1_read" [src/camta.cpp:20]   --->   Operation 29 'select' 'select_ln20_1' <Predicate = true> <Delay = 0.00> <CoreInst = "Sel">   --->   Core 73 'Sel' <Latency = 0> <II = 1> <Delay = 0.35> <FuncUnit> <Opcode : 'select'> <InPorts = 3> <OutPorts = 1>
ST_1 : Operation 30 [1/1] (0.00ns) (grouped into LUT with out node a1)   --->   "%select_ln20_2 = select i1 %icmp_ln20, i16 %a1_r2_read, i16 %a1_r1_read" [src/camta.cpp:20]   --->   Operation 30 'select' 'select_ln20_2' <Predicate = true> <Delay = 0.00> <CoreInst = "Sel">   --->   Core 73 'Sel' <Latency = 0> <II = 1> <Delay = 0.35> <FuncUnit> <Opcode : 'select'> <InPorts = 3> <OutPorts = 1>
ST_1 : Operation 31 [1/1] (0.00ns) (grouped into LUT with out node a0)   --->   "%select_ln20_3 = select i1 %icmp_ln20, i16 %a0_r2_read, i16 %a0_r1_read" [src/camta.cpp:20]   --->   Operation 31 'select' 'select_ln20_3' <Predicate = true> <Delay = 0.00> <CoreInst = "Sel">   --->   Core 73 'Sel' <Latency = 0> <II = 1> <Delay = 0.35> <FuncUnit> <Opcode : 'select'> <InPorts = 3> <OutPorts = 1>
ST_1 : Operation 32 [1/1] (0.35ns) (out node of the LUT)   --->   "%a3 = select i1 %icmp_ln17, i16 %a3_r0_read, i16 %select_ln20" [src/camta.cpp:17]   --->   Operation 32 'select' 'a3' <Predicate = true> <Delay = 0.35> <CoreInst = "Sel">   --->   Core 73 'Sel' <Latency = 0> <II = 1> <Delay = 0.35> <FuncUnit> <Opcode : 'select'> <InPorts = 3> <OutPorts = 1>
ST_1 : Operation 33 [1/1] (0.35ns) (out node of the LUT)   --->   "%a2 = select i1 %icmp_ln17, i16 %a2_r0_read, i16 %select_ln20_1" [src/camta.cpp:17]   --->   Operation 33 'select' 'a2' <Predicate = true> <Delay = 0.35> <CoreInst = "Sel">   --->   Core 73 'Sel' <Latency = 0> <II = 1> <Delay = 0.35> <FuncUnit> <Opcode : 'select'> <InPorts = 3> <OutPorts = 1>
ST_1 : Operation 34 [1/1] (0.35ns) (out node of the LUT)   --->   "%a1 = select i1 %icmp_ln17, i16 %a1_r0_read, i16 %select_ln20_2" [src/camta.cpp:17]   --->   Operation 34 'select' 'a1' <Predicate = true> <Delay = 0.35> <CoreInst = "Sel">   --->   Core 73 'Sel' <Latency = 0> <II = 1> <Delay = 0.35> <FuncUnit> <Opcode : 'select'> <InPorts = 3> <OutPorts = 1>
ST_1 : Operation 35 [1/1] (0.35ns) (out node of the LUT)   --->   "%a0 = select i1 %icmp_ln17, i16 %a0_r0_read, i16 %select_ln20_3" [src/camta.cpp:17]   --->   Operation 35 'select' 'a0' <Predicate = true> <Delay = 0.35> <CoreInst = "Sel">   --->   Core 73 'Sel' <Latency = 0> <II = 1> <Delay = 0.35> <FuncUnit> <Opcode : 'select'> <InPorts = 3> <OutPorts = 1>

State 2 <SV = 1> <Delay = 2.72>
ST_2 : Operation 36 [7/7] (2.72ns)   --->   "%call_ret = call i16 @horner_core, i16 %x_read, i16 %a3, i16 %a2, i16 %a1, i16 %a0" [src/camta.cpp:27]   --->   Operation 36 'call' 'call_ret' <Predicate = true> <Delay = 2.72> <CoreType = "Generic">   --->   Core 0 '' <Latency = 0> <II = 1> <Delay = 1.00> <Generic> <Opcode : >

State 3 <SV = 2> <Delay = 2.97>
ST_3 : Operation 37 [6/7] (2.97ns)   --->   "%call_ret = call i16 @horner_core, i16 %x_read, i16 %a3, i16 %a2, i16 %a1, i16 %a0" [src/camta.cpp:27]   --->   Operation 37 'call' 'call_ret' <Predicate = true> <Delay = 2.97> <CoreType = "Generic">   --->   Core 0 '' <Latency = 0> <II = 1> <Delay = 1.00> <Generic> <Opcode : >

State 4 <SV = 3> <Delay = 2.97>
ST_4 : Operation 38 [5/7] (2.97ns)   --->   "%call_ret = call i16 @horner_core, i16 %x_read, i16 %a3, i16 %a2, i16 %a1, i16 %a0" [src/camta.cpp:27]   --->   Operation 38 'call' 'call_ret' <Predicate = true> <Delay = 2.97> <CoreType = "Generic">   --->   Core 0 '' <Latency = 0> <II = 1> <Delay = 1.00> <Generic> <Opcode : >

State 5 <SV = 4> <Delay = 2.97>
ST_5 : Operation 39 [4/7] (2.97ns)   --->   "%call_ret = call i16 @horner_core, i16 %x_read, i16 %a3, i16 %a2, i16 %a1, i16 %a0" [src/camta.cpp:27]   --->   Operation 39 'call' 'call_ret' <Predicate = true> <Delay = 2.97> <CoreType = "Generic">   --->   Core 0 '' <Latency = 0> <II = 1> <Delay = 1.00> <Generic> <Opcode : >

State 6 <SV = 5> <Delay = 2.97>
ST_6 : Operation 40 [3/7] (2.97ns)   --->   "%call_ret = call i16 @horner_core, i16 %x_read, i16 %a3, i16 %a2, i16 %a1, i16 %a0" [src/camta.cpp:27]   --->   Operation 40 'call' 'call_ret' <Predicate = true> <Delay = 2.97> <CoreType = "Generic">   --->   Core 0 '' <Latency = 0> <II = 1> <Delay = 1.00> <Generic> <Opcode : >

State 7 <SV = 6> <Delay = 2.97>
ST_7 : Operation 41 [2/7] (2.97ns)   --->   "%call_ret = call i16 @horner_core, i16 %x_read, i16 %a3, i16 %a2, i16 %a1, i16 %a0" [src/camta.cpp:27]   --->   Operation 41 'call' 'call_ret' <Predicate = true> <Delay = 2.97> <CoreType = "Generic">   --->   Core 0 '' <Latency = 0> <II = 1> <Delay = 1.00> <Generic> <Opcode : >

State 8 <SV = 7> <Delay = 0.89>
ST_8 : Operation 42 [1/1] (0.00ns)   --->   "%specbitsmap_ln0 = specbitsmap void @_ssdm_op_SpecBitsMap, i16 0"   --->   Operation 42 'specbitsmap' 'specbitsmap_ln0' <Predicate = true> <Delay = 0.00>
ST_8 : Operation 43 [1/1] (0.00ns)   --->   "%specpipeline_ln13 = specpipeline void @_ssdm_op_SpecPipeline, i32 1, i32 0, i32 0, i32 0, void @empty_3" [src/camta.cpp:13]   --->   Operation 43 'specpipeline' 'specpipeline_ln13' <Predicate = true> <Delay = 0.00>
ST_8 : Operation 44 [1/1] (0.00ns)   --->   "%spectopmodule_ln4 = spectopmodule void @_ssdm_op_SpecTopModule, void @empty_4" [src/camta.cpp:4]   --->   Operation 44 'spectopmodule' 'spectopmodule_ln4' <Predicate = true> <Delay = 0.00>
ST_8 : Operation 45 [1/1] (0.00ns)   --->   "%specbitsmap_ln0 = specbitsmap void @_ssdm_op_SpecBitsMap, i16 %x"   --->   Operation 45 'specbitsmap' 'specbitsmap_ln0' <Predicate = true> <Delay = 0.00>
ST_8 : Operation 46 [1/1] (0.00ns)   --->   "%specinterface_ln0 = specinterface void @_ssdm_op_SpecInterface, i16 %x, void @empty_2, i32 0, i32 0, void @empty_3, i32 0, i32 0, void @empty_3, void @empty_3, void @empty_3, i32 0, i32 0, i32 0, i32 0, void @empty_3, void @empty_3, i32 4294967295, i32 0"   --->   Operation 46 'specinterface' 'specinterface_ln0' <Predicate = true> <Delay = 0.00>
ST_8 : Operation 47 [1/1] (0.00ns)   --->   "%specbitsmap_ln0 = specbitsmap void @_ssdm_op_SpecBitsMap, i16 %L"   --->   Operation 47 'specbitsmap' 'specbitsmap_ln0' <Predicate = true> <Delay = 0.00>
ST_8 : Operation 48 [1/1] (0.00ns)   --->   "%specinterface_ln0 = specinterface void @_ssdm_op_SpecInterface, i16 %L, void @empty_2, i32 0, i32 0, void @empty_3, i32 0, i32 0, void @empty_3, void @empty_3, void @empty_3, i32 0, i32 0, i32 0, i32 0, void @empty_3, void @empty_3, i32 4294967295, i32 0"   --->   Operation 48 'specinterface' 'specinterface_ln0' <Predicate = true> <Delay = 0.00>
ST_8 : Operation 49 [1/1] (0.00ns)   --->   "%specbitsmap_ln0 = specbitsmap void @_ssdm_op_SpecBitsMap, i16 %a3_r0"   --->   Operation 49 'specbitsmap' 'specbitsmap_ln0' <Predicate = true> <Delay = 0.00>
ST_8 : Operation 50 [1/1] (0.00ns)   --->   "%specinterface_ln0 = specinterface void @_ssdm_op_SpecInterface, i16 %a3_r0, void @empty_2, i32 0, i32 0, void @empty_3, i32 0, i32 0, void @empty_3, void @empty_3, void @empty_3, i32 0, i32 0, i32 0, i32 0, void @empty_3, void @empty_3, i32 4294967295, i32 0"   --->   Operation 50 'specinterface' 'specinterface_ln0' <Predicate = true> <Delay = 0.00>
ST_8 : Operation 51 [1/1] (0.00ns)   --->   "%specbitsmap_ln0 = specbitsmap void @_ssdm_op_SpecBitsMap, i16 %a2_r0"   --->   Operation 51 'specbitsmap' 'specbitsmap_ln0' <Predicate = true> <Delay = 0.00>
ST_8 : Operation 52 [1/1] (0.00ns)   --->   "%specinterface_ln0 = specinterface void @_ssdm_op_SpecInterface, i16 %a2_r0, void @empty_2, i32 0, i32 0, void @empty_3, i32 0, i32 0, void @empty_3, void @empty_3, void @empty_3, i32 0, i32 0, i32 0, i32 0, void @empty_3, void @empty_3, i32 4294967295, i32 0"   --->   Operation 52 'specinterface' 'specinterface_ln0' <Predicate = true> <Delay = 0.00>
ST_8 : Operation 53 [1/1] (0.00ns)   --->   "%specbitsmap_ln0 = specbitsmap void @_ssdm_op_SpecBitsMap, i16 %a1_r0"   --->   Operation 53 'specbitsmap' 'specbitsmap_ln0' <Predicate = true> <Delay = 0.00>
ST_8 : Operation 54 [1/1] (0.00ns)   --->   "%specinterface_ln0 = specinterface void @_ssdm_op_SpecInterface, i16 %a1_r0, void @empty_2, i32 0, i32 0, void @empty_3, i32 0, i32 0, void @empty_3, void @empty_3, void @empty_3, i32 0, i32 0, i32 0, i32 0, void @empty_3, void @empty_3, i32 4294967295, i32 0"   --->   Operation 54 'specinterface' 'specinterface_ln0' <Predicate = true> <Delay = 0.00>
ST_8 : Operation 55 [1/1] (0.00ns)   --->   "%specbitsmap_ln0 = specbitsmap void @_ssdm_op_SpecBitsMap, i16 %a0_r0"   --->   Operation 55 'specbitsmap' 'specbitsmap_ln0' <Predicate = true> <Delay = 0.00>
ST_8 : Operation 56 [1/1] (0.00ns)   --->   "%specinterface_ln0 = specinterface void @_ssdm_op_SpecInterface, i16 %a0_r0, void @empty_2, i32 0, i32 0, void @empty_3, i32 0, i32 0, void @empty_3, void @empty_3, void @empty_3, i32 0, i32 0, i32 0, i32 0, void @empty_3, void @empty_3, i32 4294967295, i32 0"   --->   Operation 56 'specinterface' 'specinterface_ln0' <Predicate = true> <Delay = 0.00>
ST_8 : Operation 57 [1/1] (0.00ns)   --->   "%specbitsmap_ln0 = specbitsmap void @_ssdm_op_SpecBitsMap, i16 %a3_r1"   --->   Operation 57 'specbitsmap' 'specbitsmap_ln0' <Predicate = true> <Delay = 0.00>
ST_8 : Operation 58 [1/1] (0.00ns)   --->   "%specinterface_ln0 = specinterface void @_ssdm_op_SpecInterface, i16 %a3_r1, void @empty_2, i32 0, i32 0, void @empty_3, i32 0, i32 0, void @empty_3, void @empty_3, void @empty_3, i32 0, i32 0, i32 0, i32 0, void @empty_3, void @empty_3, i32 4294967295, i32 0"   --->   Operation 58 'specinterface' 'specinterface_ln0' <Predicate = true> <Delay = 0.00>
ST_8 : Operation 59 [1/1] (0.00ns)   --->   "%specbitsmap_ln0 = specbitsmap void @_ssdm_op_SpecBitsMap, i16 %a2_r1"   --->   Operation 59 'specbitsmap' 'specbitsmap_ln0' <Predicate = true> <Delay = 0.00>
ST_8 : Operation 60 [1/1] (0.00ns)   --->   "%specinterface_ln0 = specinterface void @_ssdm_op_SpecInterface, i16 %a2_r1, void @empty_2, i32 0, i32 0, void @empty_3, i32 0, i32 0, void @empty_3, void @empty_3, void @empty_3, i32 0, i32 0, i32 0, i32 0, void @empty_3, void @empty_3, i32 4294967295, i32 0"   --->   Operation 60 'specinterface' 'specinterface_ln0' <Predicate = true> <Delay = 0.00>
ST_8 : Operation 61 [1/1] (0.00ns)   --->   "%specbitsmap_ln0 = specbitsmap void @_ssdm_op_SpecBitsMap, i16 %a1_r1"   --->   Operation 61 'specbitsmap' 'specbitsmap_ln0' <Predicate = true> <Delay = 0.00>
ST_8 : Operation 62 [1/1] (0.00ns)   --->   "%specinterface_ln0 = specinterface void @_ssdm_op_SpecInterface, i16 %a1_r1, void @empty_2, i32 0, i32 0, void @empty_3, i32 0, i32 0, void @empty_3, void @empty_3, void @empty_3, i32 0, i32 0, i32 0, i32 0, void @empty_3, void @empty_3, i32 4294967295, i32 0"   --->   Operation 62 'specinterface' 'specinterface_ln0' <Predicate = true> <Delay = 0.00>
ST_8 : Operation 63 [1/1] (0.00ns)   --->   "%specbitsmap_ln0 = specbitsmap void @_ssdm_op_SpecBitsMap, i16 %a0_r1"   --->   Operation 63 'specbitsmap' 'specbitsmap_ln0' <Predicate = true> <Delay = 0.00>
ST_8 : Operation 64 [1/1] (0.00ns)   --->   "%specinterface_ln0 = specinterface void @_ssdm_op_SpecInterface, i16 %a0_r1, void @empty_2, i32 0, i32 0, void @empty_3, i32 0, i32 0, void @empty_3, void @empty_3, void @empty_3, i32 0, i32 0, i32 0, i32 0, void @empty_3, void @empty_3, i32 4294967295, i32 0"   --->   Operation 64 'specinterface' 'specinterface_ln0' <Predicate = true> <Delay = 0.00>
ST_8 : Operation 65 [1/1] (0.00ns)   --->   "%specbitsmap_ln0 = specbitsmap void @_ssdm_op_SpecBitsMap, i16 %a3_r2"   --->   Operation 65 'specbitsmap' 'specbitsmap_ln0' <Predicate = true> <Delay = 0.00>
ST_8 : Operation 66 [1/1] (0.00ns)   --->   "%specinterface_ln0 = specinterface void @_ssdm_op_SpecInterface, i16 %a3_r2, void @empty_2, i32 0, i32 0, void @empty_3, i32 0, i32 0, void @empty_3, void @empty_3, void @empty_3, i32 0, i32 0, i32 0, i32 0, void @empty_3, void @empty_3, i32 4294967295, i32 0"   --->   Operation 66 'specinterface' 'specinterface_ln0' <Predicate = true> <Delay = 0.00>
ST_8 : Operation 67 [1/1] (0.00ns)   --->   "%specbitsmap_ln0 = specbitsmap void @_ssdm_op_SpecBitsMap, i16 %a2_r2"   --->   Operation 67 'specbitsmap' 'specbitsmap_ln0' <Predicate = true> <Delay = 0.00>
ST_8 : Operation 68 [1/1] (0.00ns)   --->   "%specinterface_ln0 = specinterface void @_ssdm_op_SpecInterface, i16 %a2_r2, void @empty_2, i32 0, i32 0, void @empty_3, i32 0, i32 0, void @empty_3, void @empty_3, void @empty_3, i32 0, i32 0, i32 0, i32 0, void @empty_3, void @empty_3, i32 4294967295, i32 0"   --->   Operation 68 'specinterface' 'specinterface_ln0' <Predicate = true> <Delay = 0.00>
ST_8 : Operation 69 [1/1] (0.00ns)   --->   "%specbitsmap_ln0 = specbitsmap void @_ssdm_op_SpecBitsMap, i16 %a1_r2"   --->   Operation 69 'specbitsmap' 'specbitsmap_ln0' <Predicate = true> <Delay = 0.00>
ST_8 : Operation 70 [1/1] (0.00ns)   --->   "%specinterface_ln0 = specinterface void @_ssdm_op_SpecInterface, i16 %a1_r2, void @empty_2, i32 0, i32 0, void @empty_3, i32 0, i32 0, void @empty_3, void @empty_3, void @empty_3, i32 0, i32 0, i32 0, i32 0, void @empty_3, void @empty_3, i32 4294967295, i32 0"   --->   Operation 70 'specinterface' 'specinterface_ln0' <Predicate = true> <Delay = 0.00>
ST_8 : Operation 71 [1/1] (0.00ns)   --->   "%specbitsmap_ln0 = specbitsmap void @_ssdm_op_SpecBitsMap, i16 %a0_r2"   --->   Operation 71 'specbitsmap' 'specbitsmap_ln0' <Predicate = true> <Delay = 0.00>
ST_8 : Operation 72 [1/1] (0.00ns)   --->   "%specinterface_ln0 = specinterface void @_ssdm_op_SpecInterface, i16 %a0_r2, void @empty_2, i32 0, i32 0, void @empty_3, i32 0, i32 0, void @empty_3, void @empty_3, void @empty_3, i32 0, i32 0, i32 0, i32 0, void @empty_3, void @empty_3, i32 4294967295, i32 0"   --->   Operation 72 'specinterface' 'specinterface_ln0' <Predicate = true> <Delay = 0.00>
ST_8 : Operation 73 [1/7] (0.89ns)   --->   "%call_ret = call i16 @horner_core, i16 %x_read, i16 %a3, i16 %a2, i16 %a1, i16 %a0" [src/camta.cpp:27]   --->   Operation 73 'call' 'call_ret' <Predicate = true> <Delay = 0.89> <CoreType = "Generic">   --->   Core 0 '' <Latency = 0> <II = 1> <Delay = 1.00> <Generic> <Opcode : >
ST_8 : Operation 74 [1/1] (0.00ns)   --->   "%ret_ln28 = ret i16 %call_ret" [src/camta.cpp:28]   --->   Operation 74 'ret' 'ret_ln28' <Predicate = true> <Delay = 0.00>


============================================================
+ Verbose Summary: Binding
============================================================
STG Binding: 
---------------- STG Properties BEGIN ----------------
- Is combinational: 0
- Is one-state seq: 0
- Is datapath-only: 0
- Is pipelined: 1
- Is top level: 1
Port [ Return ] is wired: 1; IO mode=ap_ctrl_hs:ce=0
Port [ x]:  wired=1; compound=0; hidden=0; nouse=0; global=0; static=0; extern=0; dir=0; type=0; pingpong=0; private_global=0; IO mode=ap_none:ce=0
Port [ L]:  wired=1; compound=0; hidden=0; nouse=0; global=0; static=0; extern=0; dir=0; type=0; pingpong=0; private_global=0; IO mode=ap_none:ce=0
Port [ a3_r0]:  wired=1; compound=0; hidden=0; nouse=0; global=0; static=0; extern=0; dir=0; type=0; pingpong=0; private_global=0; IO mode=ap_none:ce=0
Port [ a2_r0]:  wired=1; compound=0; hidden=0; nouse=0; global=0; static=0; extern=0; dir=0; type=0; pingpong=0; private_global=0; IO mode=ap_none:ce=0
Port [ a1_r0]:  wired=1; compound=0; hidden=0; nouse=0; global=0; static=0; extern=0; dir=0; type=0; pingpong=0; private_global=0; IO mode=ap_none:ce=0
Port [ a0_r0]:  wired=1; compound=0; hidden=0; nouse=0; global=0; static=0; extern=0; dir=0; type=0; pingpong=0; private_global=0; IO mode=ap_none:ce=0
Port [ a3_r1]:  wired=1; compound=0; hidden=0; nouse=0; global=0; static=0; extern=0; dir=0; type=0; pingpong=0; private_global=0; IO mode=ap_none:ce=0
Port [ a2_r1]:  wired=1; compound=0; hidden=0; nouse=0; global=0; static=0; extern=0; dir=0; type=0; pingpong=0; private_global=0; IO mode=ap_none:ce=0
Port [ a1_r1]:  wired=1; compound=0; hidden=0; nouse=0; global=0; static=0; extern=0; dir=0; type=0; pingpong=0; private_global=0; IO mode=ap_none:ce=0
Port [ a0_r1]:  wired=1; compound=0; hidden=0; nouse=0; global=0; static=0; extern=0; dir=0; type=0; pingpong=0; private_global=0; IO mode=ap_none:ce=0
Port [ a3_r2]:  wired=1; compound=0; hidden=0; nouse=0; global=0; static=0; extern=0; dir=0; type=0; pingpong=0; private_global=0; IO mode=ap_none:ce=0
Port [ a2_r2]:  wired=1; compound=0; hidden=0; nouse=0; global=0; static=0; extern=0; dir=0; type=0; pingpong=0; private_global=0; IO mode=ap_none:ce=0
Port [ a1_r2]:  wired=1; compound=0; hidden=0; nouse=0; global=0; static=0; extern=0; dir=0; type=0; pingpong=0; private_global=0; IO mode=ap_none:ce=0
Port [ a0_r2]:  wired=1; compound=0; hidden=0; nouse=0; global=0; static=0; extern=0; dir=0; type=0; pingpong=0; private_global=0; IO mode=ap_none:ce=0
---------------- STG Properties END ------------------

---------------- Datapath Model BEGIN ----------------

<LifeTime>
<method=bitvector/>
a0_r2_read        (read         ) [ 000000000]
a1_r2_read        (read         ) [ 000000000]
a2_r2_read        (read         ) [ 000000000]
a3_r2_read        (read         ) [ 000000000]
a0_r1_read        (read         ) [ 000000000]
a1_r1_read        (read         ) [ 000000000]
a2_r1_read        (read         ) [ 000000000]
a3_r1_read        (read         ) [ 000000000]
a0_r0_read        (read         ) [ 000000000]
a1_r0_read        (read         ) [ 000000000]
a2_r0_read        (read         ) [ 000000000]
a3_r0_read        (read         ) [ 000000000]
L_read            (read         ) [ 000000000]
x_read            (read         ) [ 011111111]
sext_ln17         (sext         ) [ 000000000]
sub_ln17          (sub          ) [ 000000000]
sext_ln17_1       (sext         ) [ 000000000]
icmp_ln17         (icmp         ) [ 000000000]
icmp_ln20         (icmp         ) [ 000000000]
select_ln20       (select       ) [ 000000000]
select_ln20_1     (select       ) [ 000000000]
select_ln20_2     (select       ) [ 000000000]
select_ln20_3     (select       ) [ 000000000]
a3                (select       ) [ 011111111]
a2                (select       ) [ 011111111]
a1                (select       ) [ 011111111]
a0                (select       ) [ 011111111]
specbitsmap_ln0   (specbitsmap  ) [ 000000000]
specpipeline_ln13 (specpipeline ) [ 000000000]
spectopmodule_ln4 (spectopmodule) [ 000000000]
specbitsmap_ln0   (specbitsmap  ) [ 000000000]
specinterface_ln0 (specinterface) [ 000000000]
specbitsmap_ln0   (specbitsmap  ) [ 000000000]
specinterface_ln0 (specinterface) [ 000000000]
specbitsmap_ln0   (specbitsmap  ) [ 000000000]
specinterface_ln0 (specinterface) [ 000000000]
specbitsmap_ln0   (specbitsmap  ) [ 000000000]
specinterface_ln0 (specinterface) [ 000000000]
specbitsmap_ln0   (specbitsmap  ) [ 000000000]
specinterface_ln0 (specinterface) [ 000000000]
specbitsmap_ln0   (specbitsmap  ) [ 000000000]
specinterface_ln0 (specinterface) [ 000000000]
specbitsmap_ln0   (specbitsmap  ) [ 000000000]
specinterface_ln0 (specinterface) [ 000000000]
specbitsmap_ln0   (specbitsmap  ) [ 000000000]
specinterface_ln0 (specinterface) [ 000000000]
specbitsmap_ln0   (specbitsmap  ) [ 000000000]
specinterface_ln0 (specinterface) [ 000000000]
specbitsmap_ln0   (specbitsmap  ) [ 000000000]
specinterface_ln0 (specinterface) [ 000000000]
specbitsmap_ln0   (specbitsmap  ) [ 000000000]
specinterface_ln0 (specinterface) [ 000000000]
specbitsmap_ln0   (specbitsmap  ) [ 000000000]
specinterface_ln0 (specinterface) [ 000000000]
specbitsmap_ln0   (specbitsmap  ) [ 000000000]
specinterface_ln0 (specinterface) [ 000000000]
specbitsmap_ln0   (specbitsmap  ) [ 000000000]
specinterface_ln0 (specinterface) [ 000000000]
call_ret          (call         ) [ 000000000]
ret_ln28          (ret          ) [ 000000000]
</LifeTime>

<model>

<comp_list>
<comp id="0" class="1000" name="x">
<pin_list>
<pin id="1" dir="1" index="0" bw="1" slack="0"/>
</pin_list>
<bind>
<StgValue><ssdm name="x"/></StgValue>
</bind>
</comp>

<comp id="2" class="1000" name="L">
<pin_list>
<pin id="3" dir="1" index="0" bw="1" slack="0"/>
</pin_list>
<bind>
<StgValue><ssdm name="L"/></StgValue>
</bind>
</comp>

<comp id="4" class="1000" name="a3_r0">
<pin_list>
<pin id="5" dir="1" index="0" bw="1" slack="0"/>
</pin_list>
<bind>
<StgValue><ssdm name="a3_r0"/></StgValue>
</bind>
</comp>

<comp id="6" class="1000" name="a2_r0">
<pin_list>
<pin id="7" dir="1" index="0" bw="1" slack="0"/>
</pin_list>
<bind>
<StgValue><ssdm name="a2_r0"/></StgValue>
</bind>
</comp>

<comp id="8" class="1000" name="a1_r0">
<pin_list>
<pin id="9" dir="1" index="0" bw="1" slack="0"/>
</pin_list>
<bind>
<StgValue><ssdm name="a1_r0"/></StgValue>
</bind>
</comp>

<comp id="10" class="1000" name="a0_r0">
<pin_list>
<pin id="11" dir="1" index="0" bw="1" slack="0"/>
</pin_list>
<bind>
<StgValue><ssdm name="a0_r0"/></StgValue>
</bind>
</comp>

<comp id="12" class="1000" name="a3_r1">
<pin_list>
<pin id="13" dir="1" index="0" bw="1" slack="0"/>
</pin_list>
<bind>
<StgValue><ssdm name="a3_r1"/></StgValue>
</bind>
</comp>

<comp id="14" class="1000" name="a2_r1">
<pin_list>
<pin id="15" dir="1" index="0" bw="1" slack="0"/>
</pin_list>
<bind>
<StgValue><ssdm name="a2_r1"/></StgValue>
</bind>
</comp>

<comp id="16" class="1000" name="a1_r1">
<pin_list>
<pin id="17" dir="1" index="0" bw="1" slack="0"/>
</pin_list>
<bind>
<StgValue><ssdm name="a1_r1"/></StgValue>
</bind>
</comp>

<comp id="18" class="1000" name="a0_r1">
<pin_list>
<pin id="19" dir="1" index="0" bw="1" slack="0"/>
</pin_list>
<bind>
<StgValue><ssdm name="a0_r1"/></StgValue>
</bind>
</comp>

<comp id="20" class="1000" name="a3_r2">
<pin_list>
<pin id="21" dir="1" index="0" bw="1" slack="0"/>
</pin_list>
<bind>
<StgValue><ssdm name="a3_r2"/></StgValue>
</bind>
</comp>

<comp id="22" class="1000" name="a2_r2">
<pin_list>
<pin id="23" dir="1" index="0" bw="1" slack="0"/>
</pin_list>
<bind>
<StgValue><ssdm name="a2_r2"/></StgValue>
</bind>
</comp>

<comp id="24" class="1000" name="a1_r2">
<pin_list>
<pin id="25" dir="1" index="0" bw="1" slack="0"/>
</pin_list>
<bind>
<StgValue><ssdm name="a1_r2"/></StgValue>
</bind>
</comp>

<comp id="26" class="1000" name="a0_r2">
<pin_list>
<pin id="27" dir="1" index="0" bw="1" slack="0"/>
</pin_list>
<bind>
<StgValue><ssdm name="a0_r2"/></StgValue>
</bind>
</comp>

<comp id="28" class="1001" name="const_28">
<pin_list>
<pin id="29" dir="1" index="0" bw="1" slack="0"/>
</pin_list>
<bind>
<StgValue><ssdm name="_ssdm_op_Read.ap_auto.i16"/></StgValue>
</bind>
</comp>

<comp id="30" class="1001" name="const_30">
<pin_list>
<pin id="31" dir="1" index="0" bw="1" slack="0"/>
</pin_list>
<bind>
<StgValue><ssdm name=""/></StgValue>
</bind>
</comp>

<comp id="32" class="1001" name="const_32">
<pin_list>
<pin id="33" dir="1" index="0" bw="1" slack="0"/>
</pin_list>
<bind>
<StgValue><ssdm name="horner_core"/></StgValue>
</bind>
</comp>

<comp id="34" class="1001" name="const_34">
<pin_list>
<pin id="35" dir="1" index="0" bw="1" slack="2147483647"/>
</pin_list>
<bind>
<StgValue><ssdm name="_ssdm_op_SpecBitsMap"/></StgValue>
</bind>
</comp>

<comp id="36" class="1001" name="const_36">
<pin_list>
<pin id="37" dir="1" index="0" bw="1" slack="2147483647"/>
</pin_list>
<bind>
<StgValue><ssdm name=""/></StgValue>
</bind>
</comp>

<comp id="38" class="1001" name="const_38">
<pin_list>
<pin id="39" dir="1" index="0" bw="1" slack="2147483647"/>
</pin_list>
<bind>
<StgValue><ssdm name="_ssdm_op_SpecPipeline"/></StgValue>
</bind>
</comp>

<comp id="40" class="1001" name="const_40">
<pin_list>
<pin id="41" dir="1" index="0" bw="1" slack="2147483647"/>
</pin_list>
<bind>
<StgValue><ssdm name=""/></StgValue>
</bind>
</comp>

<comp id="42" class="1001" name="const_42">
<pin_list>
<pin id="43" dir="1" index="0" bw="1" slack="2147483647"/>
</pin_list>
<bind>
<StgValue><ssdm name=""/></StgValue>
</bind>
</comp>

<comp id="44" class="1001" name="const_44">
<pin_list>
<pin id="45" dir="1" index="0" bw="1" slack="2147483647"/>
</pin_list>
<bind>
<StgValue><ssdm name="empty_3"/></StgValue>
</bind>
</comp>

<comp id="46" class="1001" name="const_46">
<pin_list>
<pin id="47" dir="1" index="0" bw="1" slack="2147483647"/>
</pin_list>
<bind>
<StgValue><ssdm name="_ssdm_op_SpecTopModule"/></StgValue>
</bind>
</comp>

<comp id="48" class="1001" name="const_48">
<pin_list>
<pin id="49" dir="1" index="0" bw="1" slack="2147483647"/>
</pin_list>
<bind>
<StgValue><ssdm name="empty_4"/></StgValue>
</bind>
</comp>

<comp id="50" class="1001" name="const_50">
<pin_list>
<pin id="51" dir="1" index="0" bw="1" slack="2147483647"/>
</pin_list>
<bind>
<StgValue><ssdm name="_ssdm_op_SpecInterface"/></StgValue>
</bind>
</comp>

<comp id="52" class="1001" name="const_52">
<pin_list>
<pin id="53" dir="1" index="0" bw="1" slack="2147483647"/>
</pin_list>
<bind>
<StgValue><ssdm name="empty_2"/></StgValue>
</bind>
</comp>

<comp id="54" class="1001" name="const_54">
<pin_list>
<pin id="55" dir="1" index="0" bw="1" slack="2147483647"/>
</pin_list>
<bind>
<StgValue><ssdm name=""/></StgValue>
</bind>
</comp>

<comp id="56" class="1004" name="a0_r2_read_read_fu_56">
<pin_list>
<pin id="57" dir="0" index="0" bw="16" slack="0"/>
<pin id="58" dir="0" index="1" bw="16" slack="0"/>
<pin id="59" dir="1" index="2" bw="16" slack="0"/>
</pin_list>
<bind>
<opcode="read(1150) " fcode="read"/>
<opset="a0_r2_read/1 "/>
</bind>
</comp>

<comp id="62" class="1004" name="a1_r2_read_read_fu_62">
<pin_list>
<pin id="63" dir="0" index="0" bw="16" slack="0"/>
<pin id="64" dir="0" index="1" bw="16" slack="0"/>
<pin id="65" dir="1" index="2" bw="16" slack="0"/>
</pin_list>
<bind>
<opcode="read(1150) " fcode="read"/>
<opset="a1_r2_read/1 "/>
</bind>
</comp>

<comp id="68" class="1004" name="a2_r2_read_read_fu_68">
<pin_list>
<pin id="69" dir="0" index="0" bw="16" slack="0"/>
<pin id="70" dir="0" index="1" bw="16" slack="0"/>
<pin id="71" dir="1" index="2" bw="16" slack="0"/>
</pin_list>
<bind>
<opcode="read(1150) " fcode="read"/>
<opset="a2_r2_read/1 "/>
</bind>
</comp>

<comp id="74" class="1004" name="a3_r2_read_read_fu_74">
<pin_list>
<pin id="75" dir="0" index="0" bw="16" slack="0"/>
<pin id="76" dir="0" index="1" bw="16" slack="0"/>
<pin id="77" dir="1" index="2" bw="16" slack="0"/>
</pin_list>
<bind>
<opcode="read(1150) " fcode="read"/>
<opset="a3_r2_read/1 "/>
</bind>
</comp>

<comp id="80" class="1004" name="a0_r1_read_read_fu_80">
<pin_list>
<pin id="81" dir="0" index="0" bw="16" slack="0"/>
<pin id="82" dir="0" index="1" bw="16" slack="0"/>
<pin id="83" dir="1" index="2" bw="16" slack="0"/>
</pin_list>
<bind>
<opcode="read(1150) " fcode="read"/>
<opset="a0_r1_read/1 "/>
</bind>
</comp>

<comp id="86" class="1004" name="a1_r1_read_read_fu_86">
<pin_list>
<pin id="87" dir="0" index="0" bw="16" slack="0"/>
<pin id="88" dir="0" index="1" bw="16" slack="0"/>
<pin id="89" dir="1" index="2" bw="16" slack="0"/>
</pin_list>
<bind>
<opcode="read(1150) " fcode="read"/>
<opset="a1_r1_read/1 "/>
</bind>
</comp>

<comp id="92" class="1004" name="a2_r1_read_read_fu_92">
<pin_list>
<pin id="93" dir="0" index="0" bw="16" slack="0"/>
<pin id="94" dir="0" index="1" bw="16" slack="0"/>
<pin id="95" dir="1" index="2" bw="16" slack="0"/>
</pin_list>
<bind>
<opcode="read(1150) " fcode="read"/>
<opset="a2_r1_read/1 "/>
</bind>
</comp>

<comp id="98" class="1004" name="a3_r1_read_read_fu_98">
<pin_list>
<pin id="99" dir="0" index="0" bw="16" slack="0"/>
<pin id="100" dir="0" index="1" bw="16" slack="0"/>
<pin id="101" dir="1" index="2" bw="16" slack="0"/>
</pin_list>
<bind>
<opcode="read(1150) " fcode="read"/>
<opset="a3_r1_read/1 "/>
</bind>
</comp>

<comp id="104" class="1004" name="a0_r0_read_read_fu_104">
<pin_list>
<pin id="105" dir="0" index="0" bw="16" slack="0"/>
<pin id="106" dir="0" index="1" bw="16" slack="0"/>
<pin id="107" dir="1" index="2" bw="16" slack="0"/>
</pin_list>
<bind>
<opcode="read(1150) " fcode="read"/>
<opset="a0_r0_read/1 "/>
</bind>
</comp>

<comp id="110" class="1004" name="a1_r0_read_read_fu_110">
<pin_list>
<pin id="111" dir="0" index="0" bw="16" slack="0"/>
<pin id="112" dir="0" index="1" bw="16" slack="0"/>
<pin id="113" dir="1" index="2" bw="16" slack="0"/>
</pin_list>
<bind>
<opcode="read(1150) " fcode="read"/>
<opset="a1_r0_read/1 "/>
</bind>
</comp>

<comp id="116" class="1004" name="a2_r0_read_read_fu_116">
<pin_list>
<pin id="117" dir="0" index="0" bw="16" slack="0"/>
<pin id="118" dir="0" index="1" bw="16" slack="0"/>
<pin id="119" dir="1" index="2" bw="16" slack="0"/>
</pin_list>
<bind>
<opcode="read(1150) " fcode="read"/>
<opset="a2_r0_read/1 "/>
</bind>
</comp>

<comp id="122" class="1004" name="a3_r0_read_read_fu_122">
<pin_list>
<pin id="123" dir="0" index="0" bw="16" slack="0"/>
<pin id="124" dir="0" index="1" bw="16" slack="0"/>
<pin id="125" dir="1" index="2" bw="16" slack="0"/>
</pin_list>
<bind>
<opcode="read(1150) " fcode="read"/>
<opset="a3_r0_read/1 "/>
</bind>
</comp>

<comp id="128" class="1004" name="L_read_read_fu_128">
<pin_list>
<pin id="129" dir="0" index="0" bw="16" slack="0"/>
<pin id="130" dir="0" index="1" bw="16" slack="0"/>
<pin id="131" dir="1" index="2" bw="16" slack="0"/>
</pin_list>
<bind>
<opcode="read(1150) " fcode="read"/>
<opset="L_read/1 "/>
</bind>
</comp>

<comp id="134" class="1004" name="x_read_read_fu_134">
<pin_list>
<pin id="135" dir="0" index="0" bw="16" slack="0"/>
<pin id="136" dir="0" index="1" bw="16" slack="0"/>
<pin id="137" dir="1" index="2" bw="16" slack="0"/>
</pin_list>
<bind>
<opcode="read(1150) " fcode="read"/>
<opset="x_read/1 "/>
</bind>
</comp>

<comp id="140" class="1004" name="grp_horner_core_fu_140">
<pin_list>
<pin id="141" dir="0" index="0" bw="16" slack="0"/>
<pin id="142" dir="0" index="1" bw="16" slack="1"/>
<pin id="143" dir="0" index="2" bw="16" slack="1"/>
<pin id="144" dir="0" index="3" bw="16" slack="1"/>
<pin id="145" dir="0" index="4" bw="16" slack="1"/>
<pin id="146" dir="0" index="5" bw="16" slack="1"/>
<pin id="147" dir="1" index="6" bw="16" slack="2147483647"/>
</pin_list>
<bind>
<opcode="call(48) " fcode="call"/>
<opset="call_ret/2 "/>
</bind>
</comp>

<comp id="149" class="1004" name="sext_ln17_fu_149">
<pin_list>
<pin id="150" dir="0" index="0" bw="16" slack="0"/>
<pin id="151" dir="1" index="1" bw="17" slack="0"/>
</pin_list>
<bind>
<opcode="sext(35) " fcode="sext"/>
<opset="sext_ln17/1 "/>
</bind>
</comp>

<comp id="153" class="1004" name="sub_ln17_fu_153">
<pin_list>
<pin id="154" dir="0" index="0" bw="1" slack="0"/>
<pin id="155" dir="0" index="1" bw="16" slack="0"/>
<pin id="156" dir="1" index="2" bw="17" slack="0"/>
</pin_list>
<bind>
<opcode="sub(10) " fcode="sub"/>
<opset="sub_ln17/1 "/>
</bind>
</comp>

<comp id="159" class="1004" name="sext_ln17_1_fu_159">
<pin_list>
<pin id="160" dir="0" index="0" bw="16" slack="0"/>
<pin id="161" dir="1" index="1" bw="17" slack="0"/>
</pin_list>
<bind>
<opcode="sext(35) " fcode="sext"/>
<opset="sext_ln17_1/1 "/>
</bind>
</comp>

<comp id="163" class="1004" name="icmp_ln17_fu_163">
<pin_list>
<pin id="164" dir="0" index="0" bw="16" slack="0"/>
<pin id="165" dir="0" index="1" bw="17" slack="0"/>
<pin id="166" dir="1" index="2" bw="1" slack="0"/>
</pin_list>
<bind>
<opcode="icmp(45) " fcode="icmp"/>
<opset="icmp_ln17/1 "/>
</bind>
</comp>

<comp id="169" class="1004" name="icmp_ln20_fu_169">
<pin_list>
<pin id="170" dir="0" index="0" bw="16" slack="0"/>
<pin id="171" dir="0" index="1" bw="16" slack="0"/>
<pin id="172" dir="1" index="2" bw="1" slack="0"/>
</pin_list>
<bind>
<opcode="icmp(45) " fcode="icmp"/>
<opset="icmp_ln20/1 "/>
</bind>
</comp>

<comp id="175" class="1004" name="select_ln20_fu_175">
<pin_list>
<pin id="176" dir="0" index="0" bw="1" slack="0"/>
<pin id="177" dir="0" index="1" bw="16" slack="0"/>
<pin id="178" dir="0" index="2" bw="16" slack="0"/>
<pin id="179" dir="1" index="3" bw="16" slack="0"/>
</pin_list>
<bind>
<opcode="select(49) " fcode="select"/>
<opset="select_ln20/1 "/>
</bind>
</comp>

<comp id="183" class="1004" name="select_ln20_1_fu_183">
<pin_list>
<pin id="184" dir="0" index="0" bw="1" slack="0"/>
<pin id="185" dir="0" index="1" bw="16" slack="0"/>
<pin id="186" dir="0" index="2" bw="16" slack="0"/>
<pin id="187" dir="1" index="3" bw="16" slack="0"/>
</pin_list>
<bind>
<opcode="select(49) " fcode="select"/>
<opset="select_ln20_1/1 "/>
</bind>
</comp>

<comp id="191" class="1004" name="select_ln20_2_fu_191">
<pin_list>
<pin id="192" dir="0" index="0" bw="1" slack="0"/>
<pin id="193" dir="0" index="1" bw="16" slack="0"/>
<pin id="194" dir="0" index="2" bw="16" slack="0"/>
<pin id="195" dir="1" index="3" bw="16" slack="0"/>
</pin_list>
<bind>
<opcode="select(49) " fcode="select"/>
<opset="select_ln20_2/1 "/>
</bind>
</comp>

<comp id="199" class="1004" name="select_ln20_3_fu_199">
<pin_list>
<pin id="200" dir="0" index="0" bw="1" slack="0"/>
<pin id="201" dir="0" index="1" bw="16" slack="0"/>
<pin id="202" dir="0" index="2" bw="16" slack="0"/>
<pin id="203" dir="1" index="3" bw="16" slack="0"/>
</pin_list>
<bind>
<opcode="select(49) " fcode="select"/>
<opset="select_ln20_3/1 "/>
</bind>
</comp>

<comp id="207" class="1004" name="a3_fu_207">
<pin_list>
<pin id="208" dir="0" index="0" bw="1" slack="0"/>
<pin id="209" dir="0" index="1" bw="16" slack="0"/>
<pin id="210" dir="0" index="2" bw="16" slack="0"/>
<pin id="211" dir="1" index="3" bw="16" slack="1"/>
</pin_list>
<bind>
<opcode="select(49) " fcode="select"/>
<opset="a3/1 "/>
</bind>
</comp>

<comp id="215" class="1004" name="a2_fu_215">
<pin_list>
<pin id="216" dir="0" index="0" bw="1" slack="0"/>
<pin id="217" dir="0" index="1" bw="16" slack="0"/>
<pin id="218" dir="0" index="2" bw="16" slack="0"/>
<pin id="219" dir="1" index="3" bw="16" slack="1"/>
</pin_list>
<bind>
<opcode="select(49) " fcode="select"/>
<opset="a2/1 "/>
</bind>
</comp>

<comp id="223" class="1004" name="a1_fu_223">
<pin_list>
<pin id="224" dir="0" index="0" bw="1" slack="0"/>
<pin id="225" dir="0" index="1" bw="16" slack="0"/>
<pin id="226" dir="0" index="2" bw="16" slack="0"/>
<pin id="227" dir="1" index="3" bw="16" slack="1"/>
</pin_list>
<bind>
<opcode="select(49) " fcode="select"/>
<opset="a1/1 "/>
</bind>
</comp>

<comp id="231" class="1004" name="a0_fu_231">
<pin_list>
<pin id="232" dir="0" index="0" bw="1" slack="0"/>
<pin id="233" dir="0" index="1" bw="16" slack="0"/>
<pin id="234" dir="0" index="2" bw="16" slack="0"/>
<pin id="235" dir="1" index="3" bw="16" slack="1"/>
</pin_list>
<bind>
<opcode="select(49) " fcode="select"/>
<opset="a0/1 "/>
</bind>
</comp>

<comp id="239" class="1005" name="x_read_reg_239">
<pin_list>
<pin id="240" dir="0" index="0" bw="16" slack="1"/>
<pin id="241" dir="1" index="1" bw="16" slack="1"/>
</pin_list>
<bind>
<opset="x_read "/>
</bind>
</comp>

<comp id="244" class="1005" name="a3_reg_244">
<pin_list>
<pin id="245" dir="0" index="0" bw="16" slack="1"/>
<pin id="246" dir="1" index="1" bw="16" slack="1"/>
</pin_list>
<bind>
<opset="a3 "/>
</bind>
</comp>

<comp id="249" class="1005" name="a2_reg_249">
<pin_list>
<pin id="250" dir="0" index="0" bw="16" slack="1"/>
<pin id="251" dir="1" index="1" bw="16" slack="1"/>
</pin_list>
<bind>
<opset="a2 "/>
</bind>
</comp>

<comp id="254" class="1005" name="a1_reg_254">
<pin_list>
<pin id="255" dir="0" index="0" bw="16" slack="1"/>
<pin id="256" dir="1" index="1" bw="16" slack="1"/>
</pin_list>
<bind>
<opset="a1 "/>
</bind>
</comp>

<comp id="259" class="1005" name="a0_reg_259">
<pin_list>
<pin id="260" dir="0" index="0" bw="16" slack="1"/>
<pin id="261" dir="1" index="1" bw="16" slack="1"/>
</pin_list>
<bind>
<opset="a0 "/>
</bind>
</comp>

</comp_list>

<net_list>
<net id="60"><net_src comp="28" pin="0"/><net_sink comp="56" pin=0"/></net>

<net id="61"><net_src comp="26" pin="0"/><net_sink comp="56" pin=1"/></net>

<net id="66"><net_src comp="28" pin="0"/><net_sink comp="62" pin=0"/></net>

<net id="67"><net_src comp="24" pin="0"/><net_sink comp="62" pin=1"/></net>

<net id="72"><net_src comp="28" pin="0"/><net_sink comp="68" pin=0"/></net>

<net id="73"><net_src comp="22" pin="0"/><net_sink comp="68" pin=1"/></net>

<net id="78"><net_src comp="28" pin="0"/><net_sink comp="74" pin=0"/></net>

<net id="79"><net_src comp="20" pin="0"/><net_sink comp="74" pin=1"/></net>

<net id="84"><net_src comp="28" pin="0"/><net_sink comp="80" pin=0"/></net>

<net id="85"><net_src comp="18" pin="0"/><net_sink comp="80" pin=1"/></net>

<net id="90"><net_src comp="28" pin="0"/><net_sink comp="86" pin=0"/></net>

<net id="91"><net_src comp="16" pin="0"/><net_sink comp="86" pin=1"/></net>

<net id="96"><net_src comp="28" pin="0"/><net_sink comp="92" pin=0"/></net>

<net id="97"><net_src comp="14" pin="0"/><net_sink comp="92" pin=1"/></net>

<net id="102"><net_src comp="28" pin="0"/><net_sink comp="98" pin=0"/></net>

<net id="103"><net_src comp="12" pin="0"/><net_sink comp="98" pin=1"/></net>

<net id="108"><net_src comp="28" pin="0"/><net_sink comp="104" pin=0"/></net>

<net id="109"><net_src comp="10" pin="0"/><net_sink comp="104" pin=1"/></net>

<net id="114"><net_src comp="28" pin="0"/><net_sink comp="110" pin=0"/></net>

<net id="115"><net_src comp="8" pin="0"/><net_sink comp="110" pin=1"/></net>

<net id="120"><net_src comp="28" pin="0"/><net_sink comp="116" pin=0"/></net>

<net id="121"><net_src comp="6" pin="0"/><net_sink comp="116" pin=1"/></net>

<net id="126"><net_src comp="28" pin="0"/><net_sink comp="122" pin=0"/></net>

<net id="127"><net_src comp="4" pin="0"/><net_sink comp="122" pin=1"/></net>

<net id="132"><net_src comp="28" pin="0"/><net_sink comp="128" pin=0"/></net>

<net id="133"><net_src comp="2" pin="0"/><net_sink comp="128" pin=1"/></net>

<net id="138"><net_src comp="28" pin="0"/><net_sink comp="134" pin=0"/></net>

<net id="139"><net_src comp="0" pin="0"/><net_sink comp="134" pin=1"/></net>

<net id="148"><net_src comp="32" pin="0"/><net_sink comp="140" pin=0"/></net>

<net id="152"><net_src comp="128" pin="2"/><net_sink comp="149" pin=0"/></net>

<net id="157"><net_src comp="30" pin="0"/><net_sink comp="153" pin=0"/></net>

<net id="158"><net_src comp="149" pin="1"/><net_sink comp="153" pin=1"/></net>

<net id="162"><net_src comp="134" pin="2"/><net_sink comp="159" pin=0"/></net>

<net id="167"><net_src comp="159" pin="1"/><net_sink comp="163" pin=0"/></net>

<net id="168"><net_src comp="153" pin="2"/><net_sink comp="163" pin=1"/></net>

<net id="173"><net_src comp="134" pin="2"/><net_sink comp="169" pin=0"/></net>

<net id="174"><net_src comp="128" pin="2"/><net_sink comp="169" pin=1"/></net>

<net id="180"><net_src comp="169" pin="2"/><net_sink comp="175" pin=0"/></net>

<net id="181"><net_src comp="74" pin="2"/><net_sink comp="175" pin=1"/></net>

<net id="182"><net_src comp="98" pin="2"/><net_sink comp="175" pin=2"/></net>

<net id="188"><net_src comp="169" pin="2"/><net_sink comp="183" pin=0"/></net>

<net id="189"><net_src comp="68" pin="2"/><net_sink comp="183" pin=1"/></net>

<net id="190"><net_src comp="92" pin="2"/><net_sink comp="183" pin=2"/></net>

<net id="196"><net_src comp="169" pin="2"/><net_sink comp="191" pin=0"/></net>

<net id="197"><net_src comp="62" pin="2"/><net_sink comp="191" pin=1"/></net>

<net id="198"><net_src comp="86" pin="2"/><net_sink comp="191" pin=2"/></net>

<net id="204"><net_src comp="169" pin="2"/><net_sink comp="199" pin=0"/></net>

<net id="205"><net_src comp="56" pin="2"/><net_sink comp="199" pin=1"/></net>

<net id="206"><net_src comp="80" pin="2"/><net_sink comp="199" pin=2"/></net>

<net id="212"><net_src comp="163" pin="2"/><net_sink comp="207" pin=0"/></net>

<net id="213"><net_src comp="122" pin="2"/><net_sink comp="207" pin=1"/></net>

<net id="214"><net_src comp="175" pin="3"/><net_sink comp="207" pin=2"/></net>

<net id="220"><net_src comp="163" pin="2"/><net_sink comp="215" pin=0"/></net>

<net id="221"><net_src comp="116" pin="2"/><net_sink comp="215" pin=1"/></net>

<net id="222"><net_src comp="183" pin="3"/><net_sink comp="215" pin=2"/></net>

<net id="228"><net_src comp="163" pin="2"/><net_sink comp="223" pin=0"/></net>

<net id="229"><net_src comp="110" pin="2"/><net_sink comp="223" pin=1"/></net>

<net id="230"><net_src comp="191" pin="3"/><net_sink comp="223" pin=2"/></net>

<net id="236"><net_src comp="163" pin="2"/><net_sink comp="231" pin=0"/></net>

<net id="237"><net_src comp="104" pin="2"/><net_sink comp="231" pin=1"/></net>

<net id="238"><net_src comp="199" pin="3"/><net_sink comp="231" pin=2"/></net>

<net id="242"><net_src comp="134" pin="2"/><net_sink comp="239" pin=0"/></net>

<net id="243"><net_src comp="239" pin="1"/><net_sink comp="140" pin=1"/></net>

<net id="247"><net_src comp="207" pin="3"/><net_sink comp="244" pin=0"/></net>

<net id="248"><net_src comp="244" pin="1"/><net_sink comp="140" pin=2"/></net>

<net id="252"><net_src comp="215" pin="3"/><net_sink comp="249" pin=0"/></net>

<net id="253"><net_src comp="249" pin="1"/><net_sink comp="140" pin=3"/></net>

<net id="257"><net_src comp="223" pin="3"/><net_sink comp="254" pin=0"/></net>

<net id="258"><net_src comp="254" pin="1"/><net_sink comp="140" pin=4"/></net>

<net id="262"><net_src comp="231" pin="3"/><net_sink comp="259" pin=0"/></net>

<net id="263"><net_src comp="259" pin="1"/><net_sink comp="140" pin=5"/></net>

</net_list>

</model> 
---------------- Datapath Model END ------------------

* FSMD analyzer results:
  - Output states:
 - Input state : 
	Port: camta : x | {1 }
	Port: camta : L | {1 }
	Port: camta : a3_r0 | {1 }
	Port: camta : a2_r0 | {1 }
	Port: camta : a1_r0 | {1 }
	Port: camta : a0_r0 | {1 }
	Port: camta : a3_r1 | {1 }
	Port: camta : a2_r1 | {1 }
	Port: camta : a1_r1 | {1 }
	Port: camta : a0_r1 | {1 }
	Port: camta : a3_r2 | {1 }
	Port: camta : a2_r2 | {1 }
	Port: camta : a1_r2 | {1 }
	Port: camta : a0_r2 | {1 }
  - Chain level:
	State 1
		sub_ln17 : 1
		icmp_ln17 : 2
		select_ln20 : 1
		select_ln20_1 : 1
		select_ln20_2 : 1
		select_ln20_3 : 1
		a3 : 3
		a2 : 3
		a1 : 3
		a0 : 3
	State 2
	State 3
	State 4
	State 5
	State 6
	State 7
	State 8
		ret_ln28 : 1


============================================================
+ Verbose Summary: Datapath Resource usage 
============================================================

* Functional unit list:
|----------|------------------------|---------|---------|---------|
| Operation|     Functional Unit    |   DSP   |    FF   |   LUT   |
|----------|------------------------|---------|---------|---------|
|   call   | grp_horner_core_fu_140 |    0    |   220   |   1883  |
|----------|------------------------|---------|---------|---------|
|          |   select_ln20_fu_175   |    0    |    0    |    16   |
|          |  select_ln20_1_fu_183  |    0    |    0    |    16   |
|          |  select_ln20_2_fu_191  |    0    |    0    |    16   |
|  select  |  select_ln20_3_fu_199  |    0    |    0    |    16   |
|          |        a3_fu_207       |    0    |    0    |    16   |
|          |        a2_fu_215       |    0    |    0    |    16   |
|          |        a1_fu_223       |    0    |    0    |    16   |
|          |        a0_fu_231       |    0    |    0    |    16   |
|----------|------------------------|---------|---------|---------|
|   icmp   |    icmp_ln17_fu_163    |    0    |    0    |    24   |
|          |    icmp_ln20_fu_169    |    0    |    0    |    23   |
|----------|------------------------|---------|---------|---------|
|    sub   |     sub_ln17_fu_153    |    0    |    0    |    23   |
|----------|------------------------|---------|---------|---------|
|          |  a0_r2_read_read_fu_56 |    0    |    0    |    0    |
|          |  a1_r2_read_read_fu_62 |    0    |    0    |    0    |
|          |  a2_r2_read_read_fu_68 |    0    |    0    |    0    |
|          |  a3_r2_read_read_fu_74 |    0    |    0    |    0    |
|          |  a0_r1_read_read_fu_80 |    0    |    0    |    0    |
|          |  a1_r1_read_read_fu_86 |    0    |    0    |    0    |
|   read   |  a2_r1_read_read_fu_92 |    0    |    0    |    0    |
|          |  a3_r1_read_read_fu_98 |    0    |    0    |    0    |
|          | a0_r0_read_read_fu_104 |    0    |    0    |    0    |
|          | a1_r0_read_read_fu_110 |    0    |    0    |    0    |
|          | a2_r0_read_read_fu_116 |    0    |    0    |    0    |
|          | a3_r0_read_read_fu_122 |    0    |    0    |    0    |
|          |   L_read_read_fu_128   |    0    |    0    |    0    |
|          |   x_read_read_fu_134   |    0    |    0    |    0    |
|----------|------------------------|---------|---------|---------|
|   sext   |    sext_ln17_fu_149    |    0    |    0    |    0    |
|          |   sext_ln17_1_fu_159   |    0    |    0    |    0    |
|----------|------------------------|---------|---------|---------|
|   Total  |                        |    0    |   220   |   2081  |
|----------|------------------------|---------|---------|---------|

Memories:
N/A

* Register list:
+--------------+--------+
|              |   FF   |
+--------------+--------+
|  a0_reg_259  |   16   |
|  a1_reg_254  |   16   |
|  a2_reg_249  |   16   |
|  a3_reg_244  |   16   |
|x_read_reg_239|   16   |
+--------------+--------+
|     Total    |   80   |
+--------------+--------+

* Multiplexer (MUX) list: 
|--------|------|------|------|--------|
|  Comp  |  Pin | Size |  BW  | S x BW |
|--------|------|------|------|--------|
|  Total |      |      |      |    0   |
|--------|------|------|------|--------|



* Summary:
+-----------+--------+--------+--------+
|           |   DSP  |   FF   |   LUT  |
+-----------+--------+--------+--------+
|  Function |    0   |   220  |  2081  |
|   Memory  |    -   |    -   |    -   |
|Multiplexer|    -   |    -   |    -   |
|  Register |    -   |   80   |    -   |
+-----------+--------+--------+--------+
|   Total   |    0   |   300  |  2081  |
+-----------+--------+--------+--------+
