

================================================================
== Vitis HLS Report for 'horner_core'
================================================================
* Date:           Sat Mar 14 19:09:48 2026

* Version:        2023.2 (Build 4023990 on Oct 11 2023)
* Project:        camta_hls
* Solution:       solution1 (Vivado IP Flow Target)
* Product family: zynquplus
* Target device:  xck26-sfvc784-2LV-c


================================================================
== Performance Estimates
================================================================
+ Timing: 
    * Summary: 
    +--------+---------+----------+------------+
    |  Clock |  Target | Estimated| Uncertainty|
    +--------+---------+----------+------------+
    |ap_clk  |  4.00 ns|  2.979 ns|     1.08 ns|
    +--------+---------+----------+------------+

+ Latency: 
    * Summary: 
    +---------+---------+-----------+-----------+-----+-----+---------+
    |  Latency (cycles) |   Latency (absolute)  |  Interval | Pipeline|
    |   min   |   max   |    min    |    max    | min | max |   Type  |
    +---------+---------+-----------+-----------+-----+-----+---------+
    |        5|        5|  20.000 ns|  20.000 ns|    1|    1|      yes|
    +---------+---------+-----------+-----------+-----+-----+---------+

    + Detail: 
        * Instance: 
        N/A

        * Loop: 
        N/A

============================================================
+ Verbose Summary: Synthesis Manager
============================================================
InlineROM: 1
ExposeGlobal: 0
============================================================
+ Verbose Summary: CDFG Model
============================================================
IsTopModel: 0
ResetActiveHigh: 1
IsCombinational: 0
IsDatapathOnly: 0
HasWiredReturn: 1
HasMFsm: 2
HasVarLatency: 0
IsPipeline: 1
IsRtlPipelined: 1
IsInstanceOverlapped: 0
IsDontTouch: 0
HasImplIP: 0
IsGatedGlobalClock: 0

+ Individual pipeline summary: 
  * Pipeline-0: initiation interval (II) = 1, depth = 6


============================================================
+ Verbose Summary: Schedule
============================================================
* Number of FSM states : 6
* Pipeline : 1
  Pipeline-0 : II = 1, D = 6, States = { 1 2 3 4 5 6 }
* Dataflow Pipeline: 0

* FSM state transitions: 
1 --> 2 
2 --> 3 
3 --> 4 
4 --> 5 
5 --> 6 
6 --> 

* FSM state operations: 

State 1 <SV = 0> <Delay = 2.72>
ST_1 : Operation 7 [1/1] (0.00ns)   --->   "%a0_val_read = read i16 @_ssdm_op_Read.ap_auto.i16, i16 %a0_val" [src/horner_core.cpp:11]   --->   Operation 7 'read' 'a0_val_read' <Predicate = true> <Delay = 0.00>
ST_1 : Operation 8 [1/1] (0.00ns)   --->   "%a1_val_read = read i16 @_ssdm_op_Read.ap_auto.i16, i16 %a1_val" [src/horner_core.cpp:11]   --->   Operation 8 'read' 'a1_val_read' <Predicate = true> <Delay = 0.00>
ST_1 : Operation 9 [1/1] (0.00ns)   --->   "%a2_val_read = read i16 @_ssdm_op_Read.ap_auto.i16, i16 %a2_val" [src/horner_core.cpp:11]   --->   Operation 9 'read' 'a2_val_read' <Predicate = true> <Delay = 0.00>
ST_1 : Operation 10 [1/1] (0.00ns)   --->   "%a3_val_read = read i16 @_ssdm_op_Read.ap_auto.i16, i16 %a3_val" [src/horner_core.cpp:11]   --->   Operation 10 'read' 'a3_val_read' <Predicate = true> <Delay = 0.00>
ST_1 : Operation 11 [1/1] (0.00ns)   --->   "%x_val_read = read i16 @_ssdm_op_Read.ap_auto.i16, i16 %x_val" [src/horner_core.cpp:11]   --->   Operation 11 'read' 'x_val_read' <Predicate = true> <Delay = 0.00>
ST_1 : Operation 12 [1/1] (0.00ns)   --->   "%acc = bitconcatenate i20 @_ssdm_op_BitConcatenate.i20.i16.i4, i16 %a3_val_read, i4 0" [src/horner_core.cpp:11]   --->   Operation 12 'bitconcatenate' 'acc' <Predicate = true> <Delay = 0.00>
ST_1 : Operation 13 [1/1] (0.00ns)   --->   "%sext_ln14 = sext i20 %acc" [src/horner_core.cpp:14]   --->   Operation 13 'sext' 'sext_ln14' <Predicate = true> <Delay = 0.00>
ST_1 : Operation 14 [1/1] (0.00ns)   --->   "%sext_ln14_2 = sext i16 %x_val_read" [src/horner_core.cpp:14]   --->   Operation 14 'sext' 'sext_ln14_2' <Predicate = true> <Delay = 0.00>
ST_1 : Operation 15 [1/1] (2.72ns)   --->   "%mul_ln14 = mul i36 %sext_ln14, i36 %sext_ln14_2" [src/horner_core.cpp:14]   --->   Operation 15 'mul' 'mul_ln14' <Predicate = true> <Delay = 2.72> <CoreInst = "Mul_LUT">   --->   Core 4 'Mul_LUT' <Latency = 0> <II = 1> <Delay = 2.72> <FuncUnit> <Opcode : 'mul'> <InPorts = 2> <OutPorts = 1>
ST_1 : Operation 16 [1/1] (0.00ns)   --->   "%specfucore_ln13 = specfucore void @_ssdm_op_SpecFUCore, i36 %mul_ln14, i64 12, i64 4, i64 18446744073709551615" [src/horner_core.cpp:13]   --->   Operation 16 'specfucore' 'specfucore_ln13' <Predicate = true> <Delay = 0.00>
ST_1 : Operation 17 [1/1] (0.00ns)   --->   "%mul = partselect i24 @_ssdm_op_PartSelect.i24.i36.i32.i32, i36 %mul_ln14, i32 10, i32 33" [src/horner_core.cpp:14]   --->   Operation 17 'partselect' 'mul' <Predicate = true> <Delay = 0.00>

State 2 <SV = 1> <Delay = 0.93>
ST_2 : Operation 18 [1/1] (0.00ns)   --->   "%shl_ln = bitconcatenate i20 @_ssdm_op_BitConcatenate.i20.i16.i4, i16 %a2_val_read, i4 0" [src/horner_core.cpp:15]   --->   Operation 18 'bitconcatenate' 'shl_ln' <Predicate = true> <Delay = 0.00>
ST_2 : Operation 19 [1/1] (0.00ns)   --->   "%sext_ln15 = sext i20 %shl_ln" [src/horner_core.cpp:15]   --->   Operation 19 'sext' 'sext_ln15' <Predicate = true> <Delay = 0.00>
ST_2 : Operation 20 [1/1] (0.93ns)   --->   "%acc_1 = add i24 %mul, i24 %sext_ln15" [src/horner_core.cpp:15]   --->   Operation 20 'add' 'acc_1' <Predicate = true> <Delay = 0.93> <CoreInst = "Adder">   --->   Core 1 'Adder' <Latency = 0> <II = 1> <Delay = 0.93> <FuncUnit> <Opcode : 'add' 'sub'> <InPorts = 2> <OutPorts = 1>

State 3 <SV = 2> <Delay = 2.97>
ST_3 : Operation 21 [1/1] (0.00ns)   --->   "%sext_ln14_1 = sext i16 %x_val_read" [src/horner_core.cpp:14]   --->   Operation 21 'sext' 'sext_ln14_1' <Predicate = true> <Delay = 0.00>
ST_3 : Operation 22 [1/1] (0.00ns)   --->   "%sext_ln16 = sext i24 %acc_1" [src/horner_core.cpp:16]   --->   Operation 22 'sext' 'sext_ln16' <Predicate = true> <Delay = 0.00>
ST_3 : Operation 23 [1/1] (2.97ns)   --->   "%mul_ln16 = mul i40 %sext_ln16, i40 %sext_ln14_1" [src/horner_core.cpp:16]   --->   Operation 23 'mul' 'mul_ln16' <Predicate = true> <Delay = 2.97> <CoreInst = "Mul_LUT">   --->   Core 4 'Mul_LUT' <Latency = 0> <II = 1> <Delay = 2.97> <FuncUnit> <Opcode : 'mul'> <InPorts = 2> <OutPorts = 1>
ST_3 : Operation 24 [1/1] (0.00ns)   --->   "%specfucore_ln13 = specfucore void @_ssdm_op_SpecFUCore, i40 %mul_ln16, i64 12, i64 4, i64 18446744073709551615" [src/horner_core.cpp:13]   --->   Operation 24 'specfucore' 'specfucore_ln13' <Predicate = true> <Delay = 0.00>
ST_3 : Operation 25 [1/1] (0.00ns)   --->   "%mul_1 = partselect i24 @_ssdm_op_PartSelect.i24.i40.i32.i32, i40 %mul_ln16, i32 10, i32 33" [src/horner_core.cpp:16]   --->   Operation 25 'partselect' 'mul_1' <Predicate = true> <Delay = 0.00>

State 4 <SV = 3> <Delay = 0.93>
ST_4 : Operation 26 [1/1] (0.00ns)   --->   "%shl_ln1 = bitconcatenate i20 @_ssdm_op_BitConcatenate.i20.i16.i4, i16 %a1_val_read, i4 0" [src/horner_core.cpp:17]   --->   Operation 26 'bitconcatenate' 'shl_ln1' <Predicate = true> <Delay = 0.00>
ST_4 : Operation 27 [1/1] (0.00ns)   --->   "%sext_ln17 = sext i20 %shl_ln1" [src/horner_core.cpp:17]   --->   Operation 27 'sext' 'sext_ln17' <Predicate = true> <Delay = 0.00>
ST_4 : Operation 28 [1/1] (0.93ns)   --->   "%acc_2 = add i24 %mul_1, i24 %sext_ln17" [src/horner_core.cpp:17]   --->   Operation 28 'add' 'acc_2' <Predicate = true> <Delay = 0.93> <CoreInst = "Adder">   --->   Core 1 'Adder' <Latency = 0> <II = 1> <Delay = 0.93> <FuncUnit> <Opcode : 'add' 'sub'> <InPorts = 2> <OutPorts = 1>

State 5 <SV = 4> <Delay = 2.97>
ST_5 : Operation 29 [1/1] (0.00ns)   --->   "%sext_ln18 = sext i24 %acc_2" [src/horner_core.cpp:18]   --->   Operation 29 'sext' 'sext_ln18' <Predicate = true> <Delay = 0.00>
ST_5 : Operation 30 [1/1] (2.97ns)   --->   "%mul_ln18 = mul i40 %sext_ln18, i40 %sext_ln14_1" [src/horner_core.cpp:18]   --->   Operation 30 'mul' 'mul_ln18' <Predicate = true> <Delay = 2.97> <CoreInst = "Mul_LUT">   --->   Core 4 'Mul_LUT' <Latency = 0> <II = 1> <Delay = 2.97> <FuncUnit> <Opcode : 'mul'> <InPorts = 2> <OutPorts = 1>
ST_5 : Operation 31 [1/1] (0.00ns)   --->   "%specfucore_ln13 = specfucore void @_ssdm_op_SpecFUCore, i40 %mul_ln18, i64 12, i64 4, i64 18446744073709551615" [src/horner_core.cpp:13]   --->   Operation 31 'specfucore' 'specfucore_ln13' <Predicate = true> <Delay = 0.00>
ST_5 : Operation 32 [1/1] (0.00ns)   --->   "%mul_2 = partselect i20 @_ssdm_op_PartSelect.i20.i40.i32.i32, i40 %mul_ln18, i32 10, i32 29" [src/horner_core.cpp:18]   --->   Operation 32 'partselect' 'mul_2' <Predicate = true> <Delay = 0.00>

State 6 <SV = 5> <Delay = 0.89>
ST_6 : Operation 33 [1/1] (0.00ns)   --->   "%rbegin1 = specregionbegin i32 @_ssdm_op_SpecRegionBegin, void @empty_1" [src/horner_core.cpp:12]   --->   Operation 33 'specregionbegin' 'rbegin1' <Predicate = true> <Delay = 0.00>
ST_6 : Operation 34 [1/1] (0.00ns)   --->   "%rend13 = specregionend i32 @_ssdm_op_SpecRegionEnd, void @empty_1, i32 %rbegin1" [src/horner_core.cpp:14]   --->   Operation 34 'specregionend' 'rend13' <Predicate = true> <Delay = 0.00>
ST_6 : Operation 35 [1/1] (0.00ns)   --->   "%rbegin2 = specregionbegin i32 @_ssdm_op_SpecRegionBegin, void @empty_0" [src/horner_core.cpp:15]   --->   Operation 35 'specregionbegin' 'rbegin2' <Predicate = true> <Delay = 0.00>
ST_6 : Operation 36 [1/1] (0.00ns)   --->   "%rend11 = specregionend i32 @_ssdm_op_SpecRegionEnd, void @empty_0, i32 %rbegin2" [src/horner_core.cpp:16]   --->   Operation 36 'specregionend' 'rend11' <Predicate = true> <Delay = 0.00>
ST_6 : Operation 37 [1/1] (0.00ns)   --->   "%rbegin = specregionbegin i32 @_ssdm_op_SpecRegionBegin, void @empty" [src/horner_core.cpp:17]   --->   Operation 37 'specregionbegin' 'rbegin' <Predicate = true> <Delay = 0.00>
ST_6 : Operation 38 [1/1] (0.00ns)   --->   "%rend = specregionend i32 @_ssdm_op_SpecRegionEnd, void @empty, i32 %rbegin" [src/horner_core.cpp:18]   --->   Operation 38 'specregionend' 'rend' <Predicate = true> <Delay = 0.00>
ST_6 : Operation 39 [1/1] (0.00ns)   --->   "%shl_ln2 = bitconcatenate i20 @_ssdm_op_BitConcatenate.i20.i16.i4, i16 %a0_val_read, i4 0" [src/horner_core.cpp:19]   --->   Operation 39 'bitconcatenate' 'shl_ln2' <Predicate = true> <Delay = 0.00>
ST_6 : Operation 40 [1/1] (0.89ns)   --->   "%acc_3 = add i20 %mul_2, i20 %shl_ln2" [src/horner_core.cpp:19]   --->   Operation 40 'add' 'acc_3' <Predicate = true> <Delay = 0.89> <CoreInst = "Adder">   --->   Core 1 'Adder' <Latency = 0> <II = 1> <Delay = 0.89> <FuncUnit> <Opcode : 'add' 'sub'> <InPorts = 2> <OutPorts = 1>
ST_6 : Operation 41 [1/1] (0.00ns)   --->   "%trunc_ln = partselect i16 @_ssdm_op_PartSelect.i16.i20.i32.i32, i20 %acc_3, i32 4, i32 19" [src/horner_core.cpp:20]   --->   Operation 41 'partselect' 'trunc_ln' <Predicate = true> <Delay = 0.00>
ST_6 : Operation 42 [1/1] (0.00ns)   --->   "%ret_ln21 = ret i16 %trunc_ln" [src/horner_core.cpp:21]   --->   Operation 42 'ret' 'ret_ln21' <Predicate = true> <Delay = 0.00>


============================================================
+ Verbose Summary: Timing violations
============================================================
Target clock period: 4.000ns, clock uncertainty: 1.080ns.

 <State 1>: 2.730ns
The critical path consists of the following:
	wire read operation ('a3_val_read', src/horner_core.cpp:11) on port 'a3_val' (src/horner_core.cpp:11) [9]  (0.000 ns)
	'mul' operation 36 bit ('mul_ln14', src/horner_core.cpp:14) [16]  (2.730 ns)

 <State 2>: 0.934ns
The critical path consists of the following:
	'add' operation 24 bit ('acc', src/horner_core.cpp:15) [22]  (0.934 ns)

 <State 3>: 2.979ns
The critical path consists of the following:
	'mul' operation 40 bit ('mul_ln16', src/horner_core.cpp:16) [25]  (2.979 ns)

 <State 4>: 0.934ns
The critical path consists of the following:
	'add' operation 24 bit ('acc', src/horner_core.cpp:17) [31]  (0.934 ns)

 <State 5>: 2.979ns
The critical path consists of the following:
	'mul' operation 40 bit ('mul_ln18', src/horner_core.cpp:18) [34]  (2.979 ns)

 <State 6>: 0.894ns
The critical path consists of the following:
	'add' operation 20 bit ('acc', src/horner_core.cpp:19) [39]  (0.894 ns)


============================================================
+ Verbose Summary: Binding
============================================================
N/A
* FSMD analyzer results:
  - Output states:
 - Input state : 
  - Chain level:
	State 1
	State 2
	State 3
	State 4
	State 5
	State 6


============================================================
+ Verbose Summary: Datapath Resource usage 
============================================================
N/A
