C:\Users\carlo\OneDrive\Documents\Maestria\DAFPGA\Proyecto\Avances\proj_final_FPGA_CAMTA\camta_hls\solution1\.autopilot\db\horner_core.pp.0.cpp:1328:7: warning: Added loop label VITIS_LOOP_1207_1:   [xilinx-label-all-loops]
      for (i = 0; i < __N - 1; ++i) {
      ^~~
      VITIS_LOOP_1207_1: 
C:\Users\carlo\OneDrive\Documents\Maestria\DAFPGA\Proyecto\Avances\proj_final_FPGA_CAMTA\camta_hls\solution1\.autopilot\db\horner_core.pp.0.cpp:1328:7: note: FIX-IT applied suggested code changes
C:\Users\carlo\OneDrive\Documents\Maestria\DAFPGA\Proyecto\Avances\proj_final_FPGA_CAMTA\camta_hls\solution1\.autopilot\db\horner_core.pp.0.cpp:2302:5: warning: Added loop label VITIS_LOOP_676_1:   [xilinx-label-all-loops]
    for (unsigned i = low; i != high; ++i) {
    ^~~
    VITIS_LOOP_676_1: 
C:\Users\carlo\OneDrive\Documents\Maestria\DAFPGA\Proyecto\Avances\proj_final_FPGA_CAMTA\camta_hls\solution1\.autopilot\db\horner_core.pp.0.cpp:2302:5: note: FIX-IT applied suggested code changes
C:\Users\carlo\OneDrive\Documents\Maestria\DAFPGA\Proyecto\Avances\proj_final_FPGA_CAMTA\camta_hls\solution1\.autopilot\db\horner_core.pp.0.cpp:2316:5: warning: Added loop label VITIS_LOOP_690_1:   [xilinx-label-all-loops]
    for (unsigned i = low; i != high; ++i) {
    ^~~
    VITIS_LOOP_690_1: 
C:\Users\carlo\OneDrive\Documents\Maestria\DAFPGA\Proyecto\Avances\proj_final_FPGA_CAMTA\camta_hls\solution1\.autopilot\db\horner_core.pp.0.cpp:2316:5: note: FIX-IT applied suggested code changes
C:\Users\carlo\OneDrive\Documents\Maestria\DAFPGA\Proyecto\Avances\proj_final_FPGA_CAMTA\camta_hls\solution1\.autopilot\db\horner_core.pp.0.cpp:2330:5: warning: Added loop label VITIS_LOOP_704_1:   [xilinx-label-all-loops]
    for (unsigned i = low; i != high; ++i) {
    ^~~
    VITIS_LOOP_704_1: 
C:\Users\carlo\OneDrive\Documents\Maestria\DAFPGA\Proyecto\Avances\proj_final_FPGA_CAMTA\camta_hls\solution1\.autopilot\db\horner_core.pp.0.cpp:2330:5: note: FIX-IT applied suggested code changes
C:\Users\carlo\OneDrive\Documents\Maestria\DAFPGA\Proyecto\Avances\proj_final_FPGA_CAMTA\camta_hls\solution1\.autopilot\db\horner_core.pp.0.cpp:3947:7: warning: Added loop label VITIS_LOOP_1247_1:   [xilinx-label-all-loops]
      for (i = 0; i < __N - 1; ++i) {
      ^~~
      VITIS_LOOP_1247_1: 
C:\Users\carlo\OneDrive\Documents\Maestria\DAFPGA\Proyecto\Avances\proj_final_FPGA_CAMTA\camta_hls\solution1\.autopilot\db\horner_core.pp.0.cpp:3947:7: note: FIX-IT applied suggested code changes
C:\Users\carlo\OneDrive\Documents\Maestria\DAFPGA\Proyecto\Avances\proj_final_FPGA_CAMTA\camta_hls\solution1\.autopilot\db\horner_core.pp.0.cpp:5741:9: error: Resource with core_name: Mul_LUT pragma is ignored, because this core doesn't exist at all  [clang-diagnostic-error]
#pragma HLS RESOURCE variable=mul core=Mul_LUT
        ^
