

================================================================
== Vitis HLS Report for 'horner_core'
================================================================
* Date:           Sat Mar 14 19:09:48 2026

* Version:        2023.2 (Build 4023990 on Oct 11 2023)
* Project:        camta_hls
* Solution:       solution1 (Vivado IP Flow Target)
* Product family: zynquplus
* Target device:  xck26-sfvc784-2LV-c


================================================================
== Performance Estimates
================================================================
+ Timing: 
    * Summary: 
    +--------+---------+----------+------------+
    |  Clock |  Target | Estimated| Uncertainty|
    +--------+---------+----------+------------+
    |ap_clk  |  4.00 ns|  2.979 ns|     1.08 ns|
    +--------+---------+----------+------------+

+ Latency: 
    * Summary: 
    +---------+---------+-----------+-----------+-----+-----+---------+
    |  Latency (cycles) |   Latency (absolute)  |  Interval | Pipeline|
    |   min   |   max   |    min    |    max    | min | max |   Type  |
    +---------+---------+-----------+-----------+-----+-----+---------+
    |        5|        5|  20.000 ns|  20.000 ns|    1|    1|      yes|
    +---------+---------+-----------+-----------+-----+-----+---------+

    + Detail: 
        * Instance: 
        N/A

        * Loop: 
        N/A



================================================================
== Utilization Estimates
================================================================
* Summary: 
+-----------------+---------+------+--------+--------+-----+
|       Name      | BRAM_18K|  DSP |   FF   |   LUT  | URAM|
+-----------------+---------+------+--------+--------+-----+
|DSP              |        -|     -|       -|       -|    -|
|Expression       |        -|     -|       0|      89|    -|
|FIFO             |        -|     -|       -|       -|    -|
|Instance         |        -|     0|       0|    1794|    -|
|Memory           |        -|     -|       -|       -|    -|
|Multiplexer      |        -|     -|       -|      14|    -|
|Register         |        -|     -|     501|      64|    -|
+-----------------+---------+------+--------+--------+-----+
|Total            |        0|     0|     501|    1961|    0|
+-----------------+---------+------+--------+--------+-----+
|Available        |      288|  1248|  234240|  117120|   64|
+-----------------+---------+------+--------+--------+-----+
|Utilization (%)  |        0|     0|      ~0|       1|    0|
+-----------------+---------+------+--------+--------+-----+

+ Detail: 
    * Instance: 
    +-----------------------+--------------------+---------+----+---+-----+-----+
    |        Instance       |       Module       | BRAM_18K| DSP| FF| LUT | URAM|
    +-----------------------+--------------------+---------+----+---+-----+-----+
    |mul_20s_16s_36_1_0_U1  |mul_20s_16s_36_1_0  |        0|   0|  0|  468|    0|
    |mul_24s_16s_40_1_0_U2  |mul_24s_16s_40_1_0  |        0|   0|  0|  663|    0|
    |mul_24s_16s_40_1_0_U3  |mul_24s_16s_40_1_0  |        0|   0|  0|  663|    0|
    +-----------------------+--------------------+---------+----+---+-----+-----+
    |Total                  |                    |        0|   0|  0| 1794|    0|
    +-----------------------+--------------------+---------+----+---+-----+-----+

    * DSP: 
    N/A

    * Memory: 
    N/A

    * FIFO: 
    N/A

    * Expression: 
    +-----------------+----------+----+---+----+------------+------------+
    |  Variable Name  | Operation| DSP| FF| LUT| Bitwidth P0| Bitwidth P1|
    +-----------------+----------+----+---+----+------------+------------+
    |acc_1_fu_125_p2  |         +|   0|  0|  31|          24|          24|
    |acc_2_fu_163_p2  |         +|   0|  0|  31|          24|          24|
    |acc_3_fu_193_p2  |         +|   0|  0|  27|          20|          20|
    +-----------------+----------+----+---+----+------------+------------+
    |Total            |          |   0|  0|  89|          68|          68|
    +-----------------+----------+----+---+----+------------+------------+

    * Multiplexer: 
    +-----------+----+-----------+-----+-----------+
    |    Name   | LUT| Input Size| Bits| Total Bits|
    +-----------+----+-----------+-----+-----------+
    |ap_return  |  14|          3|   16|         48|
    +-----------+----+-----------+-----+-----------+
    |Total      |  14|          3|   16|         48|
    +-----------+----+-----------+-----+-----------+

    * Register: 
    +-----------------------------------+----+----+-----+-----------+
    |                Name               | FF | LUT| Bits| Const Bits|
    +-----------------------------------+----+----+-----+-----------+
    |a0_val_int_reg                     |  16|   0|   16|          0|
    |a0_val_read_reg_208                |  16|   0|   16|          0|
    |a1_val_int_reg                     |  16|   0|   16|          0|
    |a1_val_read_reg_213                |  16|   0|   16|          0|
    |a2_val_int_reg                     |  16|   0|   16|          0|
    |a2_val_read_reg_218                |  16|   0|   16|          0|
    |a3_val_int_reg                     |  16|   0|   16|          0|
    |acc_1_reg_233                      |  24|   0|   24|          0|
    |acc_2_reg_248                      |  24|   0|   24|          0|
    |ap_ce_reg                          |   1|   0|    1|          0|
    |ap_return_int_reg                  |  16|   0|   16|          0|
    |mul_1_reg_243                      |  24|   0|   24|          0|
    |mul_2_reg_253                      |  20|   0|   20|          0|
    |mul_reg_228                        |  24|   0|   24|          0|
    |sext_ln14_1_reg_238                |  40|   0|   40|          0|
    |sext_ln14_1_reg_238_pp0_iter3_reg  |  40|   0|   40|          0|
    |x_val_int_reg                      |  16|   0|   16|          0|
    |x_val_read_reg_223                 |  16|   0|   16|          0|
    |x_val_read_reg_223_pp0_iter1_reg   |  16|   0|   16|          0|
    |a0_val_read_reg_208                |  64|  32|   16|          0|
    |a1_val_read_reg_213                |  64|  32|   16|          0|
    +-----------------------------------+----+----+-----+-----------+
    |Total                              | 501|  64|  405|          0|
    +-----------------------------------+----+----+-----+-----------+



================================================================
== Interface
================================================================
* Summary: 
+-----------+-----+-----+------------+--------------+--------------+
| RTL Ports | Dir | Bits|  Protocol  | Source Object|    C Type    |
+-----------+-----+-----+------------+--------------+--------------+
|ap_clk     |   in|    1|  ap_ctrl_hs|   horner_core|  return value|
|ap_rst     |   in|    1|  ap_ctrl_hs|   horner_core|  return value|
|ap_return  |  out|   16|  ap_ctrl_hs|   horner_core|  return value|
|ap_ce      |   in|    1|  ap_ctrl_hs|   horner_core|  return value|
|x_val      |   in|   16|     ap_none|         x_val|        scalar|
|a3_val     |   in|   16|     ap_none|        a3_val|        scalar|
|a2_val     |   in|   16|     ap_none|        a2_val|        scalar|
|a1_val     |   in|   16|     ap_none|        a1_val|        scalar|
|a0_val     |   in|   16|     ap_none|        a0_val|        scalar|
+-----------+-----+-----+------------+--------------+--------------+

============================================================
+ Verbose Summary: Synthesis Manager
============================================================
InlineROM: 1
ExposeGlobal: 0
============================================================
+ Verbose Summary: CDFG Model
============================================================
IsTopModel: 0
ResetActiveHigh: 1
IsCombinational: 2
IsDatapathOnly: 1
HasWiredReturn: 1
HasMFsm: 2
HasVarLatency: 0
IsPipeline: 1
IsRtlPipelined: 1
IsInstanceOverlapped: 0
IsDontTouch: 0
HasImplIP: 0
IsGatedGlobalClock: 0

+ Individual pipeline summary: 
  * Pipeline-0: initiation interval (II) = 1, depth = 6


============================================================
+ Verbose Summary: Schedule
============================================================
* Number of FSM states : 6
* Pipeline : 1
  Pipeline-0 : II = 1, D = 6, States = { 1 2 3 4 5 6 }
* Dataflow Pipeline: 0

* FSM state transitions: 
1 --> 2 
2 --> 3 
3 --> 4 
4 --> 5 
5 --> 6 
6 --> 

* FSM state operations: 

State 1 <SV = 0> <Delay = 2.72>
ST_1 : Operation 7 [1/1] (0.00ns)   --->   "%a0_val_read = read i16 @_ssdm_op_Read.ap_auto.i16, i16 %a0_val" [src/horner_core.cpp:11]   --->   Operation 7 'read' 'a0_val_read' <Predicate = true> <Delay = 0.00>
ST_1 : Operation 8 [1/1] (0.00ns)   --->   "%a1_val_read = read i16 @_ssdm_op_Read.ap_auto.i16, i16 %a1_val" [src/horner_core.cpp:11]   --->   Operation 8 'read' 'a1_val_read' <Predicate = true> <Delay = 0.00>
ST_1 : Operation 9 [1/1] (0.00ns)   --->   "%a2_val_read = read i16 @_ssdm_op_Read.ap_auto.i16, i16 %a2_val" [src/horner_core.cpp:11]   --->   Operation 9 'read' 'a2_val_read' <Predicate = true> <Delay = 0.00>
ST_1 : Operation 10 [1/1] (0.00ns)   --->   "%a3_val_read = read i16 @_ssdm_op_Read.ap_auto.i16, i16 %a3_val" [src/horner_core.cpp:11]   --->   Operation 10 'read' 'a3_val_read' <Predicate = true> <Delay = 0.00>
ST_1 : Operation 11 [1/1] (0.00ns)   --->   "%x_val_read = read i16 @_ssdm_op_Read.ap_auto.i16, i16 %x_val" [src/horner_core.cpp:11]   --->   Operation 11 'read' 'x_val_read' <Predicate = true> <Delay = 0.00>
ST_1 : Operation 12 [1/1] (0.00ns)   --->   "%acc = bitconcatenate i20 @_ssdm_op_BitConcatenate.i20.i16.i4, i16 %a3_val_read, i4 0" [src/horner_core.cpp:11]   --->   Operation 12 'bitconcatenate' 'acc' <Predicate = true> <Delay = 0.00>
ST_1 : Operation 13 [1/1] (0.00ns)   --->   "%sext_ln14 = sext i20 %acc" [src/horner_core.cpp:14]   --->   Operation 13 'sext' 'sext_ln14' <Predicate = true> <Delay = 0.00>
ST_1 : Operation 14 [1/1] (0.00ns)   --->   "%sext_ln14_2 = sext i16 %x_val_read" [src/horner_core.cpp:14]   --->   Operation 14 'sext' 'sext_ln14_2' <Predicate = true> <Delay = 0.00>
ST_1 : Operation 15 [1/1] (2.72ns)   --->   "%mul_ln14 = mul i36 %sext_ln14, i36 %sext_ln14_2" [src/horner_core.cpp:14]   --->   Operation 15 'mul' 'mul_ln14' <Predicate = true> <Delay = 2.72> <CoreInst = "Mul_LUT">   --->   Core 4 'Mul_LUT' <Latency = 0> <II = 1> <Delay = 2.72> <FuncUnit> <Opcode : 'mul'> <InPorts = 2> <OutPorts = 1>
ST_1 : Operation 16 [1/1] (0.00ns)   --->   "%specfucore_ln13 = specfucore void @_ssdm_op_SpecFUCore, i36 %mul_ln14, i64 12, i64 4, i64 18446744073709551615" [src/horner_core.cpp:13]   --->   Operation 16 'specfucore' 'specfucore_ln13' <Predicate = true> <Delay = 0.00>
ST_1 : Operation 17 [1/1] (0.00ns)   --->   "%mul = partselect i24 @_ssdm_op_PartSelect.i24.i36.i32.i32, i36 %mul_ln14, i32 10, i32 33" [src/horner_core.cpp:14]   --->   Operation 17 'partselect' 'mul' <Predicate = true> <Delay = 0.00>

State 2 <SV = 1> <Delay = 0.93>
ST_2 : Operation 18 [1/1] (0.00ns)   --->   "%shl_ln = bitconcatenate i20 @_ssdm_op_BitConcatenate.i20.i16.i4, i16 %a2_val_read, i4 0" [src/horner_core.cpp:15]   --->   Operation 18 'bitconcatenate' 'shl_ln' <Predicate = true> <Delay = 0.00>
ST_2 : Operation 19 [1/1] (0.00ns)   --->   "%sext_ln15 = sext i20 %shl_ln" [src/horner_core.cpp:15]   --->   Operation 19 'sext' 'sext_ln15' <Predicate = true> <Delay = 0.00>
ST_2 : Operation 20 [1/1] (0.93ns)   --->   "%acc_1 = add i24 %mul, i24 %sext_ln15" [src/horner_core.cpp:15]   --->   Operation 20 'add' 'acc_1' <Predicate = true> <Delay = 0.93> <CoreInst = "Adder">   --->   Core 1 'Adder' <Latency = 0> <II = 1> <Delay = 0.93> <FuncUnit> <Opcode : 'add' 'sub'> <InPorts = 2> <OutPorts = 1>

State 3 <SV = 2> <Delay = 2.97>
ST_3 : Operation 21 [1/1] (0.00ns)   --->   "%sext_ln14_1 = sext i16 %x_val_read" [src/horner_core.cpp:14]   --->   Operation 21 'sext' 'sext_ln14_1' <Predicate = true> <Delay = 0.00>
ST_3 : Operation 22 [1/1] (0.00ns)   --->   "%sext_ln16 = sext i24 %acc_1" [src/horner_core.cpp:16]   --->   Operation 22 'sext' 'sext_ln16' <Predicate = true> <Delay = 0.00>
ST_3 : Operation 23 [1/1] (2.97ns)   --->   "%mul_ln16 = mul i40 %sext_ln16, i40 %sext_ln14_1" [src/horner_core.cpp:16]   --->   Operation 23 'mul' 'mul_ln16' <Predicate = true> <Delay = 2.97> <CoreInst = "Mul_LUT">   --->   Core 4 'Mul_LUT' <Latency = 0> <II = 1> <Delay = 2.97> <FuncUnit> <Opcode : 'mul'> <InPorts = 2> <OutPorts = 1>
ST_3 : Operation 24 [1/1] (0.00ns)   --->   "%specfucore_ln13 = specfucore void @_ssdm_op_SpecFUCore, i40 %mul_ln16, i64 12, i64 4, i64 18446744073709551615" [src/horner_core.cpp:13]   --->   Operation 24 'specfucore' 'specfucore_ln13' <Predicate = true> <Delay = 0.00>
ST_3 : Operation 25 [1/1] (0.00ns)   --->   "%mul_1 = partselect i24 @_ssdm_op_PartSelect.i24.i40.i32.i32, i40 %mul_ln16, i32 10, i32 33" [src/horner_core.cpp:16]   --->   Operation 25 'partselect' 'mul_1' <Predicate = true> <Delay = 0.00>

State 4 <SV = 3> <Delay = 0.93>
ST_4 : Operation 26 [1/1] (0.00ns)   --->   "%shl_ln1 = bitconcatenate i20 @_ssdm_op_BitConcatenate.i20.i16.i4, i16 %a1_val_read, i4 0" [src/horner_core.cpp:17]   --->   Operation 26 'bitconcatenate' 'shl_ln1' <Predicate = true> <Delay = 0.00>
ST_4 : Operation 27 [1/1] (0.00ns)   --->   "%sext_ln17 = sext i20 %shl_ln1" [src/horner_core.cpp:17]   --->   Operation 27 'sext' 'sext_ln17' <Predicate = true> <Delay = 0.00>
ST_4 : Operation 28 [1/1] (0.93ns)   --->   "%acc_2 = add i24 %mul_1, i24 %sext_ln17" [src/horner_core.cpp:17]   --->   Operation 28 'add' 'acc_2' <Predicate = true> <Delay = 0.93> <CoreInst = "Adder">   --->   Core 1 'Adder' <Latency = 0> <II = 1> <Delay = 0.93> <FuncUnit> <Opcode : 'add' 'sub'> <InPorts = 2> <OutPorts = 1>

State 5 <SV = 4> <Delay = 2.97>
ST_5 : Operation 29 [1/1] (0.00ns)   --->   "%sext_ln18 = sext i24 %acc_2" [src/horner_core.cpp:18]   --->   Operation 29 'sext' 'sext_ln18' <Predicate = true> <Delay = 0.00>
ST_5 : Operation 30 [1/1] (2.97ns)   --->   "%mul_ln18 = mul i40 %sext_ln18, i40 %sext_ln14_1" [src/horner_core.cpp:18]   --->   Operation 30 'mul' 'mul_ln18' <Predicate = true> <Delay = 2.97> <CoreInst = "Mul_LUT">   --->   Core 4 'Mul_LUT' <Latency = 0> <II = 1> <Delay = 2.97> <FuncUnit> <Opcode : 'mul'> <InPorts = 2> <OutPorts = 1>
ST_5 : Operation 31 [1/1] (0.00ns)   --->   "%specfucore_ln13 = specfucore void @_ssdm_op_SpecFUCore, i40 %mul_ln18, i64 12, i64 4, i64 18446744073709551615" [src/horner_core.cpp:13]   --->   Operation 31 'specfucore' 'specfucore_ln13' <Predicate = true> <Delay = 0.00>
ST_5 : Operation 32 [1/1] (0.00ns)   --->   "%mul_2 = partselect i20 @_ssdm_op_PartSelect.i20.i40.i32.i32, i40 %mul_ln18, i32 10, i32 29" [src/horner_core.cpp:18]   --->   Operation 32 'partselect' 'mul_2' <Predicate = true> <Delay = 0.00>

State 6 <SV = 5> <Delay = 0.89>
ST_6 : Operation 33 [1/1] (0.00ns)   --->   "%rbegin1 = specregionbegin i32 @_ssdm_op_SpecRegionBegin, void @empty_1" [src/horner_core.cpp:12]   --->   Operation 33 'specregionbegin' 'rbegin1' <Predicate = true> <Delay = 0.00>
ST_6 : Operation 34 [1/1] (0.00ns)   --->   "%rend13 = specregionend i32 @_ssdm_op_SpecRegionEnd, void @empty_1, i32 %rbegin1" [src/horner_core.cpp:14]   --->   Operation 34 'specregionend' 'rend13' <Predicate = true> <Delay = 0.00>
ST_6 : Operation 35 [1/1] (0.00ns)   --->   "%rbegin2 = specregionbegin i32 @_ssdm_op_SpecRegionBegin, void @empty_0" [src/horner_core.cpp:15]   --->   Operation 35 'specregionbegin' 'rbegin2' <Predicate = true> <Delay = 0.00>
ST_6 : Operation 36 [1/1] (0.00ns)   --->   "%rend11 = specregionend i32 @_ssdm_op_SpecRegionEnd, void @empty_0, i32 %rbegin2" [src/horner_core.cpp:16]   --->   Operation 36 'specregionend' 'rend11' <Predicate = true> <Delay = 0.00>
ST_6 : Operation 37 [1/1] (0.00ns)   --->   "%rbegin = specregionbegin i32 @_ssdm_op_SpecRegionBegin, void @empty" [src/horner_core.cpp:17]   --->   Operation 37 'specregionbegin' 'rbegin' <Predicate = true> <Delay = 0.00>
ST_6 : Operation 38 [1/1] (0.00ns)   --->   "%rend = specregionend i32 @_ssdm_op_SpecRegionEnd, void @empty, i32 %rbegin" [src/horner_core.cpp:18]   --->   Operation 38 'specregionend' 'rend' <Predicate = true> <Delay = 0.00>
ST_6 : Operation 39 [1/1] (0.00ns)   --->   "%shl_ln2 = bitconcatenate i20 @_ssdm_op_BitConcatenate.i20.i16.i4, i16 %a0_val_read, i4 0" [src/horner_core.cpp:19]   --->   Operation 39 'bitconcatenate' 'shl_ln2' <Predicate = true> <Delay = 0.00>
ST_6 : Operation 40 [1/1] (0.89ns)   --->   "%acc_3 = add i20 %mul_2, i20 %shl_ln2" [src/horner_core.cpp:19]   --->   Operation 40 'add' 'acc_3' <Predicate = true> <Delay = 0.89> <CoreInst = "Adder">   --->   Core 1 'Adder' <Latency = 0> <II = 1> <Delay = 0.89> <FuncUnit> <Opcode : 'add' 'sub'> <InPorts = 2> <OutPorts = 1>
ST_6 : Operation 41 [1/1] (0.00ns)   --->   "%trunc_ln = partselect i16 @_ssdm_op_PartSelect.i16.i20.i32.i32, i20 %acc_3, i32 4, i32 19" [src/horner_core.cpp:20]   --->   Operation 41 'partselect' 'trunc_ln' <Predicate = true> <Delay = 0.00>
ST_6 : Operation 42 [1/1] (0.00ns)   --->   "%ret_ln21 = ret i16 %trunc_ln" [src/horner_core.cpp:21]   --->   Operation 42 'ret' 'ret_ln21' <Predicate = true> <Delay = 0.00>


============================================================
+ Verbose Summary: Binding
============================================================
STG Binding: 
---------------- STG Properties BEGIN ----------------
- Is combinational: 0
- Is one-state seq: 0
- Is datapath-only: 1
- Is pipelined: 1
- Is top level: 0
Port [ Return ] is wired: 1; IO mode=ap_ctrl_hs:ce=0
Port [ x_val]:  wired=1; compound=0; hidden=0; nouse=0; global=0; static=0; extern=0; dir=0; type=0; pingpong=0; private_global=0; IO mode=ap_none:ce=0
Port [ a3_val]:  wired=1; compound=0; hidden=0; nouse=0; global=0; static=0; extern=0; dir=0; type=0; pingpong=0; private_global=0; IO mode=ap_none:ce=0
Port [ a2_val]:  wired=1; compound=0; hidden=0; nouse=0; global=0; static=0; extern=0; dir=0; type=0; pingpong=0; private_global=0; IO mode=ap_none:ce=0
Port [ a1_val]:  wired=1; compound=0; hidden=0; nouse=0; global=0; static=0; extern=0; dir=0; type=0; pingpong=0; private_global=0; IO mode=ap_none:ce=0
Port [ a0_val]:  wired=1; compound=0; hidden=0; nouse=0; global=0; static=0; extern=0; dir=0; type=0; pingpong=0; private_global=0; IO mode=ap_none:ce=0
---------------- STG Properties END ------------------

---------------- Datapath Model BEGIN ----------------

<LifeTime>
<method=bitvector/>
a0_val_read     (read           ) [ 0111111]
a1_val_read     (read           ) [ 0111100]
a2_val_read     (read           ) [ 0110000]
a3_val_read     (read           ) [ 0000000]
x_val_read      (read           ) [ 0111000]
acc             (bitconcatenate ) [ 0000000]
sext_ln14       (sext           ) [ 0000000]
sext_ln14_2     (sext           ) [ 0000000]
mul_ln14        (mul            ) [ 0000000]
specfucore_ln13 (specfucore     ) [ 0000000]
mul             (partselect     ) [ 0110000]
shl_ln          (bitconcatenate ) [ 0000000]
sext_ln15       (sext           ) [ 0000000]
acc_1           (add            ) [ 0101000]
sext_ln14_1     (sext           ) [ 0100110]
sext_ln16       (sext           ) [ 0000000]
mul_ln16        (mul            ) [ 0000000]
specfucore_ln13 (specfucore     ) [ 0000000]
mul_1           (partselect     ) [ 0100100]
shl_ln1         (bitconcatenate ) [ 0000000]
sext_ln17       (sext           ) [ 0000000]
acc_2           (add            ) [ 0100010]
sext_ln18       (sext           ) [ 0000000]
mul_ln18        (mul            ) [ 0000000]
specfucore_ln13 (specfucore     ) [ 0000000]
mul_2           (partselect     ) [ 0100001]
rbegin1         (specregionbegin) [ 0000000]
rend13          (specregionend  ) [ 0000000]
rbegin2         (specregionbegin) [ 0000000]
rend11          (specregionend  ) [ 0000000]
rbegin          (specregionbegin) [ 0000000]
rend            (specregionend  ) [ 0000000]
shl_ln2         (bitconcatenate ) [ 0000000]
acc_3           (add            ) [ 0000000]
trunc_ln        (partselect     ) [ 0000000]
ret_ln21        (ret            ) [ 0000000]
</LifeTime>

<model>

<comp_list>
<comp id="0" class="1000" name="x_val">
<pin_list>
<pin id="1" dir="1" index="0" bw="1" slack="0"/>
</pin_list>
<bind>
<StgValue><ssdm name="x_val"/></StgValue>
</bind>
</comp>

<comp id="2" class="1000" name="a3_val">
<pin_list>
<pin id="3" dir="1" index="0" bw="1" slack="0"/>
</pin_list>
<bind>
<StgValue><ssdm name="a3_val"/></StgValue>
</bind>
</comp>

<comp id="4" class="1000" name="a2_val">
<pin_list>
<pin id="5" dir="1" index="0" bw="1" slack="0"/>
</pin_list>
<bind>
<StgValue><ssdm name="a2_val"/></StgValue>
</bind>
</comp>

<comp id="6" class="1000" name="a1_val">
<pin_list>
<pin id="7" dir="1" index="0" bw="1" slack="0"/>
</pin_list>
<bind>
<StgValue><ssdm name="a1_val"/></StgValue>
</bind>
</comp>

<comp id="8" class="1000" name="a0_val">
<pin_list>
<pin id="9" dir="1" index="0" bw="1" slack="0"/>
</pin_list>
<bind>
<StgValue><ssdm name="a0_val"/></StgValue>
</bind>
</comp>

<comp id="10" class="1001" name="const_10">
<pin_list>
<pin id="11" dir="1" index="0" bw="1" slack="0"/>
</pin_list>
<bind>
<StgValue><ssdm name="_ssdm_op_Read.ap_auto.i16"/></StgValue>
</bind>
</comp>

<comp id="12" class="1001" name="const_12">
<pin_list>
<pin id="13" dir="1" index="0" bw="1" slack="0"/>
</pin_list>
<bind>
<StgValue><ssdm name="_ssdm_op_BitConcatenate.i20.i16.i4"/></StgValue>
</bind>
</comp>

<comp id="14" class="1001" name="const_14">
<pin_list>
<pin id="15" dir="1" index="0" bw="1" slack="0"/>
</pin_list>
<bind>
<StgValue><ssdm name=""/></StgValue>
</bind>
</comp>

<comp id="16" class="1001" name="const_16">
<pin_list>
<pin id="17" dir="1" index="0" bw="1" slack="2147483647"/>
</pin_list>
<bind>
<StgValue><ssdm name="_ssdm_op_SpecFUCore"/></StgValue>
</bind>
</comp>

<comp id="18" class="1001" name="const_18">
<pin_list>
<pin id="19" dir="1" index="0" bw="1" slack="2147483647"/>
</pin_list>
<bind>
<StgValue><ssdm name=""/></StgValue>
</bind>
</comp>

<comp id="20" class="1001" name="const_20">
<pin_list>
<pin id="21" dir="1" index="0" bw="1" slack="2147483647"/>
</pin_list>
<bind>
<StgValue><ssdm name=""/></StgValue>
</bind>
</comp>

<comp id="22" class="1001" name="const_22">
<pin_list>
<pin id="23" dir="1" index="0" bw="1" slack="2147483647"/>
</pin_list>
<bind>
<StgValue><ssdm name=""/></StgValue>
</bind>
</comp>

<comp id="24" class="1001" name="const_24">
<pin_list>
<pin id="25" dir="1" index="0" bw="1" slack="0"/>
</pin_list>
<bind>
<StgValue><ssdm name="_ssdm_op_PartSelect.i24.i36.i32.i32"/></StgValue>
</bind>
</comp>

<comp id="26" class="1001" name="const_26">
<pin_list>
<pin id="27" dir="1" index="0" bw="1" slack="0"/>
</pin_list>
<bind>
<StgValue><ssdm name=""/></StgValue>
</bind>
</comp>

<comp id="28" class="1001" name="const_28">
<pin_list>
<pin id="29" dir="1" index="0" bw="1" slack="0"/>
</pin_list>
<bind>
<StgValue><ssdm name=""/></StgValue>
</bind>
</comp>

<comp id="30" class="1001" name="const_30">
<pin_list>
<pin id="31" dir="1" index="0" bw="1" slack="0"/>
</pin_list>
<bind>
<StgValue><ssdm name="_ssdm_op_PartSelect.i24.i40.i32.i32"/></StgValue>
</bind>
</comp>

<comp id="32" class="1001" name="const_32">
<pin_list>
<pin id="33" dir="1" index="0" bw="1" slack="0"/>
</pin_list>
<bind>
<StgValue><ssdm name="_ssdm_op_PartSelect.i20.i40.i32.i32"/></StgValue>
</bind>
</comp>

<comp id="34" class="1001" name="const_34">
<pin_list>
<pin id="35" dir="1" index="0" bw="1" slack="0"/>
</pin_list>
<bind>
<StgValue><ssdm name=""/></StgValue>
</bind>
</comp>

<comp id="36" class="1001" name="const_36">
<pin_list>
<pin id="37" dir="1" index="0" bw="1" slack="2147483647"/>
</pin_list>
<bind>
<StgValue><ssdm name="_ssdm_op_SpecRegionBegin"/></StgValue>
</bind>
</comp>

<comp id="38" class="1001" name="const_38">
<pin_list>
<pin id="39" dir="1" index="0" bw="1" slack="2147483647"/>
</pin_list>
<bind>
<StgValue><ssdm name="empty_1"/></StgValue>
</bind>
</comp>

<comp id="40" class="1001" name="const_40">
<pin_list>
<pin id="41" dir="1" index="0" bw="1" slack="2147483647"/>
</pin_list>
<bind>
<StgValue><ssdm name="_ssdm_op_SpecRegionEnd"/></StgValue>
</bind>
</comp>

<comp id="42" class="1001" name="const_42">
<pin_list>
<pin id="43" dir="1" index="0" bw="1" slack="2147483647"/>
</pin_list>
<bind>
<StgValue><ssdm name="empty_0"/></StgValue>
</bind>
</comp>

<comp id="44" class="1001" name="const_44">
<pin_list>
<pin id="45" dir="1" index="0" bw="1" slack="2147483647"/>
</pin_list>
<bind>
<StgValue><ssdm name="empty"/></StgValue>
</bind>
</comp>

<comp id="46" class="1001" name="const_46">
<pin_list>
<pin id="47" dir="1" index="0" bw="1" slack="0"/>
</pin_list>
<bind>
<StgValue><ssdm name="_ssdm_op_PartSelect.i16.i20.i32.i32"/></StgValue>
</bind>
</comp>

<comp id="48" class="1001" name="const_48">
<pin_list>
<pin id="49" dir="1" index="0" bw="1" slack="0"/>
</pin_list>
<bind>
<StgValue><ssdm name=""/></StgValue>
</bind>
</comp>

<comp id="50" class="1001" name="const_50">
<pin_list>
<pin id="51" dir="1" index="0" bw="1" slack="0"/>
</pin_list>
<bind>
<StgValue><ssdm name=""/></StgValue>
</bind>
</comp>

<comp id="52" class="1004" name="a0_val_read_read_fu_52">
<pin_list>
<pin id="53" dir="0" index="0" bw="16" slack="0"/>
<pin id="54" dir="0" index="1" bw="16" slack="0"/>
<pin id="55" dir="1" index="2" bw="16" slack="5"/>
</pin_list>
<bind>
<opcode="read(1150) " fcode="read"/>
<opset="a0_val_read/1 "/>
</bind>
</comp>

<comp id="58" class="1004" name="a1_val_read_read_fu_58">
<pin_list>
<pin id="59" dir="0" index="0" bw="16" slack="0"/>
<pin id="60" dir="0" index="1" bw="16" slack="0"/>
<pin id="61" dir="1" index="2" bw="16" slack="3"/>
</pin_list>
<bind>
<opcode="read(1150) " fcode="read"/>
<opset="a1_val_read/1 "/>
</bind>
</comp>

<comp id="64" class="1004" name="a2_val_read_read_fu_64">
<pin_list>
<pin id="65" dir="0" index="0" bw="16" slack="0"/>
<pin id="66" dir="0" index="1" bw="16" slack="0"/>
<pin id="67" dir="1" index="2" bw="16" slack="1"/>
</pin_list>
<bind>
<opcode="read(1150) " fcode="read"/>
<opset="a2_val_read/1 "/>
</bind>
</comp>

<comp id="70" class="1004" name="a3_val_read_read_fu_70">
<pin_list>
<pin id="71" dir="0" index="0" bw="16" slack="0"/>
<pin id="72" dir="0" index="1" bw="16" slack="0"/>
<pin id="73" dir="1" index="2" bw="16" slack="0"/>
</pin_list>
<bind>
<opcode="read(1150) " fcode="read"/>
<opset="a3_val_read/1 "/>
</bind>
</comp>

<comp id="76" class="1004" name="x_val_read_read_fu_76">
<pin_list>
<pin id="77" dir="0" index="0" bw="16" slack="0"/>
<pin id="78" dir="0" index="1" bw="16" slack="0"/>
<pin id="79" dir="1" index="2" bw="16" slack="0"/>
</pin_list>
<bind>
<opcode="read(1150) " fcode="read"/>
<opset="x_val_read/1 "/>
</bind>
</comp>

<comp id="82" class="1004" name="acc_fu_82">
<pin_list>
<pin id="83" dir="0" index="0" bw="20" slack="0"/>
<pin id="84" dir="0" index="1" bw="16" slack="0"/>
<pin id="85" dir="0" index="2" bw="1" slack="0"/>
<pin id="86" dir="1" index="3" bw="20" slack="0"/>
</pin_list>
<bind>
<opcode="bitconcatenate(1004) " fcode="bitconcatenate"/>
<opset="acc/1 "/>
</bind>
</comp>

<comp id="90" class="1004" name="sext_ln14_fu_90">
<pin_list>
<pin id="91" dir="0" index="0" bw="20" slack="0"/>
<pin id="92" dir="1" index="1" bw="36" slack="0"/>
</pin_list>
<bind>
<opcode="sext(35) " fcode="sext"/>
<opset="sext_ln14/1 "/>
</bind>
</comp>

<comp id="94" class="1004" name="sext_ln14_2_fu_94">
<pin_list>
<pin id="95" dir="0" index="0" bw="16" slack="0"/>
<pin id="96" dir="1" index="1" bw="36" slack="0"/>
</pin_list>
<bind>
<opcode="sext(35) " fcode="sext"/>
<opset="sext_ln14_2/1 "/>
</bind>
</comp>

<comp id="98" class="1004" name="mul_ln14_fu_98">
<pin_list>
<pin id="99" dir="0" index="0" bw="20" slack="0"/>
<pin id="100" dir="0" index="1" bw="16" slack="0"/>
<pin id="101" dir="1" index="2" bw="36" slack="0"/>
</pin_list>
<bind>
<opcode="mul(12) " fcode="mul"/>
<opset="mul_ln14/1 "/>
</bind>
</comp>

<comp id="104" class="1004" name="mul_fu_104">
<pin_list>
<pin id="105" dir="0" index="0" bw="24" slack="0"/>
<pin id="106" dir="0" index="1" bw="36" slack="0"/>
<pin id="107" dir="0" index="2" bw="5" slack="0"/>
<pin id="108" dir="0" index="3" bw="7" slack="0"/>
<pin id="109" dir="1" index="4" bw="24" slack="1"/>
</pin_list>
<bind>
<opcode="partselect(1002) " fcode="partselect"/>
<opset="mul/1 "/>
</bind>
</comp>

<comp id="114" class="1004" name="shl_ln_fu_114">
<pin_list>
<pin id="115" dir="0" index="0" bw="20" slack="0"/>
<pin id="116" dir="0" index="1" bw="16" slack="1"/>
<pin id="117" dir="0" index="2" bw="1" slack="0"/>
<pin id="118" dir="1" index="3" bw="20" slack="0"/>
</pin_list>
<bind>
<opcode="bitconcatenate(1004) " fcode="bitconcatenate"/>
<opset="shl_ln/2 "/>
</bind>
</comp>

<comp id="121" class="1004" name="sext_ln15_fu_121">
<pin_list>
<pin id="122" dir="0" index="0" bw="20" slack="0"/>
<pin id="123" dir="1" index="1" bw="24" slack="0"/>
</pin_list>
<bind>
<opcode="sext(35) " fcode="sext"/>
<opset="sext_ln15/2 "/>
</bind>
</comp>

<comp id="125" class="1004" name="acc_1_fu_125">
<pin_list>
<pin id="126" dir="0" index="0" bw="24" slack="1"/>
<pin id="127" dir="0" index="1" bw="20" slack="0"/>
<pin id="128" dir="1" index="2" bw="24" slack="1"/>
</pin_list>
<bind>
<opcode="add(8) " fcode="add"/>
<opset="acc_1/2 "/>
</bind>
</comp>

<comp id="130" class="1004" name="sext_ln14_1_fu_130">
<pin_list>
<pin id="131" dir="0" index="0" bw="16" slack="2"/>
<pin id="132" dir="1" index="1" bw="40" slack="0"/>
</pin_list>
<bind>
<opcode="sext(35) " fcode="sext"/>
<opset="sext_ln14_1/3 "/>
</bind>
</comp>

<comp id="133" class="1004" name="sext_ln16_fu_133">
<pin_list>
<pin id="134" dir="0" index="0" bw="24" slack="1"/>
<pin id="135" dir="1" index="1" bw="40" slack="0"/>
</pin_list>
<bind>
<opcode="sext(35) " fcode="sext"/>
<opset="sext_ln16/3 "/>
</bind>
</comp>

<comp id="136" class="1004" name="mul_ln16_fu_136">
<pin_list>
<pin id="137" dir="0" index="0" bw="24" slack="0"/>
<pin id="138" dir="0" index="1" bw="16" slack="0"/>
<pin id="139" dir="1" index="2" bw="40" slack="0"/>
</pin_list>
<bind>
<opcode="mul(12) " fcode="mul"/>
<opset="mul_ln16/3 "/>
</bind>
</comp>

<comp id="142" class="1004" name="mul_1_fu_142">
<pin_list>
<pin id="143" dir="0" index="0" bw="24" slack="0"/>
<pin id="144" dir="0" index="1" bw="40" slack="0"/>
<pin id="145" dir="0" index="2" bw="5" slack="0"/>
<pin id="146" dir="0" index="3" bw="7" slack="0"/>
<pin id="147" dir="1" index="4" bw="24" slack="1"/>
</pin_list>
<bind>
<opcode="partselect(1002) " fcode="partselect"/>
<opset="mul_1/3 "/>
</bind>
</comp>

<comp id="152" class="1004" name="shl_ln1_fu_152">
<pin_list>
<pin id="153" dir="0" index="0" bw="20" slack="0"/>
<pin id="154" dir="0" index="1" bw="16" slack="3"/>
<pin id="155" dir="0" index="2" bw="1" slack="0"/>
<pin id="156" dir="1" index="3" bw="20" slack="0"/>
</pin_list>
<bind>
<opcode="bitconcatenate(1004) " fcode="bitconcatenate"/>
<opset="shl_ln1/4 "/>
</bind>
</comp>

<comp id="159" class="1004" name="sext_ln17_fu_159">
<pin_list>
<pin id="160" dir="0" index="0" bw="20" slack="0"/>
<pin id="161" dir="1" index="1" bw="24" slack="0"/>
</pin_list>
<bind>
<opcode="sext(35) " fcode="sext"/>
<opset="sext_ln17/4 "/>
</bind>
</comp>

<comp id="163" class="1004" name="acc_2_fu_163">
<pin_list>
<pin id="164" dir="0" index="0" bw="24" slack="1"/>
<pin id="165" dir="0" index="1" bw="20" slack="0"/>
<pin id="166" dir="1" index="2" bw="24" slack="1"/>
</pin_list>
<bind>
<opcode="add(8) " fcode="add"/>
<opset="acc_2/4 "/>
</bind>
</comp>

<comp id="168" class="1004" name="sext_ln18_fu_168">
<pin_list>
<pin id="169" dir="0" index="0" bw="24" slack="1"/>
<pin id="170" dir="1" index="1" bw="40" slack="0"/>
</pin_list>
<bind>
<opcode="sext(35) " fcode="sext"/>
<opset="sext_ln18/5 "/>
</bind>
</comp>

<comp id="171" class="1004" name="mul_ln18_fu_171">
<pin_list>
<pin id="172" dir="0" index="0" bw="24" slack="0"/>
<pin id="173" dir="0" index="1" bw="16" slack="2"/>
<pin id="174" dir="1" index="2" bw="40" slack="0"/>
</pin_list>
<bind>
<opcode="mul(12) " fcode="mul"/>
<opset="mul_ln18/5 "/>
</bind>
</comp>

<comp id="176" class="1004" name="mul_2_fu_176">
<pin_list>
<pin id="177" dir="0" index="0" bw="20" slack="0"/>
<pin id="178" dir="0" index="1" bw="40" slack="0"/>
<pin id="179" dir="0" index="2" bw="5" slack="0"/>
<pin id="180" dir="0" index="3" bw="6" slack="0"/>
<pin id="181" dir="1" index="4" bw="20" slack="1"/>
</pin_list>
<bind>
<opcode="partselect(1002) " fcode="partselect"/>
<opset="mul_2/5 "/>
</bind>
</comp>

<comp id="186" class="1004" name="shl_ln2_fu_186">
<pin_list>
<pin id="187" dir="0" index="0" bw="20" slack="0"/>
<pin id="188" dir="0" index="1" bw="16" slack="5"/>
<pin id="189" dir="0" index="2" bw="1" slack="0"/>
<pin id="190" dir="1" index="3" bw="20" slack="0"/>
</pin_list>
<bind>
<opcode="bitconcatenate(1004) " fcode="bitconcatenate"/>
<opset="shl_ln2/6 "/>
</bind>
</comp>

<comp id="193" class="1004" name="acc_3_fu_193">
<pin_list>
<pin id="194" dir="0" index="0" bw="20" slack="1"/>
<pin id="195" dir="0" index="1" bw="20" slack="0"/>
<pin id="196" dir="1" index="2" bw="20" slack="0"/>
</pin_list>
<bind>
<opcode="add(8) " fcode="add"/>
<opset="acc_3/6 "/>
</bind>
</comp>

<comp id="198" class="1004" name="trunc_ln_fu_198">
<pin_list>
<pin id="199" dir="0" index="0" bw="16" slack="0"/>
<pin id="200" dir="0" index="1" bw="20" slack="0"/>
<pin id="201" dir="0" index="2" bw="4" slack="0"/>
<pin id="202" dir="0" index="3" bw="6" slack="0"/>
<pin id="203" dir="1" index="4" bw="16" slack="2147483647"/>
</pin_list>
<bind>
<opcode="partselect(1002) " fcode="partselect"/>
<opset="trunc_ln/6 "/>
</bind>
</comp>

<comp id="208" class="1005" name="a0_val_read_reg_208">
<pin_list>
<pin id="209" dir="0" index="0" bw="16" slack="5"/>
<pin id="210" dir="1" index="1" bw="16" slack="5"/>
</pin_list>
<bind>
<opset="a0_val_read "/>
</bind>
</comp>

<comp id="213" class="1005" name="a1_val_read_reg_213">
<pin_list>
<pin id="214" dir="0" index="0" bw="16" slack="3"/>
<pin id="215" dir="1" index="1" bw="16" slack="3"/>
</pin_list>
<bind>
<opset="a1_val_read "/>
</bind>
</comp>

<comp id="218" class="1005" name="a2_val_read_reg_218">
<pin_list>
<pin id="219" dir="0" index="0" bw="16" slack="1"/>
<pin id="220" dir="1" index="1" bw="16" slack="1"/>
</pin_list>
<bind>
<opset="a2_val_read "/>
</bind>
</comp>

<comp id="223" class="1005" name="x_val_read_reg_223">
<pin_list>
<pin id="224" dir="0" index="0" bw="16" slack="2"/>
<pin id="225" dir="1" index="1" bw="16" slack="2"/>
</pin_list>
<bind>
<opset="x_val_read "/>
</bind>
</comp>

<comp id="228" class="1005" name="mul_reg_228">
<pin_list>
<pin id="229" dir="0" index="0" bw="24" slack="1"/>
<pin id="230" dir="1" index="1" bw="24" slack="1"/>
</pin_list>
<bind>
<opset="mul "/>
</bind>
</comp>

<comp id="233" class="1005" name="acc_1_reg_233">
<pin_list>
<pin id="234" dir="0" index="0" bw="24" slack="1"/>
<pin id="235" dir="1" index="1" bw="24" slack="1"/>
</pin_list>
<bind>
<opset="acc_1 "/>
</bind>
</comp>

<comp id="238" class="1005" name="sext_ln14_1_reg_238">
<pin_list>
<pin id="239" dir="0" index="0" bw="40" slack="2"/>
<pin id="240" dir="1" index="1" bw="40" slack="2"/>
</pin_list>
<bind>
<opset="sext_ln14_1 "/>
</bind>
</comp>

<comp id="243" class="1005" name="mul_1_reg_243">
<pin_list>
<pin id="244" dir="0" index="0" bw="24" slack="1"/>
<pin id="245" dir="1" index="1" bw="24" slack="1"/>
</pin_list>
<bind>
<opset="mul_1 "/>
</bind>
</comp>

<comp id="248" class="1005" name="acc_2_reg_248">
<pin_list>
<pin id="249" dir="0" index="0" bw="24" slack="1"/>
<pin id="250" dir="1" index="1" bw="24" slack="1"/>
</pin_list>
<bind>
<opset="acc_2 "/>
</bind>
</comp>

<comp id="253" class="1005" name="mul_2_reg_253">
<pin_list>
<pin id="254" dir="0" index="0" bw="20" slack="1"/>
<pin id="255" dir="1" index="1" bw="20" slack="1"/>
</pin_list>
<bind>
<opset="mul_2 "/>
</bind>
</comp>

</comp_list>

<net_list>
<net id="56"><net_src comp="10" pin="0"/><net_sink comp="52" pin=0"/></net>

<net id="57"><net_src comp="8" pin="0"/><net_sink comp="52" pin=1"/></net>

<net id="62"><net_src comp="10" pin="0"/><net_sink comp="58" pin=0"/></net>

<net id="63"><net_src comp="6" pin="0"/><net_sink comp="58" pin=1"/></net>

<net id="68"><net_src comp="10" pin="0"/><net_sink comp="64" pin=0"/></net>

<net id="69"><net_src comp="4" pin="0"/><net_sink comp="64" pin=1"/></net>

<net id="74"><net_src comp="10" pin="0"/><net_sink comp="70" pin=0"/></net>

<net id="75"><net_src comp="2" pin="0"/><net_sink comp="70" pin=1"/></net>

<net id="80"><net_src comp="10" pin="0"/><net_sink comp="76" pin=0"/></net>

<net id="81"><net_src comp="0" pin="0"/><net_sink comp="76" pin=1"/></net>

<net id="87"><net_src comp="12" pin="0"/><net_sink comp="82" pin=0"/></net>

<net id="88"><net_src comp="70" pin="2"/><net_sink comp="82" pin=1"/></net>

<net id="89"><net_src comp="14" pin="0"/><net_sink comp="82" pin=2"/></net>

<net id="93"><net_src comp="82" pin="3"/><net_sink comp="90" pin=0"/></net>

<net id="97"><net_src comp="76" pin="2"/><net_sink comp="94" pin=0"/></net>

<net id="102"><net_src comp="90" pin="1"/><net_sink comp="98" pin=0"/></net>

<net id="103"><net_src comp="94" pin="1"/><net_sink comp="98" pin=1"/></net>

<net id="110"><net_src comp="24" pin="0"/><net_sink comp="104" pin=0"/></net>

<net id="111"><net_src comp="98" pin="2"/><net_sink comp="104" pin=1"/></net>

<net id="112"><net_src comp="26" pin="0"/><net_sink comp="104" pin=2"/></net>

<net id="113"><net_src comp="28" pin="0"/><net_sink comp="104" pin=3"/></net>

<net id="119"><net_src comp="12" pin="0"/><net_sink comp="114" pin=0"/></net>

<net id="120"><net_src comp="14" pin="0"/><net_sink comp="114" pin=2"/></net>

<net id="124"><net_src comp="114" pin="3"/><net_sink comp="121" pin=0"/></net>

<net id="129"><net_src comp="121" pin="1"/><net_sink comp="125" pin=1"/></net>

<net id="140"><net_src comp="133" pin="1"/><net_sink comp="136" pin=0"/></net>

<net id="141"><net_src comp="130" pin="1"/><net_sink comp="136" pin=1"/></net>

<net id="148"><net_src comp="30" pin="0"/><net_sink comp="142" pin=0"/></net>

<net id="149"><net_src comp="136" pin="2"/><net_sink comp="142" pin=1"/></net>

<net id="150"><net_src comp="26" pin="0"/><net_sink comp="142" pin=2"/></net>

<net id="151"><net_src comp="28" pin="0"/><net_sink comp="142" pin=3"/></net>

<net id="157"><net_src comp="12" pin="0"/><net_sink comp="152" pin=0"/></net>

<net id="158"><net_src comp="14" pin="0"/><net_sink comp="152" pin=2"/></net>

<net id="162"><net_src comp="152" pin="3"/><net_sink comp="159" pin=0"/></net>

<net id="167"><net_src comp="159" pin="1"/><net_sink comp="163" pin=1"/></net>

<net id="175"><net_src comp="168" pin="1"/><net_sink comp="171" pin=0"/></net>

<net id="182"><net_src comp="32" pin="0"/><net_sink comp="176" pin=0"/></net>

<net id="183"><net_src comp="171" pin="2"/><net_sink comp="176" pin=1"/></net>

<net id="184"><net_src comp="26" pin="0"/><net_sink comp="176" pin=2"/></net>

<net id="185"><net_src comp="34" pin="0"/><net_sink comp="176" pin=3"/></net>

<net id="191"><net_src comp="12" pin="0"/><net_sink comp="186" pin=0"/></net>

<net id="192"><net_src comp="14" pin="0"/><net_sink comp="186" pin=2"/></net>

<net id="197"><net_src comp="186" pin="3"/><net_sink comp="193" pin=1"/></net>

<net id="204"><net_src comp="46" pin="0"/><net_sink comp="198" pin=0"/></net>

<net id="205"><net_src comp="193" pin="2"/><net_sink comp="198" pin=1"/></net>

<net id="206"><net_src comp="48" pin="0"/><net_sink comp="198" pin=2"/></net>

<net id="207"><net_src comp="50" pin="0"/><net_sink comp="198" pin=3"/></net>

<net id="211"><net_src comp="52" pin="2"/><net_sink comp="208" pin=0"/></net>

<net id="212"><net_src comp="208" pin="1"/><net_sink comp="186" pin=1"/></net>

<net id="216"><net_src comp="58" pin="2"/><net_sink comp="213" pin=0"/></net>

<net id="217"><net_src comp="213" pin="1"/><net_sink comp="152" pin=1"/></net>

<net id="221"><net_src comp="64" pin="2"/><net_sink comp="218" pin=0"/></net>

<net id="222"><net_src comp="218" pin="1"/><net_sink comp="114" pin=1"/></net>

<net id="226"><net_src comp="76" pin="2"/><net_sink comp="223" pin=0"/></net>

<net id="227"><net_src comp="223" pin="1"/><net_sink comp="130" pin=0"/></net>

<net id="231"><net_src comp="104" pin="4"/><net_sink comp="228" pin=0"/></net>

<net id="232"><net_src comp="228" pin="1"/><net_sink comp="125" pin=0"/></net>

<net id="236"><net_src comp="125" pin="2"/><net_sink comp="233" pin=0"/></net>

<net id="237"><net_src comp="233" pin="1"/><net_sink comp="133" pin=0"/></net>

<net id="241"><net_src comp="130" pin="1"/><net_sink comp="238" pin=0"/></net>

<net id="242"><net_src comp="238" pin="1"/><net_sink comp="171" pin=1"/></net>

<net id="246"><net_src comp="142" pin="4"/><net_sink comp="243" pin=0"/></net>

<net id="247"><net_src comp="243" pin="1"/><net_sink comp="163" pin=0"/></net>

<net id="251"><net_src comp="163" pin="2"/><net_sink comp="248" pin=0"/></net>

<net id="252"><net_src comp="248" pin="1"/><net_sink comp="168" pin=0"/></net>

<net id="256"><net_src comp="176" pin="4"/><net_sink comp="253" pin=0"/></net>

<net id="257"><net_src comp="253" pin="1"/><net_sink comp="193" pin=0"/></net>

</net_list>

</model> 
---------------- Datapath Model END ------------------

* FSMD analyzer results:
  - Output states:
	Port: x_val | {}
	Port: a3_val | {}
	Port: a2_val | {}
	Port: a1_val | {}
	Port: a0_val | {}
 - Input state : 
	Port: horner_core : x_val | {1 }
	Port: horner_core : a3_val | {1 }
	Port: horner_core : a2_val | {1 }
	Port: horner_core : a1_val | {1 }
	Port: horner_core : a0_val | {1 }
  - Chain level:
	State 1
		sext_ln14 : 1
		mul_ln14 : 2
		specfucore_ln13 : 3
		mul : 3
	State 2
		sext_ln15 : 1
		acc_1 : 2
	State 3
		mul_ln16 : 1
		specfucore_ln13 : 2
		mul_1 : 2
	State 4
		sext_ln17 : 1
		acc_2 : 2
	State 5
		mul_ln18 : 1
		specfucore_ln13 : 2
		mul_2 : 2
	State 6
		rend13 : 1
		rend11 : 1
		rend : 1
		acc_3 : 1
		trunc_ln : 2
		ret_ln21 : 3


============================================================
+ Verbose Summary: Datapath Resource usage 
============================================================

* Functional unit list:
|----------|------------------------|---------|---------|---------|
| Operation|     Functional Unit    |   DSP   |    FF   |   LUT   |
|----------|------------------------|---------|---------|---------|
|          |     mul_ln14_fu_98     |    0    |    0    |   468   |
|    mul   |     mul_ln16_fu_136    |    0    |    0    |   663   |
|          |     mul_ln18_fu_171    |    0    |    0    |   663   |
|----------|------------------------|---------|---------|---------|
|          |      acc_1_fu_125      |    0    |    0    |    31   |
|    add   |      acc_2_fu_163      |    0    |    0    |    31   |
|          |      acc_3_fu_193      |    0    |    0    |    27   |
|----------|------------------------|---------|---------|---------|
|          | a0_val_read_read_fu_52 |    0    |    0    |    0    |
|          | a1_val_read_read_fu_58 |    0    |    0    |    0    |
|   read   | a2_val_read_read_fu_64 |    0    |    0    |    0    |
|          | a3_val_read_read_fu_70 |    0    |    0    |    0    |
|          |  x_val_read_read_fu_76 |    0    |    0    |    0    |
|----------|------------------------|---------|---------|---------|
|          |        acc_fu_82       |    0    |    0    |    0    |
|bitconcatenate|      shl_ln_fu_114     |    0    |    0    |    0    |
|          |     shl_ln1_fu_152     |    0    |    0    |    0    |
|          |     shl_ln2_fu_186     |    0    |    0    |    0    |
|----------|------------------------|---------|---------|---------|
|          |     sext_ln14_fu_90    |    0    |    0    |    0    |
|          |    sext_ln14_2_fu_94   |    0    |    0    |    0    |
|          |    sext_ln15_fu_121    |    0    |    0    |    0    |
|   sext   |   sext_ln14_1_fu_130   |    0    |    0    |    0    |
|          |    sext_ln16_fu_133    |    0    |    0    |    0    |
|          |    sext_ln17_fu_159    |    0    |    0    |    0    |
|          |    sext_ln18_fu_168    |    0    |    0    |    0    |
|----------|------------------------|---------|---------|---------|
|          |       mul_fu_104       |    0    |    0    |    0    |
|partselect|      mul_1_fu_142      |    0    |    0    |    0    |
|          |      mul_2_fu_176      |    0    |    0    |    0    |
|          |     trunc_ln_fu_198    |    0    |    0    |    0    |
|----------|------------------------|---------|---------|---------|
|   Total  |                        |    0    |    0    |   1883  |
|----------|------------------------|---------|---------|---------|

Memories:
N/A

* Register list:
+-------------------+--------+
|                   |   FF   |
+-------------------+--------+
|a0_val_read_reg_208|   16   |
|a1_val_read_reg_213|   16   |
|a2_val_read_reg_218|   16   |
|   acc_1_reg_233   |   24   |
|   acc_2_reg_248   |   24   |
|   mul_1_reg_243   |   24   |
|   mul_2_reg_253   |   20   |
|    mul_reg_228    |   24   |
|sext_ln14_1_reg_238|   40   |
| x_val_read_reg_223|   16   |
+-------------------+--------+
|       Total       |   220  |
+-------------------+--------+

* Multiplexer (MUX) list: 
|--------|------|------|------|--------|
|  Comp  |  Pin | Size |  BW  | S x BW |
|--------|------|------|------|--------|
|  Total |      |      |      |    0   |
|--------|------|------|------|--------|



* Summary:
+-----------+--------+--------+--------+
|           |   DSP  |   FF   |   LUT  |
+-----------+--------+--------+--------+
|  Function |    0   |    0   |  1883  |
|   Memory  |    -   |    -   |    -   |
|Multiplexer|    -   |    -   |    -   |
|  Register |    -   |   220  |    -   |
+-----------+--------+--------+--------+
|   Total   |    0   |   220  |  1883  |
+-----------+--------+--------+--------+
