

================================================================
== Vitis HLS Report for 'camta'
================================================================
* Date:           Sat Mar 14 19:09:49 2026

* Version:        2023.2 (Build 4023990 on Oct 11 2023)
* Project:        camta_hls
* Solution:       solution1 (Vivado IP Flow Target)
* Product family: zynquplus
* Target device:  xck26-sfvc784-2LV-c


================================================================
== Performance Estimates
================================================================
+ Timing: 
    * Summary: 
    +--------+---------+----------+------------+
    |  Clock |  Target | Estimated| Uncertainty|
    +--------+---------+----------+------------+
    |ap_clk  |  4.00 ns|  2.979 ns|     1.08 ns|
    +--------+---------+----------+------------+

+ Latency: 
    * Summary: 
    +---------+---------+-----------+-----------+-----+-----+---------+
    |  Latency (cycles) |   Latency (absolute)  |  Interval | Pipeline|
    |   min   |   max   |    min    |    max    | min | max |   Type  |
    +---------+---------+-----------+-----------+-----+-----+---------+
    |        7|        7|  28.000 ns|  28.000 ns|    1|    1|      yes|
    +---------+---------+-----------+-----------+-----+-----+---------+

    + Detail: 
        * Instance: 
        +------------------------+-------------+---------+---------+-----------+-----------+-----+-----+---------+
        |                        |             |  Latency (cycles) |   Latency (absolute)  |  Interval | Pipeline|
        |        Instance        |    Module   |   min   |   max   |    min    |    max    | min | max |   Type  |
        +------------------------+-------------+---------+---------+-----------+-----------+-----+-----+---------+
        |grp_horner_core_fu_140  |horner_core  |        5|        5|  20.000 ns|  20.000 ns|    1|    1|      yes|
        +------------------------+-------------+---------+---------+-----------+-----------+-----+-----+---------+

        * Loop: 
        N/A



================================================================
== Utilization Estimates
================================================================
* Summary: 
+-----------------+---------+------+--------+--------+-----+
|       Name      | BRAM_18K|  DSP |   FF   |   LUT  | URAM|
+-----------------+---------+------+--------+--------+-----+
|DSP              |        -|     -|       -|       -|    -|
|Expression       |        -|     -|       0|     201|    -|
|FIFO             |        -|     -|       -|       -|    -|
|Instance         |        -|     0|     501|    1961|    -|
|Memory           |        -|     -|       -|       -|    -|
|Multiplexer      |        -|     -|       -|       -|    -|
|Register         |        -|     -|      88|       -|    -|
+-----------------+---------+------+--------+--------+-----+
|Total            |        0|     0|     589|    2162|    0|
+-----------------+---------+------+--------+--------+-----+
|Available        |      288|  1248|  234240|  117120|   64|
+-----------------+---------+------+--------+--------+-----+
|Utilization (%)  |        0|     0|      ~0|       1|    0|
+-----------------+---------+------+--------+--------+-----+

+ Detail: 
    * Instance: 
    +------------------------+-------------+---------+----+-----+------+-----+
    |        Instance        |    Module   | BRAM_18K| DSP|  FF |  LUT | URAM|
    +------------------------+-------------+---------+----+-----+------+-----+
    |grp_horner_core_fu_140  |horner_core  |        0|   0|  501|  1961|    0|
    +------------------------+-------------+---------+----+-----+------+-----+
    |Total                   |             |        0|   0|  501|  1961|    0|
    +------------------------+-------------+---------+----+-----+------+-----+

    * DSP: 
    N/A

    * Memory: 
    N/A

    * FIFO: 
    N/A

    * Expression: 
    +-------------------------+----------+----+---+----+------------+------------+
    |      Variable Name      | Operation| DSP| FF| LUT| Bitwidth P0| Bitwidth P1|
    +-------------------------+----------+----+---+----+------------+------------+
    |sub_ln17_fu_153_p2       |         -|   0|  0|  24|           1|          17|
    |icmp_ln17_fu_163_p2      |      icmp|   0|  0|  24|          17|          17|
    |icmp_ln20_fu_169_p2      |      icmp|   0|  0|  23|          16|          16|
    |a0_fu_231_p3             |    select|   0|  0|  16|           1|          16|
    |a1_fu_223_p3             |    select|   0|  0|  16|           1|          16|
    |a2_fu_215_p3             |    select|   0|  0|  16|           1|          16|
    |a3_fu_207_p3             |    select|   0|  0|  16|           1|          16|
    |select_ln20_1_fu_183_p3  |    select|   0|  0|  16|           1|          16|
    |select_ln20_2_fu_191_p3  |    select|   0|  0|  16|           1|          16|
    |select_ln20_3_fu_199_p3  |    select|   0|  0|  16|           1|          16|
    |select_ln20_fu_175_p3    |    select|   0|  0|  16|           1|          16|
    |ap_enable_pp0            |       xor|   0|  0|   2|           1|           2|
    +-------------------------+----------+----+---+----+------------+------------+
    |Total                    |          |   0|  0| 201|          43|         180|
    +-------------------------+----------+----+---+----+------------+------------+

    * Multiplexer: 
    N/A

    * Register: 
    +-------------------------+----+----+-----+-----------+
    |           Name          | FF | LUT| Bits| Const Bits|
    +-------------------------+----+----+-----+-----------+
    |a0_reg_259               |  16|   0|   16|          0|
    |a1_reg_254               |  16|   0|   16|          0|
    |a2_reg_249               |  16|   0|   16|          0|
    |a3_reg_244               |  16|   0|   16|          0|
    |ap_CS_fsm                |   1|   0|    1|          0|
    |ap_enable_reg_pp0_iter1  |   1|   0|    1|          0|
    |ap_enable_reg_pp0_iter2  |   1|   0|    1|          0|
    |ap_enable_reg_pp0_iter3  |   1|   0|    1|          0|
    |ap_enable_reg_pp0_iter4  |   1|   0|    1|          0|
    |ap_enable_reg_pp0_iter5  |   1|   0|    1|          0|
    |ap_enable_reg_pp0_iter6  |   1|   0|    1|          0|
    |ap_enable_reg_pp0_iter7  |   1|   0|    1|          0|
    |x_read_reg_239           |  16|   0|   16|          0|
    +-------------------------+----+----+-----+-----------+
    |Total                    |  88|   0|   88|          0|
    +-------------------------+----+----+-----+-----------+



================================================================
== Interface
================================================================
* Summary: 
+-----------+-----+-----+------------+--------------+--------------+
| RTL Ports | Dir | Bits|  Protocol  | Source Object|    C Type    |
+-----------+-----+-----+------------+--------------+--------------+
|ap_clk     |   in|    1|  ap_ctrl_hs|         camta|  return value|
|ap_rst     |   in|    1|  ap_ctrl_hs|         camta|  return value|
|ap_start   |   in|    1|  ap_ctrl_hs|         camta|  return value|
|ap_done    |  out|    1|  ap_ctrl_hs|         camta|  return value|
|ap_idle    |  out|    1|  ap_ctrl_hs|         camta|  return value|
|ap_ready   |  out|    1|  ap_ctrl_hs|         camta|  return value|
|ap_return  |  out|   16|  ap_ctrl_hs|         camta|  return value|
|x          |   in|   16|     ap_none|             x|        scalar|
|L          |   in|   16|     ap_none|             L|        scalar|
|a3_r0      |   in|   16|     ap_none|         a3_r0|        scalar|
|a2_r0      |   in|   16|     ap_none|         a2_r0|        scalar|
|a1_r0      |   in|   16|     ap_none|         a1_r0|        scalar|
|a0_r0      |   in|   16|     ap_none|         a0_r0|        scalar|
|a3_r1      |   in|   16|     ap_none|         a3_r1|        scalar|
|a2_r1      |   in|   16|     ap_none|         a2_r1|        scalar|
|a1_r1      |   in|   16|     ap_none|         a1_r1|        scalar|
|a0_r1      |   in|   16|     ap_none|         a0_r1|        scalar|
|a3_r2      |   in|   16|     ap_none|         a3_r2|        scalar|
|a2_r2      |   in|   16|     ap_none|         a2_r2|        scalar|
|a1_r2      |   in|   16|     ap_none|         a1_r2|        scalar|
|a0_r2      |   in|   16|     ap_none|         a0_r2|        scalar|
+-----------+-----+-----+------------+--------------+--------------+

