

================================================================
== Synthesis Summary Report of 'camta'
================================================================
+ General Information: 
    * Date:           Sat Mar 14 19:09:49 2026
    * Version:        2023.2 (Build 4023990 on Oct 11 2023)
    * Project:        camta_hls
    * Solution:       solution1 (Vivado IP Flow Target)
    * Product family: zynquplus
    * Target device:  xck26-sfvc784-2LV-c
    

+ Performance & Resource Estimates: 
    
    PS: '+' for module; 'o' for loop; '*' for dataflow
    +----------------+--------+-------+---------+--------+----------+---------+------+----------+------+----+-----------+-----------+-----+
    |     Modules    |  Issue |       | Latency | Latency| Iteration|         | Trip |          |      |    |           |           |     |
    |     & Loops    |  Type  | Slack | (cycles)|  (ns)  |  Latency | Interval| Count| Pipelined| BRAM | DSP|     FF    |    LUT    | URAM|
    +----------------+--------+-------+---------+--------+----------+---------+------+----------+------+----+-----------+-----------+-----+
    |+ camta         |  Timing|  -0.06|        7|  28.000|         -|        1|     -|       yes|     -|   -|  589 (~0%)|  2162 (1%)|    -|
    | + horner_core  |  Timing|  -0.06|        5|  20.000|         -|        1|     -|       yes|     -|   -|  501 (~0%)|  1961 (1%)|    -|
    +----------------+--------+-------+---------+--------+----------+---------+------+----------+------+----+-----------+-----------+-----+


================================================================
== HW Interfaces
================================================================
* Other Ports
+-----------+---------+-----------+----------+
| Port      | Mode    | Direction | Bitwidth |
+-----------+---------+-----------+----------+
| L         | ap_none | in        | 16       |
| a0_r0     | ap_none | in        | 16       |
| a0_r1     | ap_none | in        | 16       |
| a0_r2     | ap_none | in        | 16       |
| a1_r0     | ap_none | in        | 16       |
| a1_r1     | ap_none | in        | 16       |
| a1_r2     | ap_none | in        | 16       |
| a2_r0     | ap_none | in        | 16       |
| a2_r1     | ap_none | in        | 16       |
| a2_r2     | ap_none | in        | 16       |
| a3_r0     | ap_none | in        | 16       |
| a3_r1     | ap_none | in        | 16       |
| a3_r2     | ap_none | in        | 16       |
| ap_return |         | out       | 16       |
| x         | ap_none | in        | 16       |
+-----------+---------+-----------+----------+

* TOP LEVEL CONTROL
+-----------+------------+-----------------------------------+
| Interface | Type       | Ports                             |
+-----------+------------+-----------------------------------+
| ap_clk    | clock      | ap_clk                            |
| ap_rst    | reset      | ap_rst                            |
| ap_ctrl   | ap_ctrl_hs | ap_done ap_idle ap_ready ap_start |
+-----------+------------+-----------------------------------+


================================================================
== SW I/O Information
================================================================
* Top Function Arguments
+----------+-----------+-------------------------------------+
| Argument | Direction | Datatype                            |
+----------+-----------+-------------------------------------+
| x        | in        | ap_fixed<16, 6, AP_TRN, AP_WRAP, 0> |
| L        | in        | ap_fixed<16, 6, AP_TRN, AP_WRAP, 0> |
| a3_r0    | in        | ap_fixed<16, 6, AP_TRN, AP_WRAP, 0> |
| a2_r0    | in        | ap_fixed<16, 6, AP_TRN, AP_WRAP, 0> |
| a1_r0    | in        | ap_fixed<16, 6, AP_TRN, AP_WRAP, 0> |
| a0_r0    | in        | ap_fixed<16, 6, AP_TRN, AP_WRAP, 0> |
| a3_r1    | in        | ap_fixed<16, 6, AP_TRN, AP_WRAP, 0> |
| a2_r1    | in        | ap_fixed<16, 6, AP_TRN, AP_WRAP, 0> |
| a1_r1    | in        | ap_fixed<16, 6, AP_TRN, AP_WRAP, 0> |
| a0_r1    | in        | ap_fixed<16, 6, AP_TRN, AP_WRAP, 0> |
| a3_r2    | in        | ap_fixed<16, 6, AP_TRN, AP_WRAP, 0> |
| a2_r2    | in        | ap_fixed<16, 6, AP_TRN, AP_WRAP, 0> |
| a1_r2    | in        | ap_fixed<16, 6, AP_TRN, AP_WRAP, 0> |
| a0_r2    | in        | ap_fixed<16, 6, AP_TRN, AP_WRAP, 0> |
| return   | out       | ap_fixed<16, 6, AP_TRN, AP_WRAP, 0> |
+----------+-----------+-------------------------------------+

* SW-to-HW Mapping
+----------+--------------+---------+
| Argument | HW Interface | HW Type |
+----------+--------------+---------+
| x        | x            | port    |
| L        | L            | port    |
| a3_r0    | a3_r0        | port    |
| a2_r0    | a2_r0        | port    |
| a1_r0    | a1_r0        | port    |
| a0_r0    | a0_r0        | port    |
| a3_r1    | a3_r1        | port    |
| a2_r1    | a2_r1        | port    |
| a1_r1    | a1_r1        | port    |
| a0_r1    | a0_r1        | port    |
| a3_r2    | a3_r2        | port    |
| a2_r2    | a2_r2        | port    |
| a1_r2    | a1_r2        | port    |
| a0_r2    | a0_r2        | port    |
| return   | ap_return    | port    |
+----------+--------------+---------+


================================================================
== Bind Op Report
================================================================
+--------------------------+-----+--------+----------+-----+--------+---------+
| Name                     | DSP | Pragma | Variable | Op  | Impl   | Latency |
+--------------------------+-----+--------+----------+-----+--------+---------+
| + camta                  | 0   |        |          |     |        |         |
|   sub_ln17_fu_153_p2     |     |        | sub_ln17 | sub | fabric | 0       |
|  + horner_core           | 0   |        |          |     |        |         |
|    mul_20s_16s_36_1_0_U1 |     | yes    | mul_ln14 | mul | fabric | 0       |
|    acc_1_fu_125_p2       |     |        | acc_1    | add | fabric | 0       |
|    mul_24s_16s_40_1_0_U2 |     | yes    | mul_ln16 | mul | fabric | 0       |
|    acc_2_fu_163_p2       |     |        | acc_2    | add | fabric | 0       |
|    mul_24s_16s_40_1_0_U3 |     | yes    | mul_ln18 | mul | fabric | 0       |
|    acc_3_fu_193_p2       |     |        | acc_3    | add | fabric | 0       |
+--------------------------+-----+--------+----------+-----+--------+---------+


================================================================
== Storage Report
================================================================
  No bind storage info in design

================================================================
== Pragma Report
================================================================
* Pragmas with Warnings
+----------+---------------------------+--------------------------------------------+----------------------------------------------------------------------------+
| Type     | Options                   | Location                                   | Messages                                                                   |
+----------+---------------------------+--------------------------------------------+----------------------------------------------------------------------------+
| resource | variable=mul core=Mul_LUT | src/horner_core.cpp:13 in horner_core, mul | 'Resource pragma' is deprecated, use 'bind_op/bind_storage pragma' instead |
+----------+---------------------------+--------------------------------------------+----------------------------------------------------------------------------+

* Valid Pragma Syntax
+----------+---------+---------------------------------------+
| Type     | Options | Location                              |
+----------+---------+---------------------------------------+
| pipeline | II=1    | src/camta.cpp:13 in camta             |
| inline   | off     | src/horner_core.cpp:10 in horner_core |
+----------+---------+---------------------------------------+


