

================================================================
== Vitis HLS Report for 'horner_core'
================================================================
* Date:           Sat Mar 14 19:09:48 2026

* Version:        2023.2 (Build 4023990 on Oct 11 2023)
* Project:        camta_hls
* Solution:       solution1 (Vivado IP Flow Target)
* Product family: zynquplus
* Target device:  xck26-sfvc784-2LV-c


================================================================
== Performance Estimates
================================================================
+ Timing: 
    * Summary: 
    +--------+---------+----------+------------+
    |  Clock |  Target | Estimated| Uncertainty|
    +--------+---------+----------+------------+
    |ap_clk  |  4.00 ns|  2.979 ns|     1.08 ns|
    +--------+---------+----------+------------+

+ Latency: 
    * Summary: 
    +---------+---------+-----------+-----------+-----+-----+---------+
    |  Latency (cycles) |   Latency (absolute)  |  Interval | Pipeline|
    |   min   |   max   |    min    |    max    | min | max |   Type  |
    +---------+---------+-----------+-----------+-----+-----+---------+
    |        5|        5|  20.000 ns|  20.000 ns|    1|    1|      yes|
    +---------+---------+-----------+-----------+-----+-----+---------+

    + Detail: 
        * Instance: 
        N/A

        * Loop: 
        N/A



================================================================
== Utilization Estimates
================================================================
* Summary: 
+-----------------+---------+------+--------+--------+-----+
|       Name      | BRAM_18K|  DSP |   FF   |   LUT  | URAM|
+-----------------+---------+------+--------+--------+-----+
|DSP              |        -|     -|       -|       -|    -|
|Expression       |        -|     -|       0|      89|    -|
|FIFO             |        -|     -|       -|       -|    -|
|Instance         |        -|     0|       0|    1794|    -|
|Memory           |        -|     -|       -|       -|    -|
|Multiplexer      |        -|     -|       -|      14|    -|
|Register         |        -|     -|     501|      64|    -|
+-----------------+---------+------+--------+--------+-----+
|Total            |        0|     0|     501|    1961|    0|
+-----------------+---------+------+--------+--------+-----+
|Available        |      288|  1248|  234240|  117120|   64|
+-----------------+---------+------+--------+--------+-----+
|Utilization (%)  |        0|     0|      ~0|       1|    0|
+-----------------+---------+------+--------+--------+-----+

+ Detail: 
    * Instance: 
    +-----------------------+--------------------+---------+----+---+-----+-----+
    |        Instance       |       Module       | BRAM_18K| DSP| FF| LUT | URAM|
    +-----------------------+--------------------+---------+----+---+-----+-----+
    |mul_20s_16s_36_1_0_U1  |mul_20s_16s_36_1_0  |        0|   0|  0|  468|    0|
    |mul_24s_16s_40_1_0_U2  |mul_24s_16s_40_1_0  |        0|   0|  0|  663|    0|
    |mul_24s_16s_40_1_0_U3  |mul_24s_16s_40_1_0  |        0|   0|  0|  663|    0|
    +-----------------------+--------------------+---------+----+---+-----+-----+
    |Total                  |                    |        0|   0|  0| 1794|    0|
    +-----------------------+--------------------+---------+----+---+-----+-----+

    * DSP: 
    N/A

    * Memory: 
    N/A

    * FIFO: 
    N/A

    * Expression: 
    +-----------------+----------+----+---+----+------------+------------+
    |  Variable Name  | Operation| DSP| FF| LUT| Bitwidth P0| Bitwidth P1|
    +-----------------+----------+----+---+----+------------+------------+
    |acc_1_fu_125_p2  |         +|   0|  0|  31|          24|          24|
    |acc_2_fu_163_p2  |         +|   0|  0|  31|          24|          24|
    |acc_3_fu_193_p2  |         +|   0|  0|  27|          20|          20|
    +-----------------+----------+----+---+----+------------+------------+
    |Total            |          |   0|  0|  89|          68|          68|
    +-----------------+----------+----+---+----+------------+------------+

    * Multiplexer: 
    +-----------+----+-----------+-----+-----------+
    |    Name   | LUT| Input Size| Bits| Total Bits|
    +-----------+----+-----------+-----+-----------+
    |ap_return  |  14|          3|   16|         48|
    +-----------+----+-----------+-----+-----------+
    |Total      |  14|          3|   16|         48|
    +-----------+----+-----------+-----+-----------+

    * Register: 
    +-----------------------------------+----+----+-----+-----------+
    |                Name               | FF | LUT| Bits| Const Bits|
    +-----------------------------------+----+----+-----+-----------+
    |a0_val_int_reg                     |  16|   0|   16|          0|
    |a0_val_read_reg_208                |  16|   0|   16|          0|
    |a1_val_int_reg                     |  16|   0|   16|          0|
    |a1_val_read_reg_213                |  16|   0|   16|          0|
    |a2_val_int_reg                     |  16|   0|   16|          0|
    |a2_val_read_reg_218                |  16|   0|   16|          0|
    |a3_val_int_reg                     |  16|   0|   16|          0|
    |acc_1_reg_233                      |  24|   0|   24|          0|
    |acc_2_reg_248                      |  24|   0|   24|          0|
    |ap_ce_reg                          |   1|   0|    1|          0|
    |ap_return_int_reg                  |  16|   0|   16|          0|
    |mul_1_reg_243                      |  24|   0|   24|          0|
    |mul_2_reg_253                      |  20|   0|   20|          0|
    |mul_reg_228                        |  24|   0|   24|          0|
    |sext_ln14_1_reg_238                |  40|   0|   40|          0|
    |sext_ln14_1_reg_238_pp0_iter3_reg  |  40|   0|   40|          0|
    |x_val_int_reg                      |  16|   0|   16|          0|
    |x_val_read_reg_223                 |  16|   0|   16|          0|
    |x_val_read_reg_223_pp0_iter1_reg   |  16|   0|   16|          0|
    |a0_val_read_reg_208                |  64|  32|   16|          0|
    |a1_val_read_reg_213                |  64|  32|   16|          0|
    +-----------------------------------+----+----+-----+-----------+
    |Total                              | 501|  64|  405|          0|
    +-----------------------------------+----+----+-----+-----------+



================================================================
== Interface
================================================================
* Summary: 
+-----------+-----+-----+------------+--------------+--------------+
| RTL Ports | Dir | Bits|  Protocol  | Source Object|    C Type    |
+-----------+-----+-----+------------+--------------+--------------+
|ap_clk     |   in|    1|  ap_ctrl_hs|   horner_core|  return value|
|ap_rst     |   in|    1|  ap_ctrl_hs|   horner_core|  return value|
|ap_return  |  out|   16|  ap_ctrl_hs|   horner_core|  return value|
|ap_ce      |   in|    1|  ap_ctrl_hs|   horner_core|  return value|
|x_val      |   in|   16|     ap_none|         x_val|        scalar|
|a3_val     |   in|   16|     ap_none|        a3_val|        scalar|
|a2_val     |   in|   16|     ap_none|        a2_val|        scalar|
|a1_val     |   in|   16|     ap_none|        a1_val|        scalar|
|a0_val     |   in|   16|     ap_none|        a0_val|        scalar|
+-----------+-----+-----+------------+--------------+--------------+

