

================================================================
== Vitis HLS Report for 'horner_core'
================================================================
* Date:           Sat Mar 14 17:10:37 2026

* Version:        2023.2 (Build 4023990 on Oct 11 2023)
* Project:        horner_core
* Solution:       solution (Vitis Kernel Flow Target)
* Product family: zynquplus
* Target device:  xck26-sfvc784-2LV-c


================================================================
== Performance Estimates
================================================================
+ Timing: 
    * Summary: 
    +--------+---------+----------+------------+
    |  Clock |  Target | Estimated| Uncertainty|
    +--------+---------+----------+------------+
    |ap_clk  |  4.00 ns|  2.365 ns|     1.08 ns|
    +--------+---------+----------+------------+

+ Latency: 
    * Summary: 
    +---------+---------+-----------+-----------+-----+-----+---------+
    |  Latency (cycles) |   Latency (absolute)  |  Interval | Pipeline|
    |   min   |   max   |    min    |    max    | min | max |   Type  |
    +---------+---------+-----------+-----------+-----+-----+---------+
    |       11|       11|  44.000 ns|  44.000 ns|    3|    3|      yes|
    +---------+---------+-----------+-----------+-----+-----+---------+

    + Detail: 
        * Instance: 
        N/A

        * Loop: 
        N/A



================================================================
== Utilization Estimates
================================================================
* Summary: 
+-----------------+---------+------+--------+--------+-----+
|       Name      | BRAM_18K|  DSP |   FF   |   LUT  | URAM|
+-----------------+---------+------+--------+--------+-----+
|DSP              |        -|     -|       -|       -|    -|
|Expression       |        -|     -|       0|     145|    -|
|FIFO             |        -|     -|       -|       -|    -|
|Instance         |        0|     2|     327|     281|    0|
|Memory           |        -|     -|       -|       -|    -|
|Multiplexer      |        -|     -|       -|      87|    -|
|Register         |        -|     -|     441|      64|    -|
+-----------------+---------+------+--------+--------+-----+
|Total            |        0|     2|     768|     577|    0|
+-----------------+---------+------+--------+--------+-----+
|Available        |      288|  1248|  234240|  117120|   64|
+-----------------+---------+------+--------+--------+-----+
|Utilization (%)  |        0|    ~0|      ~0|      ~0|    0|
+-----------------+---------+------+--------+--------+-----+

+ Detail: 
    * Instance: 
    +-----------------------+--------------------+---------+----+-----+-----+-----+
    |        Instance       |       Module       | BRAM_18K| DSP|  FF | LUT | URAM|
    +-----------------------+--------------------+---------+----+-----+-----+-----+
    |control_s_axi_U        |control_s_axi       |        0|   0|  162|  232|    0|
    |mul_32s_16s_42_2_1_U1  |mul_32s_16s_42_2_1  |        0|   2|  165|   49|    0|
    +-----------------------+--------------------+---------+----+-----+-----+-----+
    |Total                  |                    |        0|   2|  327|  281|    0|
    +-----------------------+--------------------+---------+----+-----+-----+-----+

    * DSP: 
    N/A

    * Memory: 
    N/A

    * FIFO: 
    N/A

    * Expression: 
    +---------------------------+----------+----+---+----+------------+------------+
    |       Variable Name       | Operation| DSP| FF| LUT| Bitwidth P0| Bitwidth P1|
    +---------------------------+----------+----+---+----+------------+------------+
    |add_ln17_fu_156_p2         |         +|   0|  0|  49|          42|          42|
    |add_ln18_fu_187_p2         |         +|   0|  0|  49|          42|          42|
    |add_ln19_fu_218_p2         |         +|   0|  0|  43|          36|          36|
    |ap_block_pp0_stage0_11001  |        or|   0|  0|   2|           1|           1|
    |ap_enable_pp0              |       xor|   0|  0|   2|           1|           2|
    +---------------------------+----------+----+---+----+------------+------------+
    |Total                      |          |   0|  0| 145|         122|         123|
    +---------------------------+----------+----+---+----+------------+------------+

    * Multiplexer: 
    +-------------------------+----+-----------+-----+-----------+
    |           Name          | LUT| Input Size| Bits| Total Bits|
    +-------------------------+----+-----------+-----+-----------+
    |ap_NS_fsm                |  20|          4|    1|          4|
    |ap_done                  |   9|          2|    1|          2|
    |ap_enable_reg_pp0_iter0  |   9|          2|    1|          2|
    |ap_return                |   9|          2|   16|         32|
    |grp_fu_108_p0            |  20|          4|   32|        128|
    |grp_fu_108_p1            |  20|          4|   16|         64|
    +-------------------------+----+-----------+-----+-----------+
    |Total                    |  87|         18|   67|        232|
    +-------------------------+----+-----------+-----+-----------+

    * Register: 
    +-------------------------------+----+----+-----+-----------+
    |              Name             | FF | LUT| Bits| Const Bits|
    +-------------------------------+----+----+-----+-----------+
    |a0_read_reg_255                |  16|   0|   16|          0|
    |a1_read_reg_260                |  16|   0|   16|          0|
    |a1_read_reg_260_pp0_iter1_reg  |  16|   0|   16|          0|
    |a2_read_reg_265                |  16|   0|   16|          0|
    |a3_read_reg_234                |  16|   0|   16|          0|
    |acc_1_reg_270                  |  32|   0|   32|          0|
    |acc_2_reg_280                  |  32|   0|   32|          0|
    |ap_CS_fsm                      |   3|   0|    3|          0|
    |ap_done_reg                    |   1|   0|    1|          0|
    |ap_enable_reg_pp0_iter0_reg    |   1|   0|    1|          0|
    |ap_enable_reg_pp0_iter1        |   1|   0|    1|          0|
    |ap_enable_reg_pp0_iter2        |   1|   0|    1|          0|
    |ap_enable_reg_pp0_iter3        |   1|   0|    1|          0|
    |ap_return_preg                 |  16|   0|   16|          0|
    |ap_rst_n_inv                   |   1|   0|    1|          0|
    |ap_rst_reg_1                   |   1|   0|    1|          0|
    |ap_rst_reg_2                   |   1|   0|    1|          0|
    |reg_125                        |  42|   0|   42|          0|
    |x_cast_reg_245                 |  42|   0|   42|          0|
    |x_cast_reg_245_pp0_iter1_reg   |  42|   0|   42|          0|
    |x_read_reg_239                 |  16|   0|   16|          0|
    |a0_read_reg_255                |  64|  32|   16|          0|
    |x_read_reg_239                 |  64|  32|   16|          0|
    +-------------------------------+----+----+-----+-----------+
    |Total                          | 441|  64|  345|          0|
    +-------------------------------+----+----+-----+-----------+



================================================================
== Interface
================================================================
* Summary: 
+-----------------------+-----+-----+---------------+--------------+--------------+
|       RTL Ports       | Dir | Bits|    Protocol   | Source Object|    C Type    |
+-----------------------+-----+-----+---------------+--------------+--------------+
|s_axi_control_AWVALID  |   in|    1|          s_axi|       control|        scalar|
|s_axi_control_AWREADY  |  out|    1|          s_axi|       control|        scalar|
|s_axi_control_AWADDR   |   in|    6|          s_axi|       control|        scalar|
|s_axi_control_WVALID   |   in|    1|          s_axi|       control|        scalar|
|s_axi_control_WREADY   |  out|    1|          s_axi|       control|        scalar|
|s_axi_control_WDATA    |   in|   32|          s_axi|       control|        scalar|
|s_axi_control_WSTRB    |   in|    4|          s_axi|       control|        scalar|
|s_axi_control_ARVALID  |   in|    1|          s_axi|       control|        scalar|
|s_axi_control_ARREADY  |  out|    1|          s_axi|       control|        scalar|
|s_axi_control_ARADDR   |   in|    6|          s_axi|       control|        scalar|
|s_axi_control_RVALID   |  out|    1|          s_axi|       control|        scalar|
|s_axi_control_RREADY   |   in|    1|          s_axi|       control|        scalar|
|s_axi_control_RDATA    |  out|   32|          s_axi|       control|        scalar|
|s_axi_control_RRESP    |  out|    2|          s_axi|       control|        scalar|
|s_axi_control_BVALID   |  out|    1|          s_axi|       control|        scalar|
|s_axi_control_BREADY   |   in|    1|          s_axi|       control|        scalar|
|s_axi_control_BRESP    |  out|    2|          s_axi|       control|        scalar|
|ap_clk                 |   in|    1|  ap_ctrl_chain|   horner_core|  return value|
|ap_rst_n               |   in|    1|  ap_ctrl_chain|   horner_core|  return value|
|interrupt              |  out|    1|  ap_ctrl_chain|   horner_core|  return value|
+-----------------------+-----+-----+---------------+--------------+--------------+

