

================================================================
== Synthesis Summary Report of 'horner_core_pipeline'
================================================================
+ General Information: 
    * Date:           Tue Mar 10 20:28:34 2026
    * Version:        2023.2 (Build 4023990 on Oct 11 2023)
    * Project:        horner_core_pipeline
    * Solution:       solution (Vitis Kernel Flow Target)
    * Product family: zynquplus
    * Target device:  xck26-sfvc784-2LV-c
    

+ Performance & Resource Estimates: 
    
    PS: '+' for module; 'o' for loop; '*' for dataflow
    +------------------------+------+------+---------+--------+----------+---------+------+----------+------+---------+-----------+-----------+-----+
    |         Modules        | Issue|      | Latency | Latency| Iteration|         | Trip |          |      |         |           |           |     |
    |         & Loops        | Type | Slack| (cycles)|  (ns)  |  Latency | Interval| Count| Pipelined| BRAM |   DSP   |     FF    |    LUT    | URAM|
    +------------------------+------+------+---------+--------+----------+---------+------+----------+------+---------+-----------+-----------+-----+
    |+ horner_core_pipeline  |     -|  0.92|        9|  36.000|         -|        1|     -|       yes|     -|  3 (~0%)|  474 (~0%)|  350 (~0%)|    -|
    +------------------------+------+------+---------+--------+----------+---------+------+----------+------+---------+-----------+-----------+-----+


================================================================
== HW Interfaces
================================================================
* S_AXILITE Interfaces
+---------------+------------+---------------+--------+----------+
| Interface     | Data Width | Address Width | Offset | Register |
+---------------+------------+---------------+--------+----------+
| s_axi_control | 32         | 6             | 24     | 0        |
+---------------+------------+---------------+--------+----------+

* S_AXILITE Registers
+---------------+-----------+--------+-------+--------+----------------------------------+------------------------------------------------------------------------------------+
| Interface     | Register  | Offset | Width | Access | Description                      | Bit Fields                                                                         |
+---------------+-----------+--------+-------+--------+----------------------------------+------------------------------------------------------------------------------------+
| s_axi_control | CTRL      | 0x00   | 32    | RW     | Control signals                  | 0=AP_START 1=AP_DONE 2=AP_IDLE 3=AP_READY 4=AP_CONTINUE 7=AUTO_RESTART 9=INTERRUPT |
| s_axi_control | GIER      | 0x04   | 32    | RW     | Global Interrupt Enable Register | 0=Enable                                                                           |
| s_axi_control | IP_IER    | 0x08   | 32    | RW     | IP Interrupt Enable Register     | 0=CHAN0_INT_EN 1=CHAN1_INT_EN                                                      |
| s_axi_control | IP_ISR    | 0x0c   | 32    | RW     | IP Interrupt Status Register     | 0=CHAN0_INT_ST 1=CHAN1_INT_ST                                                      |
| s_axi_control | ap_return | 0x10   | 32    | R      | Data signal of ap_return         |                                                                                    |
| s_axi_control | x         | 0x18   | 32    | W      | Data signal of x                 |                                                                                    |
| s_axi_control | a3        | 0x20   | 32    | W      | Data signal of a3                |                                                                                    |
| s_axi_control | a2        | 0x28   | 32    | W      | Data signal of a2                |                                                                                    |
| s_axi_control | a1        | 0x30   | 32    | W      | Data signal of a1                |                                                                                    |
| s_axi_control | a0        | 0x38   | 32    | W      | Data signal of a0                |                                                                                    |
+---------------+-----------+--------+-------+--------+----------------------------------+------------------------------------------------------------------------------------+

* TOP LEVEL CONTROL
+-----------+---------------+-----------+
| Interface | Type          | Ports     |
+-----------+---------------+-----------+
| ap_clk    | clock         | ap_clk    |
| ap_rst_n  | reset         | ap_rst_n  |
| interrupt | interrupt     | interrupt |
| ap_ctrl   | ap_ctrl_chain |           |
+-----------+---------------+-----------+


================================================================
== SW I/O Information
================================================================
* Top Function Arguments
+----------+-----------+-------------------------------------+
| Argument | Direction | Datatype                            |
+----------+-----------+-------------------------------------+
| x        | in        | ap_fixed<16, 6, AP_TRN, AP_WRAP, 0> |
| a3       | in        | ap_fixed<16, 6, AP_TRN, AP_WRAP, 0> |
| a2       | in        | ap_fixed<16, 6, AP_TRN, AP_WRAP, 0> |
| a1       | in        | ap_fixed<16, 6, AP_TRN, AP_WRAP, 0> |
| a0       | in        | ap_fixed<16, 6, AP_TRN, AP_WRAP, 0> |
| return   | out       | ap_fixed<16, 6, AP_TRN, AP_WRAP, 0> |
+----------+-----------+-------------------------------------+

* SW-to-HW Mapping
+----------+---------------+----------+-------------------------------------+
| Argument | HW Interface  | HW Type  | HW Info                             |
+----------+---------------+----------+-------------------------------------+
| x        | s_axi_control | register | name=x offset=0x18 range=32         |
| a3       | s_axi_control | register | name=a3 offset=0x20 range=32        |
| a2       | s_axi_control | register | name=a2 offset=0x28 range=32        |
| a1       | s_axi_control | register | name=a1 offset=0x30 range=32        |
| a0       | s_axi_control | register | name=a0 offset=0x38 range=32        |
| return   | s_axi_control | register | name=ap_return offset=0x10 range=32 |
+----------+---------------+----------+-------------------------------------+


================================================================
== Bind Op Report
================================================================
+-------------------------------------+-----+--------+----------+-----+-----------+---------+
| Name                                | DSP | Pragma | Variable | Op  | Impl      | Latency |
+-------------------------------------+-----+--------+----------+-----+-----------+---------+
| + horner_core_pipeline              | 3   |        |          |     |           |         |
|   mac_muladd_16s_16s_26ns_26_4_1_U1 | 1   |        | mul_ln17 | mul | dsp_slice | 3       |
|   mac_muladd_16s_16s_26ns_26_4_1_U1 | 1   |        | add_ln17 | add | dsp_slice | 3       |
|   mac_muladd_16s_16s_26ns_26_4_1_U2 | 1   |        | mul_ln18 | mul | dsp_slice | 3       |
|   mac_muladd_16s_16s_26ns_26_4_1_U2 | 1   |        | add_ln18 | add | dsp_slice | 3       |
|   mac_muladd_16s_16s_26ns_26_4_1_U3 | 1   |        | mul_ln19 | mul | dsp_slice | 3       |
|   mac_muladd_16s_16s_26ns_26_4_1_U3 | 1   |        | add_ln19 | add | dsp_slice | 3       |
+-------------------------------------+-----+--------+----------+-----+-----------+---------+


================================================================
== Storage Report
================================================================
+------------------------+-----------+-----------+------+------+--------+----------+------+---------+------------------+
| Name                   | Usage     | Type      | BRAM | URAM | Pragma | Variable | Impl | Latency | Bitwidth, Depth, |
|                        |           |           |      |      |        |          |      |         | Banks            |
+------------------------+-----------+-----------+------+------+--------+----------+------+---------+------------------+
| + horner_core_pipeline |           |           | 0    | 0    |        |          |      |         |                  |
|   control_s_axi_U      | interface | s_axilite |      |      |        |          |      |         |                  |
+------------------------+-----------+-----------+------+------+--------+----------+------+---------+------------------+


================================================================
== Pragma Report
================================================================
* Valid Pragma Syntax
+----------+---------+-----------------------------------------------------+
| Type     | Options | Location                                            |
+----------+---------+-----------------------------------------------------+
| pipeline | II=1    | ./HornerCorePipeline.cpp:12 in horner_core_pipeline |
| inline   | off     | ./HornerCorePipeline.cpp:13 in horner_core_pipeline |
+----------+---------+-----------------------------------------------------+


