

================================================================
== Vitis HLS Report for 'horner_core'
================================================================
* Date:           Sat Mar 14 17:10:36 2026

* Version:        2023.2 (Build 4023990 on Oct 11 2023)
* Project:        horner_core
* Solution:       solution (Vitis Kernel Flow Target)
* Product family: zynquplus
* Target device:  xck26-sfvc784-2LV-c


================================================================
== Performance Estimates
================================================================
+ Timing: 
    * Summary: 
    +--------+---------+----------+------------+
    |  Clock |  Target | Estimated| Uncertainty|
    +--------+---------+----------+------------+
    |ap_clk  |  4.00 ns|  2.365 ns|     1.08 ns|
    +--------+---------+----------+------------+

+ Latency: 
    * Summary: 
    +---------+---------+-----------+-----------+-----+-----+---------+
    |  Latency (cycles) |   Latency (absolute)  |  Interval | Pipeline|
    |   min   |   max   |    min    |    max    | min | max |   Type  |
    +---------+---------+-----------+-----------+-----+-----+---------+
    |       11|       11|  44.000 ns|  44.000 ns|    3|    3|      yes|
    +---------+---------+-----------+-----------+-----+-----+---------+

    + Detail: 
        * Instance: 
        N/A

        * Loop: 
        N/A

============================================================
+ Verbose Summary: Synthesis Manager
============================================================
InlineROM: 1
ExposeGlobal: 0
============================================================
+ Verbose Summary: CDFG Model
============================================================
IsTopModel: 1
ResetActiveHigh: 1
IsCombinational: 0
IsDatapathOnly: 0
HasWiredReturn: 1
HasMFsm: 2
HasVarLatency: 0
IsPipeline: 1
IsRtlPipelined: 1
IsInstanceOverlapped: 0
IsDontTouch: 0
HasImplIP: 0
IsGatedGlobalClock: 0

+ Individual pipeline summary: 
  * Pipeline-0: initiation interval (II) = 3, depth = 12


============================================================
+ Verbose Summary: Schedule
============================================================
* Number of FSM states : 12
* Pipeline : 1
  Pipeline-0 : II = 3, D = 12, States = { 1 2 3 4 5 6 7 8 9 10 11 12 }
* Dataflow Pipeline: 0

* FSM state transitions: 
1 --> 2 
2 --> 3 
3 --> 4 
4 --> 5 
5 --> 6 
6 --> 7 
7 --> 8 
8 --> 9 
9 --> 10 
10 --> 11 
11 --> 12 
12 --> 

* FSM state operations: 

State 1 <SV = 0> <Delay = 1.00>
ST_1 : Operation 13 [1/1] (1.00ns)   --->   "%a3_read = read i16 @_ssdm_op_Read.ap_none.i16, i16 %a3" [./HornerCore.cpp:5]   --->   Operation 13 'read' 'a3_read' <Predicate = true> <Delay = 1.00> <CoreInst = "s_axilite">   --->   Core 122 's_axilite' <Latency = 0> <II = 1> <Delay = 1.00> <Adapter> <Opcode : 'read' 'write'>
ST_1 : Operation 14 [1/1] (1.00ns)   --->   "%x_read = read i16 @_ssdm_op_Read.ap_none.i16, i16 %x" [./HornerCore.cpp:5]   --->   Operation 14 'read' 'x_read' <Predicate = true> <Delay = 1.00> <CoreInst = "s_axilite">   --->   Core 122 's_axilite' <Latency = 0> <II = 1> <Delay = 1.00> <Adapter> <Opcode : 'read' 'write'>

State 2 <SV = 1> <Delay = 2.33>
ST_2 : Operation 15 [1/1] (0.00ns)   --->   "%acc = bitconcatenate i26 @_ssdm_op_BitConcatenate.i26.i16.i10, i16 %a3_read, i10 0" [./HornerCore.cpp:13]   --->   Operation 15 'bitconcatenate' 'acc' <Predicate = true> <Delay = 0.00>
ST_2 : Operation 16 [1/1] (0.00ns)   --->   "%x_cast = sext i16 %x_read" [./HornerCore.cpp:5]   --->   Operation 16 'sext' 'x_cast' <Predicate = true> <Delay = 0.00>
ST_2 : Operation 17 [1/1] (0.00ns)   --->   "%sext_ln17 = sext i26 %acc" [./HornerCore.cpp:17]   --->   Operation 17 'sext' 'sext_ln17' <Predicate = true> <Delay = 0.00>
ST_2 : Operation 18 [2/2] (2.33ns)   --->   "%mul_ln17 = mul i42 %sext_ln17, i42 %x_cast" [./HornerCore.cpp:17]   --->   Operation 18 'mul' 'mul_ln17' <Predicate = true> <Delay = 2.33> <CoreInst = "Multiplier">   --->   Core 3 'Multiplier' <Latency = 1> <II = 1> <Delay = 2.36> <FuncUnit> <Opcode : 'mul'> <InPorts = 2> <OutPorts = 1>

State 3 <SV = 2> <Delay = 2.33>
ST_3 : Operation 19 [1/1] (1.00ns)   --->   "%a0_read = read i16 @_ssdm_op_Read.ap_none.i16, i16 %a0" [./HornerCore.cpp:5]   --->   Operation 19 'read' 'a0_read' <Predicate = true> <Delay = 1.00> <CoreInst = "s_axilite">   --->   Core 122 's_axilite' <Latency = 0> <II = 1> <Delay = 1.00> <Adapter> <Opcode : 'read' 'write'>
ST_3 : Operation 20 [1/1] (1.00ns)   --->   "%a1_read = read i16 @_ssdm_op_Read.ap_none.i16, i16 %a1" [./HornerCore.cpp:5]   --->   Operation 20 'read' 'a1_read' <Predicate = true> <Delay = 1.00> <CoreInst = "s_axilite">   --->   Core 122 's_axilite' <Latency = 0> <II = 1> <Delay = 1.00> <Adapter> <Opcode : 'read' 'write'>
ST_3 : Operation 21 [1/1] (1.00ns)   --->   "%a2_read = read i16 @_ssdm_op_Read.ap_none.i16, i16 %a2" [./HornerCore.cpp:5]   --->   Operation 21 'read' 'a2_read' <Predicate = true> <Delay = 1.00> <CoreInst = "s_axilite">   --->   Core 122 's_axilite' <Latency = 0> <II = 1> <Delay = 1.00> <Adapter> <Opcode : 'read' 'write'>
ST_3 : Operation 22 [1/2] (2.33ns)   --->   "%mul_ln17 = mul i42 %sext_ln17, i42 %x_cast" [./HornerCore.cpp:17]   --->   Operation 22 'mul' 'mul_ln17' <Predicate = true> <Delay = 2.33> <CoreInst = "Multiplier">   --->   Core 3 'Multiplier' <Latency = 1> <II = 1> <Delay = 2.36> <FuncUnit> <Opcode : 'mul'> <InPorts = 2> <OutPorts = 1>

State 4 <SV = 3> <Delay = 1.04>
ST_4 : Operation 23 [1/1] (0.00ns)   --->   "%shl_i_i17_i1 = bitconcatenate i36 @_ssdm_op_BitConcatenate.i36.i16.i20, i16 %a2_read, i20 0" [./HornerCore.cpp:5]   --->   Operation 23 'bitconcatenate' 'shl_i_i17_i1' <Predicate = true> <Delay = 0.00>
ST_4 : Operation 24 [1/1] (0.00ns)   --->   "%shl_i_i17_i240_cast = sext i36 %shl_i_i17_i1" [./HornerCore.cpp:5]   --->   Operation 24 'sext' 'shl_i_i17_i240_cast' <Predicate = true> <Delay = 0.00>
ST_4 : Operation 25 [1/1] (1.04ns)   --->   "%add_ln17 = add i42 %shl_i_i17_i240_cast, i42 %mul_ln17" [./HornerCore.cpp:17]   --->   Operation 25 'add' 'add_ln17' <Predicate = true> <Delay = 1.04> <CoreInst = "Adder">   --->   Core 1 'Adder' <Latency = 0> <II = 1> <Delay = 1.04> <FuncUnit> <Opcode : 'add' 'sub'> <InPorts = 2> <OutPorts = 1>
ST_4 : Operation 26 [1/1] (0.00ns)   --->   "%acc_1 = partselect i32 @_ssdm_op_PartSelect.i32.i42.i32.i32, i42 %add_ln17, i32 10, i32 41" [./HornerCore.cpp:17]   --->   Operation 26 'partselect' 'acc_1' <Predicate = true> <Delay = 0.00>

State 5 <SV = 4> <Delay = 0.00>

State 6 <SV = 5> <Delay = 2.36>
ST_6 : Operation 27 [1/1] (0.00ns)   --->   "%sext_ln18 = sext i32 %acc_1" [./HornerCore.cpp:18]   --->   Operation 27 'sext' 'sext_ln18' <Predicate = true> <Delay = 0.00>
ST_6 : Operation 28 [2/2] (2.36ns)   --->   "%mul_ln18 = mul i42 %sext_ln18, i42 %x_cast" [./HornerCore.cpp:18]   --->   Operation 28 'mul' 'mul_ln18' <Predicate = true> <Delay = 2.36> <CoreInst = "Multiplier">   --->   Core 3 'Multiplier' <Latency = 1> <II = 1> <Delay = 2.36> <FuncUnit> <Opcode : 'mul'> <InPorts = 2> <OutPorts = 1>

State 7 <SV = 6> <Delay = 2.36>
ST_7 : Operation 29 [1/2] (2.36ns)   --->   "%mul_ln18 = mul i42 %sext_ln18, i42 %x_cast" [./HornerCore.cpp:18]   --->   Operation 29 'mul' 'mul_ln18' <Predicate = true> <Delay = 2.36> <CoreInst = "Multiplier">   --->   Core 3 'Multiplier' <Latency = 1> <II = 1> <Delay = 2.36> <FuncUnit> <Opcode : 'mul'> <InPorts = 2> <OutPorts = 1>

State 8 <SV = 7> <Delay = 1.04>
ST_8 : Operation 30 [1/1] (0.00ns)   --->   "%shl_i_i17_i2 = bitconcatenate i36 @_ssdm_op_BitConcatenate.i36.i16.i20, i16 %a1_read, i20 0" [./HornerCore.cpp:5]   --->   Operation 30 'bitconcatenate' 'shl_i_i17_i2' <Predicate = true> <Delay = 0.00>
ST_8 : Operation 31 [1/1] (0.00ns)   --->   "%shl_i_i17_i128_cast = sext i36 %shl_i_i17_i2" [./HornerCore.cpp:5]   --->   Operation 31 'sext' 'shl_i_i17_i128_cast' <Predicate = true> <Delay = 0.00>
ST_8 : Operation 32 [1/1] (1.04ns)   --->   "%add_ln18 = add i42 %shl_i_i17_i128_cast, i42 %mul_ln18" [./HornerCore.cpp:18]   --->   Operation 32 'add' 'add_ln18' <Predicate = true> <Delay = 1.04> <CoreInst = "Adder">   --->   Core 1 'Adder' <Latency = 0> <II = 1> <Delay = 1.04> <FuncUnit> <Opcode : 'add' 'sub'> <InPorts = 2> <OutPorts = 1>
ST_8 : Operation 33 [1/1] (0.00ns)   --->   "%acc_2 = partselect i32 @_ssdm_op_PartSelect.i32.i42.i32.i32, i42 %add_ln18, i32 10, i32 41" [./HornerCore.cpp:18]   --->   Operation 33 'partselect' 'acc_2' <Predicate = true> <Delay = 0.00>

State 9 <SV = 8> <Delay = 0.00>

State 10 <SV = 9> <Delay = 2.36>
ST_10 : Operation 34 [1/1] (0.00ns)   --->   "%sext_ln19 = sext i32 %acc_2" [./HornerCore.cpp:19]   --->   Operation 34 'sext' 'sext_ln19' <Predicate = true> <Delay = 0.00>
ST_10 : Operation 35 [1/1] (0.00ns)   --->   "%sext_ln19_1 = sext i16 %x_read" [./HornerCore.cpp:19]   --->   Operation 35 'sext' 'sext_ln19_1' <Predicate = true> <Delay = 0.00>
ST_10 : Operation 36 [2/2] (2.36ns)   --->   "%mul_ln19 = mul i36 %sext_ln19, i36 %sext_ln19_1" [./HornerCore.cpp:19]   --->   Operation 36 'mul' 'mul_ln19' <Predicate = true> <Delay = 2.36> <CoreInst = "Multiplier">   --->   Core 3 'Multiplier' <Latency = 1> <II = 1> <Delay = 2.36> <FuncUnit> <Opcode : 'mul'> <InPorts = 2> <OutPorts = 1>

State 11 <SV = 10> <Delay = 2.36>
ST_11 : Operation 37 [1/2] (2.36ns)   --->   "%mul_ln19 = mul i36 %sext_ln19, i36 %sext_ln19_1" [./HornerCore.cpp:19]   --->   Operation 37 'mul' 'mul_ln19' <Predicate = true> <Delay = 2.36> <CoreInst = "Multiplier">   --->   Core 3 'Multiplier' <Latency = 1> <II = 1> <Delay = 2.36> <FuncUnit> <Opcode : 'mul'> <InPorts = 2> <OutPorts = 1>

State 12 <SV = 11> <Delay = 1.02>
ST_12 : Operation 38 [1/1] (0.00ns)   --->   "%specbitsmap_ln0 = specbitsmap void @_ssdm_op_SpecBitsMap, i16 0"   --->   Operation 38 'specbitsmap' 'specbitsmap_ln0' <Predicate = true> <Delay = 0.00>
ST_12 : Operation 39 [1/1] (0.00ns)   --->   "%specpipeline_ln11 = specpipeline void @_ssdm_op_SpecPipeline, i32 1, i32 0, i32 0, i32 0, void @empty_0" [./HornerCore.cpp:11]   --->   Operation 39 'specpipeline' 'specpipeline_ln11' <Predicate = true> <Delay = 0.00>
ST_12 : Operation 40 [1/1] (0.00ns)   --->   "%spectopmodule_ln4 = spectopmodule void @_ssdm_op_SpecTopModule, void @empty_10" [./HornerCore.cpp:4]   --->   Operation 40 'spectopmodule' 'spectopmodule_ln4' <Predicate = true> <Delay = 0.00>
ST_12 : Operation 41 [1/1] (0.00ns)   --->   "%specinterface_ln4 = specinterface void @_ssdm_op_SpecInterface, i32 0, void @empty_11, i32 0, i32 0, void @empty_0, i32 0, i32 0, void @empty_0, void @empty_0, void @empty_0, i32 0, i32 0, i32 0, i32 0, void @empty_0, void @empty_0, i32 4294967295, i32 0" [./HornerCore.cpp:4]   --->   Operation 41 'specinterface' 'specinterface_ln4' <Predicate = true> <Delay = 0.00>
ST_12 : Operation 42 [1/1] (0.00ns)   --->   "%specbitsmap_ln0 = specbitsmap void @_ssdm_op_SpecBitsMap, i16 %x"   --->   Operation 42 'specbitsmap' 'specbitsmap_ln0' <Predicate = true> <Delay = 0.00>
ST_12 : Operation 43 [1/1] (0.00ns)   --->   "%specinterface_ln0 = specinterface void @_ssdm_op_SpecInterface, i16 %x, void @empty, i32 0, i32 0, void @empty_0, i32 0, i32 0, void @empty_1, void @empty_2, void @empty_0, i32 0, i32 0, i32 0, i32 0, void @empty_0, void @empty_0, i32 4294967295, i32 0"   --->   Operation 43 'specinterface' 'specinterface_ln0' <Predicate = true> <Delay = 0.00>
ST_12 : Operation 44 [1/1] (0.00ns)   --->   "%specinterface_ln0 = specinterface void @_ssdm_op_SpecInterface, i16 %x, void @empty_3, i32 0, i32 0, void @empty_0, i32 0, i32 0, void @empty_0, void @empty_0, void @empty_0, i32 0, i32 0, i32 0, i32 0, void @empty_0, void @empty_0, i32 4294967295, i32 0"   --->   Operation 44 'specinterface' 'specinterface_ln0' <Predicate = true> <Delay = 0.00>
ST_12 : Operation 45 [1/1] (0.00ns)   --->   "%specbitsmap_ln0 = specbitsmap void @_ssdm_op_SpecBitsMap, i16 %a3"   --->   Operation 45 'specbitsmap' 'specbitsmap_ln0' <Predicate = true> <Delay = 0.00>
ST_12 : Operation 46 [1/1] (0.00ns)   --->   "%specinterface_ln0 = specinterface void @_ssdm_op_SpecInterface, i16 %a3, void @empty, i32 0, i32 0, void @empty_0, i32 0, i32 0, void @empty_1, void @empty_4, void @empty_0, i32 0, i32 0, i32 0, i32 0, void @empty_0, void @empty_0, i32 4294967295, i32 0"   --->   Operation 46 'specinterface' 'specinterface_ln0' <Predicate = true> <Delay = 0.00>
ST_12 : Operation 47 [1/1] (0.00ns)   --->   "%specinterface_ln0 = specinterface void @_ssdm_op_SpecInterface, i16 %a3, void @empty_3, i32 0, i32 0, void @empty_0, i32 0, i32 0, void @empty_0, void @empty_0, void @empty_0, i32 0, i32 0, i32 0, i32 0, void @empty_0, void @empty_0, i32 4294967295, i32 0"   --->   Operation 47 'specinterface' 'specinterface_ln0' <Predicate = true> <Delay = 0.00>
ST_12 : Operation 48 [1/1] (0.00ns)   --->   "%specbitsmap_ln0 = specbitsmap void @_ssdm_op_SpecBitsMap, i16 %a2"   --->   Operation 48 'specbitsmap' 'specbitsmap_ln0' <Predicate = true> <Delay = 0.00>
ST_12 : Operation 49 [1/1] (0.00ns)   --->   "%specinterface_ln0 = specinterface void @_ssdm_op_SpecInterface, i16 %a2, void @empty, i32 0, i32 0, void @empty_0, i32 0, i32 0, void @empty_1, void @empty_5, void @empty_0, i32 0, i32 0, i32 0, i32 0, void @empty_0, void @empty_0, i32 4294967295, i32 0"   --->   Operation 49 'specinterface' 'specinterface_ln0' <Predicate = true> <Delay = 0.00>
ST_12 : Operation 50 [1/1] (0.00ns)   --->   "%specinterface_ln0 = specinterface void @_ssdm_op_SpecInterface, i16 %a2, void @empty_3, i32 0, i32 0, void @empty_0, i32 0, i32 0, void @empty_0, void @empty_0, void @empty_0, i32 0, i32 0, i32 0, i32 0, void @empty_0, void @empty_0, i32 4294967295, i32 0"   --->   Operation 50 'specinterface' 'specinterface_ln0' <Predicate = true> <Delay = 0.00>
ST_12 : Operation 51 [1/1] (0.00ns)   --->   "%specbitsmap_ln0 = specbitsmap void @_ssdm_op_SpecBitsMap, i16 %a1"   --->   Operation 51 'specbitsmap' 'specbitsmap_ln0' <Predicate = true> <Delay = 0.00>
ST_12 : Operation 52 [1/1] (0.00ns)   --->   "%specinterface_ln0 = specinterface void @_ssdm_op_SpecInterface, i16 %a1, void @empty, i32 0, i32 0, void @empty_0, i32 0, i32 0, void @empty_1, void @empty_6, void @empty_0, i32 0, i32 0, i32 0, i32 0, void @empty_0, void @empty_0, i32 4294967295, i32 0"   --->   Operation 52 'specinterface' 'specinterface_ln0' <Predicate = true> <Delay = 0.00>
ST_12 : Operation 53 [1/1] (0.00ns)   --->   "%specinterface_ln0 = specinterface void @_ssdm_op_SpecInterface, i16 %a1, void @empty_3, i32 0, i32 0, void @empty_0, i32 0, i32 0, void @empty_0, void @empty_0, void @empty_0, i32 0, i32 0, i32 0, i32 0, void @empty_0, void @empty_0, i32 4294967295, i32 0"   --->   Operation 53 'specinterface' 'specinterface_ln0' <Predicate = true> <Delay = 0.00>
ST_12 : Operation 54 [1/1] (0.00ns)   --->   "%specbitsmap_ln0 = specbitsmap void @_ssdm_op_SpecBitsMap, i16 %a0"   --->   Operation 54 'specbitsmap' 'specbitsmap_ln0' <Predicate = true> <Delay = 0.00>
ST_12 : Operation 55 [1/1] (0.00ns)   --->   "%specinterface_ln0 = specinterface void @_ssdm_op_SpecInterface, i16 %a0, void @empty, i32 0, i32 0, void @empty_0, i32 0, i32 0, void @empty_1, void @empty_7, void @empty_0, i32 0, i32 0, i32 0, i32 0, void @empty_0, void @empty_0, i32 4294967295, i32 0"   --->   Operation 55 'specinterface' 'specinterface_ln0' <Predicate = true> <Delay = 0.00>
ST_12 : Operation 56 [1/1] (0.00ns)   --->   "%specinterface_ln0 = specinterface void @_ssdm_op_SpecInterface, i16 %a0, void @empty_3, i32 0, i32 0, void @empty_0, i32 0, i32 0, void @empty_0, void @empty_0, void @empty_0, i32 0, i32 0, i32 0, i32 0, void @empty_0, void @empty_0, i32 4294967295, i32 0"   --->   Operation 56 'specinterface' 'specinterface_ln0' <Predicate = true> <Delay = 0.00>
ST_12 : Operation 57 [1/1] (0.00ns)   --->   "%specinterface_ln0 = specinterface void @_ssdm_op_SpecInterface, i32 0, void @empty, i32 0, i32 0, void @empty_0, i32 0, i32 0, void @empty_1, void @empty_8, void @empty_0, i32 0, i32 0, i32 0, i32 0, void @empty_0, void @empty_0, i32 4294967295, i32 0"   --->   Operation 57 'specinterface' 'specinterface_ln0' <Predicate = true> <Delay = 0.00>
ST_12 : Operation 58 [1/1] (0.00ns)   --->   "%specresourcelimit_ln12 = specresourcelimit void @_ssdm_op_SpecResourceLimit, i64 1, void @empty_9, void @empty_0, void @empty_0, void @empty_0" [./HornerCore.cpp:12]   --->   Operation 58 'specresourcelimit' 'specresourcelimit_ln12' <Predicate = true> <Delay = 0.00>
ST_12 : Operation 59 [1/1] (0.00ns)   --->   "%shl_i_i17_i = bitconcatenate i36 @_ssdm_op_BitConcatenate.i36.i16.i20, i16 %a0_read, i20 0" [./HornerCore.cpp:5]   --->   Operation 59 'bitconcatenate' 'shl_i_i17_i' <Predicate = true> <Delay = 0.00>
ST_12 : Operation 60 [1/1] (1.02ns)   --->   "%add_ln19 = add i36 %shl_i_i17_i, i36 %mul_ln19" [./HornerCore.cpp:19]   --->   Operation 60 'add' 'add_ln19' <Predicate = true> <Delay = 1.02> <CoreInst = "Adder">   --->   Core 1 'Adder' <Latency = 0> <II = 1> <Delay = 1.02> <FuncUnit> <Opcode : 'add' 'sub'> <InPorts = 2> <OutPorts = 1>
ST_12 : Operation 61 [1/1] (0.00ns)   --->   "%trunc_ln = partselect i16 @_ssdm_op_PartSelect.i16.i36.i32.i32, i36 %add_ln19, i32 20, i32 35" [./HornerCore.cpp:21]   --->   Operation 61 'partselect' 'trunc_ln' <Predicate = true> <Delay = 0.00>
ST_12 : Operation 62 [1/1] (0.00ns)   --->   "%ret_ln22 = ret i16 %trunc_ln" [./HornerCore.cpp:22]   --->   Operation 62 'ret' 'ret_ln22' <Predicate = true> <Delay = 0.00>


============================================================
+ Verbose Summary: Binding
============================================================
STG Binding: 
---------------- STG Properties BEGIN ----------------
- Is combinational: 0
- Is one-state seq: 0
- Is datapath-only: 0
- Is pipelined: 1
- Is top level: 1
Port [ Return ] is wired: 1; IO mode=ap_ctrl_chain:ce=0
Port [ x]:  wired=1; compound=0; hidden=0; nouse=0; global=0; static=0; extern=0; dir=0; type=0; pingpong=0; private_global=0; IO mode=ap_none:ce=0
Port [ a3]:  wired=1; compound=0; hidden=0; nouse=0; global=0; static=0; extern=0; dir=0; type=0; pingpong=0; private_global=0; IO mode=ap_none:ce=0
Port [ a2]:  wired=1; compound=0; hidden=0; nouse=0; global=0; static=0; extern=0; dir=0; type=0; pingpong=0; private_global=0; IO mode=ap_none:ce=0
Port [ a1]:  wired=1; compound=0; hidden=0; nouse=0; global=0; static=0; extern=0; dir=0; type=0; pingpong=0; private_global=0; IO mode=ap_none:ce=0
Port [ a0]:  wired=1; compound=0; hidden=0; nouse=0; global=0; static=0; extern=0; dir=0; type=0; pingpong=0; private_global=0; IO mode=ap_none:ce=0
---------------- STG Properties END ------------------

---------------- Datapath Model BEGIN ----------------

<LifeTime>
<method=bitvector/>
a3_read                (read             ) [ 0010000000000]
x_read                 (read             ) [ 0111111111100]
acc                    (bitconcatenate   ) [ 0000000000000]
x_cast                 (sext             ) [ 0111111100000]
sext_ln17              (sext             ) [ 0001000000000]
a0_read                (read             ) [ 0111111111111]
a1_read                (read             ) [ 0111111110000]
a2_read                (read             ) [ 0100100000000]
mul_ln17               (mul              ) [ 0100100000000]
shl_i_i17_i1           (bitconcatenate   ) [ 0000000000000]
shl_i_i17_i240_cast    (sext             ) [ 0000000000000]
add_ln17               (add              ) [ 0000000000000]
acc_1                  (partselect       ) [ 0011011000000]
sext_ln18              (sext             ) [ 0100000100000]
mul_ln18               (mul              ) [ 0010000010000]
shl_i_i17_i2           (bitconcatenate   ) [ 0000000000000]
shl_i_i17_i128_cast    (sext             ) [ 0000000000000]
add_ln18               (add              ) [ 0000000000000]
acc_2                  (partselect       ) [ 0101000001100]
sext_ln19              (sext             ) [ 0010000000010]
sext_ln19_1            (sext             ) [ 0010000000010]
mul_ln19               (mul              ) [ 0001000000001]
specbitsmap_ln0        (specbitsmap      ) [ 0000000000000]
specpipeline_ln11      (specpipeline     ) [ 0000000000000]
spectopmodule_ln4      (spectopmodule    ) [ 0000000000000]
specinterface_ln4      (specinterface    ) [ 0000000000000]
specbitsmap_ln0        (specbitsmap      ) [ 0000000000000]
specinterface_ln0      (specinterface    ) [ 0000000000000]
specinterface_ln0      (specinterface    ) [ 0000000000000]
specbitsmap_ln0        (specbitsmap      ) [ 0000000000000]
specinterface_ln0      (specinterface    ) [ 0000000000000]
specinterface_ln0      (specinterface    ) [ 0000000000000]
specbitsmap_ln0        (specbitsmap      ) [ 0000000000000]
specinterface_ln0      (specinterface    ) [ 0000000000000]
specinterface_ln0      (specinterface    ) [ 0000000000000]
specbitsmap_ln0        (specbitsmap      ) [ 0000000000000]
specinterface_ln0      (specinterface    ) [ 0000000000000]
specinterface_ln0      (specinterface    ) [ 0000000000000]
specbitsmap_ln0        (specbitsmap      ) [ 0000000000000]
specinterface_ln0      (specinterface    ) [ 0000000000000]
specinterface_ln0      (specinterface    ) [ 0000000000000]
specinterface_ln0      (specinterface    ) [ 0000000000000]
specresourcelimit_ln12 (specresourcelimit) [ 0000000000000]
shl_i_i17_i            (bitconcatenate   ) [ 0000000000000]
add_ln19               (add              ) [ 0000000000000]
trunc_ln               (partselect       ) [ 0000000000000]
ret_ln22               (ret              ) [ 0000000000000]
</LifeTime>

<model>

<comp_list>
<comp id="0" class="1000" name="x">
<pin_list>
<pin id="1" dir="1" index="0" bw="1" slack="0"/>
</pin_list>
<bind>
<StgValue><ssdm name="x"/></StgValue>
</bind>
</comp>

<comp id="2" class="1000" name="a3">
<pin_list>
<pin id="3" dir="1" index="0" bw="1" slack="0"/>
</pin_list>
<bind>
<StgValue><ssdm name="a3"/></StgValue>
</bind>
</comp>

<comp id="4" class="1000" name="a2">
<pin_list>
<pin id="5" dir="1" index="0" bw="1" slack="0"/>
</pin_list>
<bind>
<StgValue><ssdm name="a2"/></StgValue>
</bind>
</comp>

<comp id="6" class="1000" name="a1">
<pin_list>
<pin id="7" dir="1" index="0" bw="1" slack="0"/>
</pin_list>
<bind>
<StgValue><ssdm name="a1"/></StgValue>
</bind>
</comp>

<comp id="8" class="1000" name="a0">
<pin_list>
<pin id="9" dir="1" index="0" bw="1" slack="0"/>
</pin_list>
<bind>
<StgValue><ssdm name="a0"/></StgValue>
</bind>
</comp>

<comp id="10" class="1001" name="const_10">
<pin_list>
<pin id="11" dir="1" index="0" bw="1" slack="0"/>
</pin_list>
<bind>
<StgValue><ssdm name="_ssdm_op_Read.ap_none.i16"/></StgValue>
</bind>
</comp>

<comp id="12" class="1001" name="const_12">
<pin_list>
<pin id="13" dir="1" index="0" bw="1" slack="0"/>
</pin_list>
<bind>
<StgValue><ssdm name="_ssdm_op_BitConcatenate.i26.i16.i10"/></StgValue>
</bind>
</comp>

<comp id="14" class="1001" name="const_14">
<pin_list>
<pin id="15" dir="1" index="0" bw="1" slack="0"/>
</pin_list>
<bind>
<StgValue><ssdm name=""/></StgValue>
</bind>
</comp>

<comp id="16" class="1001" name="const_16">
<pin_list>
<pin id="17" dir="1" index="0" bw="1" slack="0"/>
</pin_list>
<bind>
<StgValue><ssdm name="_ssdm_op_BitConcatenate.i36.i16.i20"/></StgValue>
</bind>
</comp>

<comp id="18" class="1001" name="const_18">
<pin_list>
<pin id="19" dir="1" index="0" bw="1" slack="0"/>
</pin_list>
<bind>
<StgValue><ssdm name=""/></StgValue>
</bind>
</comp>

<comp id="20" class="1001" name="const_20">
<pin_list>
<pin id="21" dir="1" index="0" bw="1" slack="0"/>
</pin_list>
<bind>
<StgValue><ssdm name="_ssdm_op_PartSelect.i32.i42.i32.i32"/></StgValue>
</bind>
</comp>

<comp id="22" class="1001" name="const_22">
<pin_list>
<pin id="23" dir="1" index="0" bw="1" slack="0"/>
</pin_list>
<bind>
<StgValue><ssdm name=""/></StgValue>
</bind>
</comp>

<comp id="24" class="1001" name="const_24">
<pin_list>
<pin id="25" dir="1" index="0" bw="1" slack="0"/>
</pin_list>
<bind>
<StgValue><ssdm name=""/></StgValue>
</bind>
</comp>

<comp id="26" class="1001" name="const_26">
<pin_list>
<pin id="27" dir="1" index="0" bw="1" slack="2147483647"/>
</pin_list>
<bind>
<StgValue><ssdm name="_ssdm_op_SpecBitsMap"/></StgValue>
</bind>
</comp>

<comp id="28" class="1001" name="const_28">
<pin_list>
<pin id="29" dir="1" index="0" bw="1" slack="2147483647"/>
</pin_list>
<bind>
<StgValue><ssdm name=""/></StgValue>
</bind>
</comp>

<comp id="30" class="1001" name="const_30">
<pin_list>
<pin id="31" dir="1" index="0" bw="1" slack="2147483647"/>
</pin_list>
<bind>
<StgValue><ssdm name="_ssdm_op_SpecPipeline"/></StgValue>
</bind>
</comp>

<comp id="32" class="1001" name="const_32">
<pin_list>
<pin id="33" dir="1" index="0" bw="1" slack="2147483647"/>
</pin_list>
<bind>
<StgValue><ssdm name=""/></StgValue>
</bind>
</comp>

<comp id="34" class="1001" name="const_34">
<pin_list>
<pin id="35" dir="1" index="0" bw="1" slack="2147483647"/>
</pin_list>
<bind>
<StgValue><ssdm name=""/></StgValue>
</bind>
</comp>

<comp id="36" class="1001" name="const_36">
<pin_list>
<pin id="37" dir="1" index="0" bw="1" slack="2147483647"/>
</pin_list>
<bind>
<StgValue><ssdm name="empty_0"/></StgValue>
</bind>
</comp>

<comp id="38" class="1001" name="const_38">
<pin_list>
<pin id="39" dir="1" index="0" bw="1" slack="2147483647"/>
</pin_list>
<bind>
<StgValue><ssdm name="_ssdm_op_SpecTopModule"/></StgValue>
</bind>
</comp>

<comp id="40" class="1001" name="const_40">
<pin_list>
<pin id="41" dir="1" index="0" bw="1" slack="2147483647"/>
</pin_list>
<bind>
<StgValue><ssdm name="empty_10"/></StgValue>
</bind>
</comp>

<comp id="42" class="1001" name="const_42">
<pin_list>
<pin id="43" dir="1" index="0" bw="1" slack="2147483647"/>
</pin_list>
<bind>
<StgValue><ssdm name="_ssdm_op_SpecInterface"/></StgValue>
</bind>
</comp>

<comp id="44" class="1001" name="const_44">
<pin_list>
<pin id="45" dir="1" index="0" bw="1" slack="2147483647"/>
</pin_list>
<bind>
<StgValue><ssdm name="empty_11"/></StgValue>
</bind>
</comp>

<comp id="46" class="1001" name="const_46">
<pin_list>
<pin id="47" dir="1" index="0" bw="1" slack="2147483647"/>
</pin_list>
<bind>
<StgValue><ssdm name=""/></StgValue>
</bind>
</comp>

<comp id="48" class="1001" name="const_48">
<pin_list>
<pin id="49" dir="1" index="0" bw="1" slack="2147483647"/>
</pin_list>
<bind>
<StgValue><ssdm name="empty"/></StgValue>
</bind>
</comp>

<comp id="50" class="1001" name="const_50">
<pin_list>
<pin id="51" dir="1" index="0" bw="1" slack="2147483647"/>
</pin_list>
<bind>
<StgValue><ssdm name="empty_1"/></StgValue>
</bind>
</comp>

<comp id="52" class="1001" name="const_52">
<pin_list>
<pin id="53" dir="1" index="0" bw="1" slack="2147483647"/>
</pin_list>
<bind>
<StgValue><ssdm name="empty_2"/></StgValue>
</bind>
</comp>

<comp id="54" class="1001" name="const_54">
<pin_list>
<pin id="55" dir="1" index="0" bw="1" slack="2147483647"/>
</pin_list>
<bind>
<StgValue><ssdm name="empty_3"/></StgValue>
</bind>
</comp>

<comp id="56" class="1001" name="const_56">
<pin_list>
<pin id="57" dir="1" index="0" bw="1" slack="2147483647"/>
</pin_list>
<bind>
<StgValue><ssdm name="empty_4"/></StgValue>
</bind>
</comp>

<comp id="58" class="1001" name="const_58">
<pin_list>
<pin id="59" dir="1" index="0" bw="1" slack="2147483647"/>
</pin_list>
<bind>
<StgValue><ssdm name="empty_5"/></StgValue>
</bind>
</comp>

<comp id="60" class="1001" name="const_60">
<pin_list>
<pin id="61" dir="1" index="0" bw="1" slack="2147483647"/>
</pin_list>
<bind>
<StgValue><ssdm name="empty_6"/></StgValue>
</bind>
</comp>

<comp id="62" class="1001" name="const_62">
<pin_list>
<pin id="63" dir="1" index="0" bw="1" slack="2147483647"/>
</pin_list>
<bind>
<StgValue><ssdm name="empty_7"/></StgValue>
</bind>
</comp>

<comp id="64" class="1001" name="const_64">
<pin_list>
<pin id="65" dir="1" index="0" bw="1" slack="2147483647"/>
</pin_list>
<bind>
<StgValue><ssdm name="empty_8"/></StgValue>
</bind>
</comp>

<comp id="66" class="1001" name="const_66">
<pin_list>
<pin id="67" dir="1" index="0" bw="1" slack="2147483647"/>
</pin_list>
<bind>
<StgValue><ssdm name="_ssdm_op_SpecResourceLimit"/></StgValue>
</bind>
</comp>

<comp id="68" class="1001" name="const_68">
<pin_list>
<pin id="69" dir="1" index="0" bw="1" slack="2147483647"/>
</pin_list>
<bind>
<StgValue><ssdm name=""/></StgValue>
</bind>
</comp>

<comp id="70" class="1001" name="const_70">
<pin_list>
<pin id="71" dir="1" index="0" bw="1" slack="2147483647"/>
</pin_list>
<bind>
<StgValue><ssdm name="empty_9"/></StgValue>
</bind>
</comp>

<comp id="72" class="1001" name="const_72">
<pin_list>
<pin id="73" dir="1" index="0" bw="1" slack="0"/>
</pin_list>
<bind>
<StgValue><ssdm name="_ssdm_op_PartSelect.i16.i36.i32.i32"/></StgValue>
</bind>
</comp>

<comp id="74" class="1001" name="const_74">
<pin_list>
<pin id="75" dir="1" index="0" bw="1" slack="0"/>
</pin_list>
<bind>
<StgValue><ssdm name=""/></StgValue>
</bind>
</comp>

<comp id="76" class="1001" name="const_76">
<pin_list>
<pin id="77" dir="1" index="0" bw="1" slack="0"/>
</pin_list>
<bind>
<StgValue><ssdm name=""/></StgValue>
</bind>
</comp>

<comp id="78" class="1004" name="a3_read_read_fu_78">
<pin_list>
<pin id="79" dir="0" index="0" bw="16" slack="0"/>
<pin id="80" dir="0" index="1" bw="16" slack="0"/>
<pin id="81" dir="1" index="2" bw="16" slack="1"/>
</pin_list>
<bind>
<opcode="read(1150) " fcode="read"/>
<opset="a3_read/1 "/>
</bind>
</comp>

<comp id="84" class="1004" name="x_read_read_fu_84">
<pin_list>
<pin id="85" dir="0" index="0" bw="16" slack="0"/>
<pin id="86" dir="0" index="1" bw="16" slack="0"/>
<pin id="87" dir="1" index="2" bw="16" slack="1"/>
</pin_list>
<bind>
<opcode="read(1150) " fcode="read"/>
<opset="x_read/1 "/>
</bind>
</comp>

<comp id="90" class="1004" name="a0_read_read_fu_90">
<pin_list>
<pin id="91" dir="0" index="0" bw="16" slack="0"/>
<pin id="92" dir="0" index="1" bw="16" slack="0"/>
<pin id="93" dir="1" index="2" bw="16" slack="9"/>
</pin_list>
<bind>
<opcode="read(1150) " fcode="read"/>
<opset="a0_read/3 "/>
</bind>
</comp>

<comp id="96" class="1004" name="a1_read_read_fu_96">
<pin_list>
<pin id="97" dir="0" index="0" bw="16" slack="0"/>
<pin id="98" dir="0" index="1" bw="16" slack="0"/>
<pin id="99" dir="1" index="2" bw="16" slack="5"/>
</pin_list>
<bind>
<opcode="read(1150) " fcode="read"/>
<opset="a1_read/3 "/>
</bind>
</comp>

<comp id="102" class="1004" name="a2_read_read_fu_102">
<pin_list>
<pin id="103" dir="0" index="0" bw="16" slack="0"/>
<pin id="104" dir="0" index="1" bw="16" slack="0"/>
<pin id="105" dir="1" index="2" bw="16" slack="1"/>
</pin_list>
<bind>
<opcode="read(1150) " fcode="read"/>
<opset="a2_read/3 "/>
</bind>
</comp>

<comp id="108" class="1004" name="grp_fu_108">
<pin_list>
<pin id="112" dir="0" index="0" bw="32" slack="0"/>
<pin id="113" dir="0" index="1" bw="16" slack="0"/>
<pin id="114" dir="1" index="2" bw="42" slack="1"/>
</pin_list>
<bind>
<opcode="mul(12) " fcode="mul"/>
<opset="mul_ln17/2 mul_ln18/6 mul_ln19/10 "/>
</bind>
</comp>

<comp id="125" class="1005" name="reg_125">
<pin_list>
<pin id="126" dir="0" index="0" bw="42" slack="1"/>
<pin id="127" dir="1" index="1" bw="42" slack="1"/>
</pin_list>
<bind>
<opset="mul_ln17 mul_ln18 mul_ln19 "/>
</bind>
</comp>

<comp id="129" class="1004" name="acc_fu_129">
<pin_list>
<pin id="130" dir="0" index="0" bw="26" slack="0"/>
<pin id="131" dir="0" index="1" bw="16" slack="1"/>
<pin id="132" dir="0" index="2" bw="1" slack="0"/>
<pin id="133" dir="1" index="3" bw="26" slack="0"/>
</pin_list>
<bind>
<opcode="bitconcatenate(1004) " fcode="bitconcatenate"/>
<opset="acc/2 "/>
</bind>
</comp>

<comp id="136" class="1004" name="x_cast_fu_136">
<pin_list>
<pin id="137" dir="0" index="0" bw="16" slack="1"/>
<pin id="138" dir="1" index="1" bw="42" slack="0"/>
</pin_list>
<bind>
<opcode="sext(35) " fcode="sext"/>
<opset="x_cast/2 "/>
</bind>
</comp>

<comp id="140" class="1004" name="sext_ln17_fu_140">
<pin_list>
<pin id="141" dir="0" index="0" bw="26" slack="0"/>
<pin id="142" dir="1" index="1" bw="42" slack="0"/>
</pin_list>
<bind>
<opcode="sext(35) " fcode="sext"/>
<opset="sext_ln17/2 "/>
</bind>
</comp>

<comp id="145" class="1004" name="shl_i_i17_i1_fu_145">
<pin_list>
<pin id="146" dir="0" index="0" bw="36" slack="0"/>
<pin id="147" dir="0" index="1" bw="16" slack="1"/>
<pin id="148" dir="0" index="2" bw="1" slack="0"/>
<pin id="149" dir="1" index="3" bw="36" slack="0"/>
</pin_list>
<bind>
<opcode="bitconcatenate(1004) " fcode="bitconcatenate"/>
<opset="shl_i_i17_i1/4 "/>
</bind>
</comp>

<comp id="152" class="1004" name="shl_i_i17_i240_cast_fu_152">
<pin_list>
<pin id="153" dir="0" index="0" bw="36" slack="0"/>
<pin id="154" dir="1" index="1" bw="42" slack="0"/>
</pin_list>
<bind>
<opcode="sext(35) " fcode="sext"/>
<opset="shl_i_i17_i240_cast/4 "/>
</bind>
</comp>

<comp id="156" class="1004" name="add_ln17_fu_156">
<pin_list>
<pin id="157" dir="0" index="0" bw="36" slack="0"/>
<pin id="158" dir="0" index="1" bw="42" slack="1"/>
<pin id="159" dir="1" index="2" bw="42" slack="0"/>
</pin_list>
<bind>
<opcode="add(8) " fcode="add"/>
<opset="add_ln17/4 "/>
</bind>
</comp>

<comp id="162" class="1004" name="acc_1_fu_162">
<pin_list>
<pin id="163" dir="0" index="0" bw="32" slack="0"/>
<pin id="164" dir="0" index="1" bw="42" slack="0"/>
<pin id="165" dir="0" index="2" bw="5" slack="0"/>
<pin id="166" dir="0" index="3" bw="7" slack="0"/>
<pin id="167" dir="1" index="4" bw="32" slack="2"/>
</pin_list>
<bind>
<opcode="partselect(1002) " fcode="partselect"/>
<opset="acc_1/4 "/>
</bind>
</comp>

<comp id="172" class="1004" name="sext_ln18_fu_172">
<pin_list>
<pin id="173" dir="0" index="0" bw="32" slack="2"/>
<pin id="174" dir="1" index="1" bw="42" slack="0"/>
</pin_list>
<bind>
<opcode="sext(35) " fcode="sext"/>
<opset="sext_ln18/6 "/>
</bind>
</comp>

<comp id="176" class="1004" name="shl_i_i17_i2_fu_176">
<pin_list>
<pin id="177" dir="0" index="0" bw="36" slack="0"/>
<pin id="178" dir="0" index="1" bw="16" slack="5"/>
<pin id="179" dir="0" index="2" bw="1" slack="0"/>
<pin id="180" dir="1" index="3" bw="36" slack="0"/>
</pin_list>
<bind>
<opcode="bitconcatenate(1004) " fcode="bitconcatenate"/>
<opset="shl_i_i17_i2/8 "/>
</bind>
</comp>

<comp id="183" class="1004" name="shl_i_i17_i128_cast_fu_183">
<pin_list>
<pin id="184" dir="0" index="0" bw="36" slack="0"/>
<pin id="185" dir="1" index="1" bw="42" slack="0"/>
</pin_list>
<bind>
<opcode="sext(35) " fcode="sext"/>
<opset="shl_i_i17_i128_cast/8 "/>
</bind>
</comp>

<comp id="187" class="1004" name="add_ln18_fu_187">
<pin_list>
<pin id="188" dir="0" index="0" bw="36" slack="0"/>
<pin id="189" dir="0" index="1" bw="42" slack="1"/>
<pin id="190" dir="1" index="2" bw="42" slack="0"/>
</pin_list>
<bind>
<opcode="add(8) " fcode="add"/>
<opset="add_ln18/8 "/>
</bind>
</comp>

<comp id="193" class="1004" name="acc_2_fu_193">
<pin_list>
<pin id="194" dir="0" index="0" bw="32" slack="0"/>
<pin id="195" dir="0" index="1" bw="42" slack="0"/>
<pin id="196" dir="0" index="2" bw="5" slack="0"/>
<pin id="197" dir="0" index="3" bw="7" slack="0"/>
<pin id="198" dir="1" index="4" bw="32" slack="2"/>
</pin_list>
<bind>
<opcode="partselect(1002) " fcode="partselect"/>
<opset="acc_2/8 "/>
</bind>
</comp>

<comp id="203" class="1004" name="sext_ln19_fu_203">
<pin_list>
<pin id="204" dir="0" index="0" bw="32" slack="2"/>
<pin id="205" dir="1" index="1" bw="36" slack="0"/>
</pin_list>
<bind>
<opcode="sext(35) " fcode="sext"/>
<opset="sext_ln19/10 "/>
</bind>
</comp>

<comp id="207" class="1004" name="sext_ln19_1_fu_207">
<pin_list>
<pin id="208" dir="0" index="0" bw="16" slack="9"/>
<pin id="209" dir="1" index="1" bw="36" slack="0"/>
</pin_list>
<bind>
<opcode="sext(35) " fcode="sext"/>
<opset="sext_ln19_1/10 "/>
</bind>
</comp>

<comp id="211" class="1004" name="shl_i_i17_i_fu_211">
<pin_list>
<pin id="212" dir="0" index="0" bw="36" slack="0"/>
<pin id="213" dir="0" index="1" bw="16" slack="9"/>
<pin id="214" dir="0" index="2" bw="1" slack="0"/>
<pin id="215" dir="1" index="3" bw="36" slack="0"/>
</pin_list>
<bind>
<opcode="bitconcatenate(1004) " fcode="bitconcatenate"/>
<opset="shl_i_i17_i/12 "/>
</bind>
</comp>

<comp id="218" class="1004" name="add_ln19_fu_218">
<pin_list>
<pin id="219" dir="0" index="0" bw="36" slack="0"/>
<pin id="220" dir="0" index="1" bw="36" slack="1"/>
<pin id="221" dir="1" index="2" bw="36" slack="0"/>
</pin_list>
<bind>
<opcode="add(8) " fcode="add"/>
<opset="add_ln19/12 "/>
</bind>
</comp>

<comp id="224" class="1004" name="trunc_ln_fu_224">
<pin_list>
<pin id="225" dir="0" index="0" bw="16" slack="0"/>
<pin id="226" dir="0" index="1" bw="36" slack="0"/>
<pin id="227" dir="0" index="2" bw="6" slack="0"/>
<pin id="228" dir="0" index="3" bw="7" slack="0"/>
<pin id="229" dir="1" index="4" bw="16" slack="2147483647"/>
</pin_list>
<bind>
<opcode="partselect(1002) " fcode="partselect"/>
<opset="trunc_ln/12 "/>
</bind>
</comp>

<comp id="234" class="1005" name="a3_read_reg_234">
<pin_list>
<pin id="235" dir="0" index="0" bw="16" slack="1"/>
<pin id="236" dir="1" index="1" bw="16" slack="1"/>
</pin_list>
<bind>
<opset="a3_read "/>
</bind>
</comp>

<comp id="239" class="1005" name="x_read_reg_239">
<pin_list>
<pin id="240" dir="0" index="0" bw="16" slack="1"/>
<pin id="241" dir="1" index="1" bw="16" slack="1"/>
</pin_list>
<bind>
<opset="x_read "/>
</bind>
</comp>

<comp id="245" class="1005" name="x_cast_reg_245">
<pin_list>
<pin id="246" dir="0" index="0" bw="42" slack="1"/>
<pin id="247" dir="1" index="1" bw="42" slack="1"/>
</pin_list>
<bind>
<opset="x_cast "/>
</bind>
</comp>

<comp id="250" class="1005" name="sext_ln17_reg_250">
<pin_list>
<pin id="251" dir="0" index="0" bw="42" slack="1"/>
<pin id="252" dir="1" index="1" bw="42" slack="1"/>
</pin_list>
<bind>
<opset="sext_ln17 "/>
</bind>
</comp>

<comp id="255" class="1005" name="a0_read_reg_255">
<pin_list>
<pin id="256" dir="0" index="0" bw="16" slack="9"/>
<pin id="257" dir="1" index="1" bw="16" slack="9"/>
</pin_list>
<bind>
<opset="a0_read "/>
</bind>
</comp>

<comp id="260" class="1005" name="a1_read_reg_260">
<pin_list>
<pin id="261" dir="0" index="0" bw="16" slack="5"/>
<pin id="262" dir="1" index="1" bw="16" slack="5"/>
</pin_list>
<bind>
<opset="a1_read "/>
</bind>
</comp>

<comp id="265" class="1005" name="a2_read_reg_265">
<pin_list>
<pin id="266" dir="0" index="0" bw="16" slack="1"/>
<pin id="267" dir="1" index="1" bw="16" slack="1"/>
</pin_list>
<bind>
<opset="a2_read "/>
</bind>
</comp>

<comp id="270" class="1005" name="acc_1_reg_270">
<pin_list>
<pin id="271" dir="0" index="0" bw="32" slack="2"/>
<pin id="272" dir="1" index="1" bw="32" slack="2"/>
</pin_list>
<bind>
<opset="acc_1 "/>
</bind>
</comp>

<comp id="275" class="1005" name="sext_ln18_reg_275">
<pin_list>
<pin id="276" dir="0" index="0" bw="42" slack="1"/>
<pin id="277" dir="1" index="1" bw="42" slack="1"/>
</pin_list>
<bind>
<opset="sext_ln18 "/>
</bind>
</comp>

<comp id="280" class="1005" name="acc_2_reg_280">
<pin_list>
<pin id="281" dir="0" index="0" bw="32" slack="2"/>
<pin id="282" dir="1" index="1" bw="32" slack="2"/>
</pin_list>
<bind>
<opset="acc_2 "/>
</bind>
</comp>

<comp id="285" class="1005" name="sext_ln19_reg_285">
<pin_list>
<pin id="286" dir="0" index="0" bw="36" slack="1"/>
<pin id="287" dir="1" index="1" bw="36" slack="1"/>
</pin_list>
<bind>
<opset="sext_ln19 "/>
</bind>
</comp>

<comp id="290" class="1005" name="sext_ln19_1_reg_290">
<pin_list>
<pin id="291" dir="0" index="0" bw="36" slack="1"/>
<pin id="292" dir="1" index="1" bw="36" slack="1"/>
</pin_list>
<bind>
<opset="sext_ln19_1 "/>
</bind>
</comp>

</comp_list>

<net_list>
<net id="82"><net_src comp="10" pin="0"/><net_sink comp="78" pin=0"/></net>

<net id="83"><net_src comp="2" pin="0"/><net_sink comp="78" pin=1"/></net>

<net id="88"><net_src comp="10" pin="0"/><net_sink comp="84" pin=0"/></net>

<net id="89"><net_src comp="0" pin="0"/><net_sink comp="84" pin=1"/></net>

<net id="94"><net_src comp="10" pin="0"/><net_sink comp="90" pin=0"/></net>

<net id="95"><net_src comp="8" pin="0"/><net_sink comp="90" pin=1"/></net>

<net id="100"><net_src comp="10" pin="0"/><net_sink comp="96" pin=0"/></net>

<net id="101"><net_src comp="6" pin="0"/><net_sink comp="96" pin=1"/></net>

<net id="106"><net_src comp="10" pin="0"/><net_sink comp="102" pin=0"/></net>

<net id="107"><net_src comp="4" pin="0"/><net_sink comp="102" pin=1"/></net>

<net id="128"><net_src comp="108" pin="2"/><net_sink comp="125" pin=0"/></net>

<net id="134"><net_src comp="12" pin="0"/><net_sink comp="129" pin=0"/></net>

<net id="135"><net_src comp="14" pin="0"/><net_sink comp="129" pin=2"/></net>

<net id="139"><net_src comp="136" pin="1"/><net_sink comp="108" pin=1"/></net>

<net id="143"><net_src comp="129" pin="3"/><net_sink comp="140" pin=0"/></net>

<net id="144"><net_src comp="140" pin="1"/><net_sink comp="108" pin=0"/></net>

<net id="150"><net_src comp="16" pin="0"/><net_sink comp="145" pin=0"/></net>

<net id="151"><net_src comp="18" pin="0"/><net_sink comp="145" pin=2"/></net>

<net id="155"><net_src comp="145" pin="3"/><net_sink comp="152" pin=0"/></net>

<net id="160"><net_src comp="152" pin="1"/><net_sink comp="156" pin=0"/></net>

<net id="161"><net_src comp="125" pin="1"/><net_sink comp="156" pin=1"/></net>

<net id="168"><net_src comp="20" pin="0"/><net_sink comp="162" pin=0"/></net>

<net id="169"><net_src comp="156" pin="2"/><net_sink comp="162" pin=1"/></net>

<net id="170"><net_src comp="22" pin="0"/><net_sink comp="162" pin=2"/></net>

<net id="171"><net_src comp="24" pin="0"/><net_sink comp="162" pin=3"/></net>

<net id="175"><net_src comp="172" pin="1"/><net_sink comp="108" pin=0"/></net>

<net id="181"><net_src comp="16" pin="0"/><net_sink comp="176" pin=0"/></net>

<net id="182"><net_src comp="18" pin="0"/><net_sink comp="176" pin=2"/></net>

<net id="186"><net_src comp="176" pin="3"/><net_sink comp="183" pin=0"/></net>

<net id="191"><net_src comp="183" pin="1"/><net_sink comp="187" pin=0"/></net>

<net id="192"><net_src comp="125" pin="1"/><net_sink comp="187" pin=1"/></net>

<net id="199"><net_src comp="20" pin="0"/><net_sink comp="193" pin=0"/></net>

<net id="200"><net_src comp="187" pin="2"/><net_sink comp="193" pin=1"/></net>

<net id="201"><net_src comp="22" pin="0"/><net_sink comp="193" pin=2"/></net>

<net id="202"><net_src comp="24" pin="0"/><net_sink comp="193" pin=3"/></net>

<net id="206"><net_src comp="203" pin="1"/><net_sink comp="108" pin=0"/></net>

<net id="210"><net_src comp="207" pin="1"/><net_sink comp="108" pin=1"/></net>

<net id="216"><net_src comp="16" pin="0"/><net_sink comp="211" pin=0"/></net>

<net id="217"><net_src comp="18" pin="0"/><net_sink comp="211" pin=2"/></net>

<net id="222"><net_src comp="211" pin="3"/><net_sink comp="218" pin=0"/></net>

<net id="223"><net_src comp="125" pin="1"/><net_sink comp="218" pin=1"/></net>

<net id="230"><net_src comp="72" pin="0"/><net_sink comp="224" pin=0"/></net>

<net id="231"><net_src comp="218" pin="2"/><net_sink comp="224" pin=1"/></net>

<net id="232"><net_src comp="74" pin="0"/><net_sink comp="224" pin=2"/></net>

<net id="233"><net_src comp="76" pin="0"/><net_sink comp="224" pin=3"/></net>

<net id="237"><net_src comp="78" pin="2"/><net_sink comp="234" pin=0"/></net>

<net id="238"><net_src comp="234" pin="1"/><net_sink comp="129" pin=1"/></net>

<net id="242"><net_src comp="84" pin="2"/><net_sink comp="239" pin=0"/></net>

<net id="243"><net_src comp="239" pin="1"/><net_sink comp="136" pin=0"/></net>

<net id="244"><net_src comp="239" pin="1"/><net_sink comp="207" pin=0"/></net>

<net id="248"><net_src comp="136" pin="1"/><net_sink comp="245" pin=0"/></net>

<net id="249"><net_src comp="245" pin="1"/><net_sink comp="108" pin=1"/></net>

<net id="253"><net_src comp="140" pin="1"/><net_sink comp="250" pin=0"/></net>

<net id="254"><net_src comp="250" pin="1"/><net_sink comp="108" pin=0"/></net>

<net id="258"><net_src comp="90" pin="2"/><net_sink comp="255" pin=0"/></net>

<net id="259"><net_src comp="255" pin="1"/><net_sink comp="211" pin=1"/></net>

<net id="263"><net_src comp="96" pin="2"/><net_sink comp="260" pin=0"/></net>

<net id="264"><net_src comp="260" pin="1"/><net_sink comp="176" pin=1"/></net>

<net id="268"><net_src comp="102" pin="2"/><net_sink comp="265" pin=0"/></net>

<net id="269"><net_src comp="265" pin="1"/><net_sink comp="145" pin=1"/></net>

<net id="273"><net_src comp="162" pin="4"/><net_sink comp="270" pin=0"/></net>

<net id="274"><net_src comp="270" pin="1"/><net_sink comp="172" pin=0"/></net>

<net id="278"><net_src comp="172" pin="1"/><net_sink comp="275" pin=0"/></net>

<net id="279"><net_src comp="275" pin="1"/><net_sink comp="108" pin=0"/></net>

<net id="283"><net_src comp="193" pin="4"/><net_sink comp="280" pin=0"/></net>

<net id="284"><net_src comp="280" pin="1"/><net_sink comp="203" pin=0"/></net>

<net id="288"><net_src comp="203" pin="1"/><net_sink comp="285" pin=0"/></net>

<net id="289"><net_src comp="285" pin="1"/><net_sink comp="108" pin=0"/></net>

<net id="293"><net_src comp="207" pin="1"/><net_sink comp="290" pin=0"/></net>

<net id="294"><net_src comp="290" pin="1"/><net_sink comp="108" pin=1"/></net>

</net_list>

</model> 
---------------- Datapath Model END ------------------

* FSMD analyzer results:
  - Output states:
 - Input state : 
	Port: horner_core : x | {1 }
	Port: horner_core : a3 | {1 }
	Port: horner_core : a2 | {3 }
	Port: horner_core : a1 | {3 }
	Port: horner_core : a0 | {3 }
  - Chain level:
	State 1
	State 2
		sext_ln17 : 1
		mul_ln17 : 2
	State 3
	State 4
		shl_i_i17_i240_cast : 1
		add_ln17 : 2
		acc_1 : 3
	State 5
	State 6
		mul_ln18 : 1
	State 7
	State 8
		shl_i_i17_i128_cast : 1
		add_ln18 : 2
		acc_2 : 3
	State 9
	State 10
		mul_ln19 : 1
	State 11
	State 12
		add_ln19 : 1
		trunc_ln : 2
		ret_ln22 : 3


============================================================
+ Verbose Summary: Datapath Resource usage 
============================================================

* Functional unit list:
|----------|----------------------------|---------|---------|---------|
| Operation|       Functional Unit      |   DSP   |    FF   |   LUT   |
|----------|----------------------------|---------|---------|---------|
|    mul   |         grp_fu_108         |    2    |   165   |    49   |
|----------|----------------------------|---------|---------|---------|
|          |       add_ln17_fu_156      |    0    |    0    |    49   |
|    add   |       add_ln18_fu_187      |    0    |    0    |    49   |
|          |       add_ln19_fu_218      |    0    |    0    |    43   |
|----------|----------------------------|---------|---------|---------|
|          |     a3_read_read_fu_78     |    0    |    0    |    0    |
|          |      x_read_read_fu_84     |    0    |    0    |    0    |
|   read   |     a0_read_read_fu_90     |    0    |    0    |    0    |
|          |     a1_read_read_fu_96     |    0    |    0    |    0    |
|          |     a2_read_read_fu_102    |    0    |    0    |    0    |
|----------|----------------------------|---------|---------|---------|
|          |         acc_fu_129         |    0    |    0    |    0    |
|bitconcatenate|     shl_i_i17_i1_fu_145    |    0    |    0    |    0    |
|          |     shl_i_i17_i2_fu_176    |    0    |    0    |    0    |
|          |     shl_i_i17_i_fu_211     |    0    |    0    |    0    |
|----------|----------------------------|---------|---------|---------|
|          |        x_cast_fu_136       |    0    |    0    |    0    |
|          |      sext_ln17_fu_140      |    0    |    0    |    0    |
|          | shl_i_i17_i240_cast_fu_152 |    0    |    0    |    0    |
|   sext   |      sext_ln18_fu_172      |    0    |    0    |    0    |
|          | shl_i_i17_i128_cast_fu_183 |    0    |    0    |    0    |
|          |      sext_ln19_fu_203      |    0    |    0    |    0    |
|          |     sext_ln19_1_fu_207     |    0    |    0    |    0    |
|----------|----------------------------|---------|---------|---------|
|          |        acc_1_fu_162        |    0    |    0    |    0    |
|partselect|        acc_2_fu_193        |    0    |    0    |    0    |
|          |       trunc_ln_fu_224      |    0    |    0    |    0    |
|----------|----------------------------|---------|---------|---------|
|   Total  |                            |    2    |   165   |   190   |
|----------|----------------------------|---------|---------|---------|

Memories:
N/A

* Register list:
+-------------------+--------+
|                   |   FF   |
+-------------------+--------+
|  a0_read_reg_255  |   16   |
|  a1_read_reg_260  |   16   |
|  a2_read_reg_265  |   16   |
|  a3_read_reg_234  |   16   |
|   acc_1_reg_270   |   32   |
|   acc_2_reg_280   |   32   |
|      reg_125      |   42   |
| sext_ln17_reg_250 |   42   |
| sext_ln18_reg_275 |   42   |
|sext_ln19_1_reg_290|   36   |
| sext_ln19_reg_285 |   36   |
|   x_cast_reg_245  |   42   |
|   x_read_reg_239  |   16   |
+-------------------+--------+
|       Total       |   384  |
+-------------------+--------+

* Multiplexer (MUX) list: 
|------------|------|------|------|--------||---------||---------|
|    Comp    |  Pin | Size |  BW  | S x BW ||  Delay  ||   LUT   |
|------------|------|------|------|--------||---------||---------|
| grp_fu_108 |  p0  |   6  |  32  |   192  ||    31   |
| grp_fu_108 |  p1  |   4  |  16  |   64   ||    20   |
|------------|------|------|------|--------||---------||---------|
|    Total   |      |      |      |   256  ||  1.148  ||    51   |
|------------|------|------|------|--------||---------||---------|



* Summary:
+-----------+--------+--------+--------+--------+
|           |   DSP  |  Delay |   FF   |   LUT  |
+-----------+--------+--------+--------+--------+
|  Function |    2   |    -   |   165  |   190  |
|   Memory  |    -   |    -   |    -   |    -   |
|Multiplexer|    -   |    1   |    -   |   51   |
|  Register |    -   |    -   |   384  |    -   |
+-----------+--------+--------+--------+--------+
|   Total   |    2   |    1   |   549  |   241  |
+-----------+--------+--------+--------+--------+
