

================================================================
== Vitis HLS Report for 'horner_core'
================================================================
* Date:           Tue Mar 10 17:53:55 2026

* Version:        2023.2 (Build 4023990 on Oct 11 2023)
* Project:        horner_core
* Solution:       solution (Vitis Kernel Flow Target)
* Product family: zynquplus
* Target device:  xck26-sfvc784-2LV-c


================================================================
== Performance Estimates
================================================================
+ Timing: 
    * Summary: 
    +--------+---------+----------+------------+
    |  Clock |  Target | Estimated| Uncertainty|
    +--------+---------+----------+------------+
    |ap_clk  |  4.00 ns|  1.996 ns|     1.08 ns|
    +--------+---------+----------+------------+

+ Latency: 
    * Summary: 
    +---------+---------+-----------+-----------+-----+-----+---------+
    |  Latency (cycles) |   Latency (absolute)  |  Interval | Pipeline|
    |   min   |   max   |    min    |    max    | min | max |   Type  |
    +---------+---------+-----------+-----------+-----+-----+---------+
    |        9|        9|  36.000 ns|  36.000 ns|   10|   10|       no|
    +---------+---------+-----------+-----------+-----+-----+---------+

    + Detail: 
        * Instance: 
        N/A

        * Loop: 
        N/A



================================================================
== Utilization Estimates
================================================================
* Summary: 
+-----------------+---------+------+--------+--------+-----+
|       Name      | BRAM_18K|  DSP |   FF   |   LUT  | URAM|
+-----------------+---------+------+--------+--------+-----+
|DSP              |        -|     3|       -|       -|    -|
|Expression       |        -|     -|       0|       2|    -|
|FIFO             |        -|     -|       -|       -|    -|
|Instance         |        0|     -|     162|     232|    0|
|Memory           |        -|     -|       -|       -|    -|
|Multiplexer      |        -|     -|       -|      77|    -|
|Register         |        -|     -|      56|       -|    -|
+-----------------+---------+------+--------+--------+-----+
|Total            |        0|     3|     218|     311|    0|
+-----------------+---------+------+--------+--------+-----+
|Available        |      288|  1248|  234240|  117120|   64|
+-----------------+---------+------+--------+--------+-----+
|Utilization (%)  |        0|    ~0|      ~0|      ~0|    0|
+-----------------+---------+------+--------+--------+-----+

+ Detail: 
    * Instance: 
    +-----------------+---------------+---------+----+-----+-----+-----+
    |     Instance    |     Module    | BRAM_18K| DSP|  FF | LUT | URAM|
    +-----------------+---------------+---------+----+-----+-----+-----+
    |control_s_axi_U  |control_s_axi  |        0|   0|  162|  232|    0|
    +-----------------+---------------+---------+----+-----+-----+-----+
    |Total            |               |        0|   0|  162|  232|    0|
    +-----------------+---------------+---------+----+-----+-----+-----+

    * DSP: 
    +-----------------------------------+--------------------------------+--------------+
    |              Instance             |             Module             |  Expression  |
    +-----------------------------------+--------------------------------+--------------+
    |mac_muladd_16s_16s_26ns_26_4_1_U1  |mac_muladd_16s_16s_26ns_26_4_1  |  i0 + i1 * i2|
    |mac_muladd_16s_16s_26ns_26_4_1_U2  |mac_muladd_16s_16s_26ns_26_4_1  |  i0 + i1 * i2|
    |mac_muladd_16s_16s_26ns_26_4_1_U3  |mac_muladd_16s_16s_26ns_26_4_1  |  i0 + i1 * i2|
    +-----------------------------------+--------------------------------+--------------+

    * Memory: 
    N/A

    * FIFO: 
    N/A

    * Expression: 
    +-----------------+----------+----+---+----+------------+------------+
    |  Variable Name  | Operation| DSP| FF| LUT| Bitwidth P0| Bitwidth P1|
    +-----------------+----------+----+---+----+------------+------------+
    |ap_block_state1  |        or|   0|  0|   2|           1|           1|
    +-----------------+----------+----+---+----+------------+------------+
    |Total            |          |   0|  0|   2|           1|           1|
    +-----------------+----------+----+---+----+------------+------------+

    * Multiplexer: 
    +-----------+----+-----------+-----+-----------+
    |    Name   | LUT| Input Size| Bits| Total Bits|
    +-----------+----+-----------+-----+-----------+
    |ap_NS_fsm  |  59|         11|    1|         11|
    |ap_done    |   9|          2|    1|          2|
    |ap_return  |   9|          2|   16|         32|
    +-----------+----+-----------+-----+-----------+
    |Total      |  77|         15|   18|         45|
    +-----------+----+-----------+-----+-----------+

    * Register: 
    +---------------------+----+----+-----+-----------+
    |         Name        | FF | LUT| Bits| Const Bits|
    +---------------------+----+----+-----+-----------+
    |ap_CS_fsm            |  10|   0|   10|          0|
    |ap_done_reg          |   1|   0|    1|          0|
    |ap_return_preg       |  16|   0|   16|          0|
    |ap_rst_n_inv         |   1|   0|    1|          0|
    |ap_rst_reg_1         |   1|   0|    1|          0|
    |ap_rst_reg_2         |   1|   0|    1|          0|
    |sext_ln16_1_reg_189  |  26|   0|   26|          0|
    +---------------------+----+----+-----+-----------+
    |Total                |  56|   0|   56|          0|
    +---------------------+----+----+-----+-----------+



================================================================
== Interface
================================================================
* Summary: 
+-----------------------+-----+-----+---------------+--------------+--------------+
|       RTL Ports       | Dir | Bits|    Protocol   | Source Object|    C Type    |
+-----------------------+-----+-----+---------------+--------------+--------------+
|s_axi_control_AWVALID  |   in|    1|          s_axi|       control|        scalar|
|s_axi_control_AWREADY  |  out|    1|          s_axi|       control|        scalar|
|s_axi_control_AWADDR   |   in|    6|          s_axi|       control|        scalar|
|s_axi_control_WVALID   |   in|    1|          s_axi|       control|        scalar|
|s_axi_control_WREADY   |  out|    1|          s_axi|       control|        scalar|
|s_axi_control_WDATA    |   in|   32|          s_axi|       control|        scalar|
|s_axi_control_WSTRB    |   in|    4|          s_axi|       control|        scalar|
|s_axi_control_ARVALID  |   in|    1|          s_axi|       control|        scalar|
|s_axi_control_ARREADY  |  out|    1|          s_axi|       control|        scalar|
|s_axi_control_ARADDR   |   in|    6|          s_axi|       control|        scalar|
|s_axi_control_RVALID   |  out|    1|          s_axi|       control|        scalar|
|s_axi_control_RREADY   |   in|    1|          s_axi|       control|        scalar|
|s_axi_control_RDATA    |  out|   32|          s_axi|       control|        scalar|
|s_axi_control_RRESP    |  out|    2|          s_axi|       control|        scalar|
|s_axi_control_BVALID   |  out|    1|          s_axi|       control|        scalar|
|s_axi_control_BREADY   |   in|    1|          s_axi|       control|        scalar|
|s_axi_control_BRESP    |  out|    2|          s_axi|       control|        scalar|
|ap_clk                 |   in|    1|  ap_ctrl_chain|   horner_core|  return value|
|ap_rst_n               |   in|    1|  ap_ctrl_chain|   horner_core|  return value|
|interrupt              |  out|    1|  ap_ctrl_chain|   horner_core|  return value|
+-----------------------+-----+-----+---------------+--------------+--------------+

============================================================
+ Verbose Summary: Synthesis Manager
============================================================
InlineROM: 1
ExposeGlobal: 0
============================================================
+ Verbose Summary: CDFG Model
============================================================
IsTopModel: 1
ResetActiveHigh: 1
IsCombinational: 2
IsDatapathOnly: 2
HasWiredReturn: 1
HasMFsm: 0
HasVarLatency: 1
IsPipeline: 0
IsRtlPipelined: 0
IsInstanceOverlapped: 0
IsDontTouch: 0
HasImplIP: 0
IsGatedGlobalClock: 0


============================================================
+ Verbose Summary: Schedule
============================================================
* Number of FSM states : 10
* Pipeline : 0
* Dataflow Pipeline: 0

* FSM state transitions: 
1 --> 2 
2 --> 3 
3 --> 4 
4 --> 5 
5 --> 6 
6 --> 7 
7 --> 8 
8 --> 9 
9 --> 10 
10 --> 

* FSM state operations: 

State 1 <SV = 0> <Delay = 1.99>
ST_1 : Operation 11 [1/1] (1.00ns)   --->   "%a3_read = read i16 @_ssdm_op_Read.ap_none.i16, i16 %a3" [./HornerCore.cpp:6]   --->   Operation 11 'read' 'a3_read' <Predicate = true> <Delay = 1.00> <CoreInst = "s_axilite">   --->   Core 122 's_axilite' <Latency = 0> <II = 1> <Delay = 1.00> <Adapter> <Opcode : 'read' 'write'>
ST_1 : Operation 12 [1/1] (1.00ns)   --->   "%x_read = read i16 @_ssdm_op_Read.ap_none.i16, i16 %x" [./HornerCore.cpp:6]   --->   Operation 12 'read' 'x_read' <Predicate = true> <Delay = 1.00> <CoreInst = "s_axilite">   --->   Core 122 's_axilite' <Latency = 0> <II = 1> <Delay = 1.00> <Adapter> <Opcode : 'read' 'write'>
ST_1 : Operation 13 [1/1] (0.00ns)   --->   "%sext_ln16 = sext i16 %a3_read" [./HornerCore.cpp:16]   --->   Operation 13 'sext' 'sext_ln16' <Predicate = true> <Delay = 0.00>
ST_1 : Operation 14 [1/1] (0.00ns)   --->   "%sext_ln16_1 = sext i16 %x_read" [./HornerCore.cpp:16]   --->   Operation 14 'sext' 'sext_ln16_1' <Predicate = true> <Delay = 0.00>
ST_1 : Operation 15 [3/3] (0.99ns) (grouped into DSP with root node add_ln16)   --->   "%mul_ln16 = mul i26 %sext_ln16, i26 %sext_ln16_1" [./HornerCore.cpp:16]   --->   Operation 15 'mul' 'mul_ln16' <Predicate = true> <Delay = 0.99> <CoreInst = "DSP48">   --->   Core 127 'DSP48' <Latency = 3> <II = 1> <Delay = 0.53> <IPBlock> <Opcode : '' 'add' 'sub' 'mul' 'select'> <InPorts = 0> <OutPorts = 1> <Sync> <CReg>

State 2 <SV = 1> <Delay = 0.99>
ST_2 : Operation 16 [2/3] (0.99ns) (grouped into DSP with root node add_ln16)   --->   "%mul_ln16 = mul i26 %sext_ln16, i26 %sext_ln16_1" [./HornerCore.cpp:16]   --->   Operation 16 'mul' 'mul_ln16' <Predicate = true> <Delay = 0.99> <CoreInst = "DSP48">   --->   Core 127 'DSP48' <Latency = 3> <II = 1> <Delay = 0.53> <IPBlock> <Opcode : '' 'add' 'sub' 'mul' 'select'> <InPorts = 0> <OutPorts = 1> <Sync> <CReg>

State 3 <SV = 2> <Delay = 1.64>
ST_3 : Operation 17 [1/1] (1.00ns)   --->   "%a2_read = read i16 @_ssdm_op_Read.ap_none.i16, i16 %a2" [./HornerCore.cpp:6]   --->   Operation 17 'read' 'a2_read' <Predicate = true> <Delay = 1.00> <CoreInst = "s_axilite">   --->   Core 122 's_axilite' <Latency = 0> <II = 1> <Delay = 1.00> <Adapter> <Opcode : 'read' 'write'>
ST_3 : Operation 18 [1/3] (0.00ns) (grouped into DSP with root node add_ln16)   --->   "%mul_ln16 = mul i26 %sext_ln16, i26 %sext_ln16_1" [./HornerCore.cpp:16]   --->   Operation 18 'mul' 'mul_ln16' <Predicate = true> <Delay = 0.00> <CoreInst = "DSP48">   --->   Core 127 'DSP48' <Latency = 3> <II = 1> <Delay = 0.53> <IPBlock> <Opcode : '' 'add' 'sub' 'mul' 'select'> <InPorts = 0> <OutPorts = 1> <Sync> <CReg>
ST_3 : Operation 19 [1/1] (0.00ns)   --->   "%shl_ln = bitconcatenate i26 @_ssdm_op_BitConcatenate.i26.i16.i10, i16 %a2_read, i10 0" [./HornerCore.cpp:16]   --->   Operation 19 'bitconcatenate' 'shl_ln' <Predicate = true> <Delay = 0.00>
ST_3 : Operation 20 [2/2] (0.64ns) (root node of the DSP)   --->   "%add_ln16 = add i26 %shl_ln, i26 %mul_ln16" [./HornerCore.cpp:16]   --->   Operation 20 'add' 'add_ln16' <Predicate = true> <Delay = 0.64> <CoreInst = "DSP48">   --->   Core 127 'DSP48' <Latency = 3> <II = 1> <Delay = 0.53> <IPBlock> <Opcode : '' 'add' 'sub' 'mul' 'select'> <InPorts = 0> <OutPorts = 1> <Sync> <CReg>

State 4 <SV = 3> <Delay = 1.64>
ST_4 : Operation 21 [1/2] (0.64ns) (root node of the DSP)   --->   "%add_ln16 = add i26 %shl_ln, i26 %mul_ln16" [./HornerCore.cpp:16]   --->   Operation 21 'add' 'add_ln16' <Predicate = true> <Delay = 0.64> <CoreInst = "DSP48">   --->   Core 127 'DSP48' <Latency = 3> <II = 1> <Delay = 0.53> <IPBlock> <Opcode : '' 'add' 'sub' 'mul' 'select'> <InPorts = 0> <OutPorts = 1> <Sync> <CReg>
ST_4 : Operation 22 [1/1] (0.00ns)   --->   "%acc = partselect i16 @_ssdm_op_PartSelect.i16.i26.i32.i32, i26 %add_ln16, i32 10, i32 25" [./HornerCore.cpp:16]   --->   Operation 22 'partselect' 'acc' <Predicate = true> <Delay = 0.00>
ST_4 : Operation 23 [1/1] (0.00ns)   --->   "%sext_ln17 = sext i16 %acc" [./HornerCore.cpp:17]   --->   Operation 23 'sext' 'sext_ln17' <Predicate = true> <Delay = 0.00>
ST_4 : Operation 24 [3/3] (0.99ns) (grouped into DSP with root node add_ln17)   --->   "%mul_ln17 = mul i26 %sext_ln17, i26 %sext_ln16_1" [./HornerCore.cpp:17]   --->   Operation 24 'mul' 'mul_ln17' <Predicate = true> <Delay = 0.99> <CoreInst = "DSP48">   --->   Core 127 'DSP48' <Latency = 3> <II = 1> <Delay = 0.53> <IPBlock> <Opcode : '' 'add' 'sub' 'mul' 'select'> <InPorts = 0> <OutPorts = 1> <Sync> <CReg>

State 5 <SV = 4> <Delay = 0.99>
ST_5 : Operation 25 [2/3] (0.99ns) (grouped into DSP with root node add_ln17)   --->   "%mul_ln17 = mul i26 %sext_ln17, i26 %sext_ln16_1" [./HornerCore.cpp:17]   --->   Operation 25 'mul' 'mul_ln17' <Predicate = true> <Delay = 0.99> <CoreInst = "DSP48">   --->   Core 127 'DSP48' <Latency = 3> <II = 1> <Delay = 0.53> <IPBlock> <Opcode : '' 'add' 'sub' 'mul' 'select'> <InPorts = 0> <OutPorts = 1> <Sync> <CReg>

State 6 <SV = 5> <Delay = 1.64>
ST_6 : Operation 26 [1/1] (1.00ns)   --->   "%a1_read = read i16 @_ssdm_op_Read.ap_none.i16, i16 %a1" [./HornerCore.cpp:6]   --->   Operation 26 'read' 'a1_read' <Predicate = true> <Delay = 1.00> <CoreInst = "s_axilite">   --->   Core 122 's_axilite' <Latency = 0> <II = 1> <Delay = 1.00> <Adapter> <Opcode : 'read' 'write'>
ST_6 : Operation 27 [1/3] (0.00ns) (grouped into DSP with root node add_ln17)   --->   "%mul_ln17 = mul i26 %sext_ln17, i26 %sext_ln16_1" [./HornerCore.cpp:17]   --->   Operation 27 'mul' 'mul_ln17' <Predicate = true> <Delay = 0.00> <CoreInst = "DSP48">   --->   Core 127 'DSP48' <Latency = 3> <II = 1> <Delay = 0.53> <IPBlock> <Opcode : '' 'add' 'sub' 'mul' 'select'> <InPorts = 0> <OutPorts = 1> <Sync> <CReg>
ST_6 : Operation 28 [1/1] (0.00ns)   --->   "%shl_ln1 = bitconcatenate i26 @_ssdm_op_BitConcatenate.i26.i16.i10, i16 %a1_read, i10 0" [./HornerCore.cpp:17]   --->   Operation 28 'bitconcatenate' 'shl_ln1' <Predicate = true> <Delay = 0.00>
ST_6 : Operation 29 [2/2] (0.64ns) (root node of the DSP)   --->   "%add_ln17 = add i26 %shl_ln1, i26 %mul_ln17" [./HornerCore.cpp:17]   --->   Operation 29 'add' 'add_ln17' <Predicate = true> <Delay = 0.64> <CoreInst = "DSP48">   --->   Core 127 'DSP48' <Latency = 3> <II = 1> <Delay = 0.53> <IPBlock> <Opcode : '' 'add' 'sub' 'mul' 'select'> <InPorts = 0> <OutPorts = 1> <Sync> <CReg>

State 7 <SV = 6> <Delay = 1.64>
ST_7 : Operation 30 [1/2] (0.64ns) (root node of the DSP)   --->   "%add_ln17 = add i26 %shl_ln1, i26 %mul_ln17" [./HornerCore.cpp:17]   --->   Operation 30 'add' 'add_ln17' <Predicate = true> <Delay = 0.64> <CoreInst = "DSP48">   --->   Core 127 'DSP48' <Latency = 3> <II = 1> <Delay = 0.53> <IPBlock> <Opcode : '' 'add' 'sub' 'mul' 'select'> <InPorts = 0> <OutPorts = 1> <Sync> <CReg>
ST_7 : Operation 31 [1/1] (0.00ns)   --->   "%acc_1 = partselect i16 @_ssdm_op_PartSelect.i16.i26.i32.i32, i26 %add_ln17, i32 10, i32 25" [./HornerCore.cpp:17]   --->   Operation 31 'partselect' 'acc_1' <Predicate = true> <Delay = 0.00>
ST_7 : Operation 32 [1/1] (0.00ns)   --->   "%sext_ln18 = sext i16 %acc_1" [./HornerCore.cpp:18]   --->   Operation 32 'sext' 'sext_ln18' <Predicate = true> <Delay = 0.00>
ST_7 : Operation 33 [3/3] (0.99ns) (grouped into DSP with root node add_ln18)   --->   "%mul_ln18 = mul i26 %sext_ln18, i26 %sext_ln16_1" [./HornerCore.cpp:18]   --->   Operation 33 'mul' 'mul_ln18' <Predicate = true> <Delay = 0.99> <CoreInst = "DSP48">   --->   Core 127 'DSP48' <Latency = 3> <II = 1> <Delay = 0.53> <IPBlock> <Opcode : '' 'add' 'sub' 'mul' 'select'> <InPorts = 0> <OutPorts = 1> <Sync> <CReg>

State 8 <SV = 7> <Delay = 0.99>
ST_8 : Operation 34 [2/3] (0.99ns) (grouped into DSP with root node add_ln18)   --->   "%mul_ln18 = mul i26 %sext_ln18, i26 %sext_ln16_1" [./HornerCore.cpp:18]   --->   Operation 34 'mul' 'mul_ln18' <Predicate = true> <Delay = 0.99> <CoreInst = "DSP48">   --->   Core 127 'DSP48' <Latency = 3> <II = 1> <Delay = 0.53> <IPBlock> <Opcode : '' 'add' 'sub' 'mul' 'select'> <InPorts = 0> <OutPorts = 1> <Sync> <CReg>

State 9 <SV = 8> <Delay = 1.64>
ST_9 : Operation 35 [1/1] (1.00ns)   --->   "%a0_read = read i16 @_ssdm_op_Read.ap_none.i16, i16 %a0" [./HornerCore.cpp:6]   --->   Operation 35 'read' 'a0_read' <Predicate = true> <Delay = 1.00> <CoreInst = "s_axilite">   --->   Core 122 's_axilite' <Latency = 0> <II = 1> <Delay = 1.00> <Adapter> <Opcode : 'read' 'write'>
ST_9 : Operation 36 [1/3] (0.00ns) (grouped into DSP with root node add_ln18)   --->   "%mul_ln18 = mul i26 %sext_ln18, i26 %sext_ln16_1" [./HornerCore.cpp:18]   --->   Operation 36 'mul' 'mul_ln18' <Predicate = true> <Delay = 0.00> <CoreInst = "DSP48">   --->   Core 127 'DSP48' <Latency = 3> <II = 1> <Delay = 0.53> <IPBlock> <Opcode : '' 'add' 'sub' 'mul' 'select'> <InPorts = 0> <OutPorts = 1> <Sync> <CReg>
ST_9 : Operation 37 [1/1] (0.00ns)   --->   "%shl_ln2 = bitconcatenate i26 @_ssdm_op_BitConcatenate.i26.i16.i10, i16 %a0_read, i10 0" [./HornerCore.cpp:18]   --->   Operation 37 'bitconcatenate' 'shl_ln2' <Predicate = true> <Delay = 0.00>
ST_9 : Operation 38 [2/2] (0.64ns) (root node of the DSP)   --->   "%add_ln18 = add i26 %shl_ln2, i26 %mul_ln18" [./HornerCore.cpp:18]   --->   Operation 38 'add' 'add_ln18' <Predicate = true> <Delay = 0.64> <CoreInst = "DSP48">   --->   Core 127 'DSP48' <Latency = 3> <II = 1> <Delay = 0.53> <IPBlock> <Opcode : '' 'add' 'sub' 'mul' 'select'> <InPorts = 0> <OutPorts = 1> <Sync> <CReg>

State 10 <SV = 9> <Delay = 0.64>
ST_10 : Operation 39 [1/1] (0.00ns)   --->   "%specbitsmap_ln0 = specbitsmap void @_ssdm_op_SpecBitsMap, i16 0"   --->   Operation 39 'specbitsmap' 'specbitsmap_ln0' <Predicate = true> <Delay = 0.00>
ST_10 : Operation 40 [1/1] (0.00ns)   --->   "%specpipeline_ln12 = specpipeline void @_ssdm_op_SpecPipeline, i32 0, i32 0, i32 1, i32 0, void @empty_0" [./HornerCore.cpp:12]   --->   Operation 40 'specpipeline' 'specpipeline_ln12' <Predicate = true> <Delay = 0.00>
ST_10 : Operation 41 [1/1] (0.00ns)   --->   "%spectopmodule_ln5 = spectopmodule void @_ssdm_op_SpecTopModule, void @empty_9" [./HornerCore.cpp:5]   --->   Operation 41 'spectopmodule' 'spectopmodule_ln5' <Predicate = true> <Delay = 0.00>
ST_10 : Operation 42 [1/1] (0.00ns)   --->   "%specinterface_ln5 = specinterface void @_ssdm_op_SpecInterface, i32 0, void @empty_10, i32 0, i32 0, void @empty_0, i32 0, i32 0, void @empty_0, void @empty_0, void @empty_0, i32 0, i32 0, i32 0, i32 0, void @empty_0, void @empty_0, i32 4294967295, i32 0" [./HornerCore.cpp:5]   --->   Operation 42 'specinterface' 'specinterface_ln5' <Predicate = true> <Delay = 0.00>
ST_10 : Operation 43 [1/1] (0.00ns)   --->   "%specbitsmap_ln0 = specbitsmap void @_ssdm_op_SpecBitsMap, i16 %x"   --->   Operation 43 'specbitsmap' 'specbitsmap_ln0' <Predicate = true> <Delay = 0.00>
ST_10 : Operation 44 [1/1] (0.00ns)   --->   "%specinterface_ln0 = specinterface void @_ssdm_op_SpecInterface, i16 %x, void @empty, i32 0, i32 0, void @empty_0, i32 0, i32 0, void @empty_1, void @empty_2, void @empty_0, i32 0, i32 0, i32 0, i32 0, void @empty_0, void @empty_0, i32 4294967295, i32 0"   --->   Operation 44 'specinterface' 'specinterface_ln0' <Predicate = true> <Delay = 0.00>
ST_10 : Operation 45 [1/1] (0.00ns)   --->   "%specinterface_ln0 = specinterface void @_ssdm_op_SpecInterface, i16 %x, void @empty_3, i32 0, i32 0, void @empty_0, i32 0, i32 0, void @empty_0, void @empty_0, void @empty_0, i32 0, i32 0, i32 0, i32 0, void @empty_0, void @empty_0, i32 4294967295, i32 0"   --->   Operation 45 'specinterface' 'specinterface_ln0' <Predicate = true> <Delay = 0.00>
ST_10 : Operation 46 [1/1] (0.00ns)   --->   "%specbitsmap_ln0 = specbitsmap void @_ssdm_op_SpecBitsMap, i16 %a3"   --->   Operation 46 'specbitsmap' 'specbitsmap_ln0' <Predicate = true> <Delay = 0.00>
ST_10 : Operation 47 [1/1] (0.00ns)   --->   "%specinterface_ln0 = specinterface void @_ssdm_op_SpecInterface, i16 %a3, void @empty, i32 0, i32 0, void @empty_0, i32 0, i32 0, void @empty_1, void @empty_4, void @empty_0, i32 0, i32 0, i32 0, i32 0, void @empty_0, void @empty_0, i32 4294967295, i32 0"   --->   Operation 47 'specinterface' 'specinterface_ln0' <Predicate = true> <Delay = 0.00>
ST_10 : Operation 48 [1/1] (0.00ns)   --->   "%specinterface_ln0 = specinterface void @_ssdm_op_SpecInterface, i16 %a3, void @empty_3, i32 0, i32 0, void @empty_0, i32 0, i32 0, void @empty_0, void @empty_0, void @empty_0, i32 0, i32 0, i32 0, i32 0, void @empty_0, void @empty_0, i32 4294967295, i32 0"   --->   Operation 48 'specinterface' 'specinterface_ln0' <Predicate = true> <Delay = 0.00>
ST_10 : Operation 49 [1/1] (0.00ns)   --->   "%specbitsmap_ln0 = specbitsmap void @_ssdm_op_SpecBitsMap, i16 %a2"   --->   Operation 49 'specbitsmap' 'specbitsmap_ln0' <Predicate = true> <Delay = 0.00>
ST_10 : Operation 50 [1/1] (0.00ns)   --->   "%specinterface_ln0 = specinterface void @_ssdm_op_SpecInterface, i16 %a2, void @empty, i32 0, i32 0, void @empty_0, i32 0, i32 0, void @empty_1, void @empty_5, void @empty_0, i32 0, i32 0, i32 0, i32 0, void @empty_0, void @empty_0, i32 4294967295, i32 0"   --->   Operation 50 'specinterface' 'specinterface_ln0' <Predicate = true> <Delay = 0.00>
ST_10 : Operation 51 [1/1] (0.00ns)   --->   "%specinterface_ln0 = specinterface void @_ssdm_op_SpecInterface, i16 %a2, void @empty_3, i32 0, i32 0, void @empty_0, i32 0, i32 0, void @empty_0, void @empty_0, void @empty_0, i32 0, i32 0, i32 0, i32 0, void @empty_0, void @empty_0, i32 4294967295, i32 0"   --->   Operation 51 'specinterface' 'specinterface_ln0' <Predicate = true> <Delay = 0.00>
ST_10 : Operation 52 [1/1] (0.00ns)   --->   "%specbitsmap_ln0 = specbitsmap void @_ssdm_op_SpecBitsMap, i16 %a1"   --->   Operation 52 'specbitsmap' 'specbitsmap_ln0' <Predicate = true> <Delay = 0.00>
ST_10 : Operation 53 [1/1] (0.00ns)   --->   "%specinterface_ln0 = specinterface void @_ssdm_op_SpecInterface, i16 %a1, void @empty, i32 0, i32 0, void @empty_0, i32 0, i32 0, void @empty_1, void @empty_6, void @empty_0, i32 0, i32 0, i32 0, i32 0, void @empty_0, void @empty_0, i32 4294967295, i32 0"   --->   Operation 53 'specinterface' 'specinterface_ln0' <Predicate = true> <Delay = 0.00>
ST_10 : Operation 54 [1/1] (0.00ns)   --->   "%specinterface_ln0 = specinterface void @_ssdm_op_SpecInterface, i16 %a1, void @empty_3, i32 0, i32 0, void @empty_0, i32 0, i32 0, void @empty_0, void @empty_0, void @empty_0, i32 0, i32 0, i32 0, i32 0, void @empty_0, void @empty_0, i32 4294967295, i32 0"   --->   Operation 54 'specinterface' 'specinterface_ln0' <Predicate = true> <Delay = 0.00>
ST_10 : Operation 55 [1/1] (0.00ns)   --->   "%specbitsmap_ln0 = specbitsmap void @_ssdm_op_SpecBitsMap, i16 %a0"   --->   Operation 55 'specbitsmap' 'specbitsmap_ln0' <Predicate = true> <Delay = 0.00>
ST_10 : Operation 56 [1/1] (0.00ns)   --->   "%specinterface_ln0 = specinterface void @_ssdm_op_SpecInterface, i16 %a0, void @empty, i32 0, i32 0, void @empty_0, i32 0, i32 0, void @empty_1, void @empty_7, void @empty_0, i32 0, i32 0, i32 0, i32 0, void @empty_0, void @empty_0, i32 4294967295, i32 0"   --->   Operation 56 'specinterface' 'specinterface_ln0' <Predicate = true> <Delay = 0.00>
ST_10 : Operation 57 [1/1] (0.00ns)   --->   "%specinterface_ln0 = specinterface void @_ssdm_op_SpecInterface, i16 %a0, void @empty_3, i32 0, i32 0, void @empty_0, i32 0, i32 0, void @empty_0, void @empty_0, void @empty_0, i32 0, i32 0, i32 0, i32 0, void @empty_0, void @empty_0, i32 4294967295, i32 0"   --->   Operation 57 'specinterface' 'specinterface_ln0' <Predicate = true> <Delay = 0.00>
ST_10 : Operation 58 [1/1] (0.00ns)   --->   "%specinterface_ln0 = specinterface void @_ssdm_op_SpecInterface, i32 0, void @empty, i32 0, i32 0, void @empty_0, i32 0, i32 0, void @empty_1, void @empty_8, void @empty_0, i32 0, i32 0, i32 0, i32 0, void @empty_0, void @empty_0, i32 4294967295, i32 0"   --->   Operation 58 'specinterface' 'specinterface_ln0' <Predicate = true> <Delay = 0.00>
ST_10 : Operation 59 [1/2] (0.64ns) (root node of the DSP)   --->   "%add_ln18 = add i26 %shl_ln2, i26 %mul_ln18" [./HornerCore.cpp:18]   --->   Operation 59 'add' 'add_ln18' <Predicate = true> <Delay = 0.64> <CoreInst = "DSP48">   --->   Core 127 'DSP48' <Latency = 3> <II = 1> <Delay = 0.53> <IPBlock> <Opcode : '' 'add' 'sub' 'mul' 'select'> <InPorts = 0> <OutPorts = 1> <Sync> <CReg>
ST_10 : Operation 60 [1/1] (0.00ns)   --->   "%trunc_ln = partselect i16 @_ssdm_op_PartSelect.i16.i26.i32.i32, i26 %add_ln18, i32 10, i32 25" [./HornerCore.cpp:18]   --->   Operation 60 'partselect' 'trunc_ln' <Predicate = true> <Delay = 0.00>
ST_10 : Operation 61 [1/1] (0.00ns)   --->   "%ret_ln18 = ret i16 %trunc_ln" [./HornerCore.cpp:18]   --->   Operation 61 'ret' 'ret_ln18' <Predicate = true> <Delay = 0.00>


============================================================
+ Verbose Summary: Binding
============================================================
STG Binding: 
---------------- STG Properties BEGIN ----------------
- Is combinational: 0
- Is one-state seq: 0
- Is datapath-only: 0
- Is pipelined: 0
- Is top level: 1
Port [ Return ] is wired: 1; IO mode=ap_ctrl_chain:ce=0
Port [ x]:  wired=1; compound=0; hidden=0; nouse=0; global=0; static=0; extern=0; dir=0; type=0; pingpong=0; private_global=0; IO mode=ap_none:ce=0
Port [ a3]:  wired=1; compound=0; hidden=0; nouse=0; global=0; static=0; extern=0; dir=0; type=0; pingpong=0; private_global=0; IO mode=ap_none:ce=0
Port [ a2]:  wired=1; compound=0; hidden=0; nouse=0; global=0; static=0; extern=0; dir=0; type=0; pingpong=0; private_global=0; IO mode=ap_none:ce=0
Port [ a1]:  wired=1; compound=0; hidden=0; nouse=0; global=0; static=0; extern=0; dir=0; type=0; pingpong=0; private_global=0; IO mode=ap_none:ce=0
Port [ a0]:  wired=1; compound=0; hidden=0; nouse=0; global=0; static=0; extern=0; dir=0; type=0; pingpong=0; private_global=0; IO mode=ap_none:ce=0
---------------- STG Properties END ------------------

---------------- Datapath Model BEGIN ----------------

<LifeTime>
<method=bitvector/>
a3_read           (read          ) [ 00000000000]
x_read            (read          ) [ 00000000000]
sext_ln16         (sext          ) [ 00110000000]
sext_ln16_1       (sext          ) [ 00111111110]
a2_read           (read          ) [ 00000000000]
mul_ln16          (mul           ) [ 00001000000]
shl_ln            (bitconcatenate) [ 00001000000]
add_ln16          (add           ) [ 00000000000]
acc               (partselect    ) [ 00000000000]
sext_ln17         (sext          ) [ 00000110000]
a1_read           (read          ) [ 00000000000]
mul_ln17          (mul           ) [ 00000001000]
shl_ln1           (bitconcatenate) [ 00000001000]
add_ln17          (add           ) [ 00000000000]
acc_1             (partselect    ) [ 00000000000]
sext_ln18         (sext          ) [ 00000000110]
a0_read           (read          ) [ 00000000000]
mul_ln18          (mul           ) [ 00000000001]
shl_ln2           (bitconcatenate) [ 00000000001]
specbitsmap_ln0   (specbitsmap   ) [ 00000000000]
specpipeline_ln12 (specpipeline  ) [ 00000000000]
spectopmodule_ln5 (spectopmodule ) [ 00000000000]
specinterface_ln5 (specinterface ) [ 00000000000]
specbitsmap_ln0   (specbitsmap   ) [ 00000000000]
specinterface_ln0 (specinterface ) [ 00000000000]
specinterface_ln0 (specinterface ) [ 00000000000]
specbitsmap_ln0   (specbitsmap   ) [ 00000000000]
specinterface_ln0 (specinterface ) [ 00000000000]
specinterface_ln0 (specinterface ) [ 00000000000]
specbitsmap_ln0   (specbitsmap   ) [ 00000000000]
specinterface_ln0 (specinterface ) [ 00000000000]
specinterface_ln0 (specinterface ) [ 00000000000]
specbitsmap_ln0   (specbitsmap   ) [ 00000000000]
specinterface_ln0 (specinterface ) [ 00000000000]
specinterface_ln0 (specinterface ) [ 00000000000]
specbitsmap_ln0   (specbitsmap   ) [ 00000000000]
specinterface_ln0 (specinterface ) [ 00000000000]
specinterface_ln0 (specinterface ) [ 00000000000]
specinterface_ln0 (specinterface ) [ 00000000000]
add_ln18          (add           ) [ 00000000000]
trunc_ln          (partselect    ) [ 00000000000]
ret_ln18          (ret           ) [ 00000000000]
</LifeTime>

<model>

<comp_list>
<comp id="0" class="1000" name="x">
<pin_list>
<pin id="1" dir="1" index="0" bw="1" slack="0"/>
</pin_list>
<bind>
<StgValue><ssdm name="x"/></StgValue>
</bind>
</comp>

<comp id="2" class="1000" name="a3">
<pin_list>
<pin id="3" dir="1" index="0" bw="1" slack="0"/>
</pin_list>
<bind>
<StgValue><ssdm name="a3"/></StgValue>
</bind>
</comp>

<comp id="4" class="1000" name="a2">
<pin_list>
<pin id="5" dir="1" index="0" bw="1" slack="0"/>
</pin_list>
<bind>
<StgValue><ssdm name="a2"/></StgValue>
</bind>
</comp>

<comp id="6" class="1000" name="a1">
<pin_list>
<pin id="7" dir="1" index="0" bw="1" slack="0"/>
</pin_list>
<bind>
<StgValue><ssdm name="a1"/></StgValue>
</bind>
</comp>

<comp id="8" class="1000" name="a0">
<pin_list>
<pin id="9" dir="1" index="0" bw="1" slack="0"/>
</pin_list>
<bind>
<StgValue><ssdm name="a0"/></StgValue>
</bind>
</comp>

<comp id="10" class="1001" name="const_10">
<pin_list>
<pin id="11" dir="1" index="0" bw="1" slack="0"/>
</pin_list>
<bind>
<StgValue><ssdm name="_ssdm_op_Read.ap_none.i16"/></StgValue>
</bind>
</comp>

<comp id="12" class="1001" name="const_12">
<pin_list>
<pin id="13" dir="1" index="0" bw="1" slack="0"/>
</pin_list>
<bind>
<StgValue><ssdm name="_ssdm_op_BitConcatenate.i26.i16.i10"/></StgValue>
</bind>
</comp>

<comp id="14" class="1001" name="const_14">
<pin_list>
<pin id="15" dir="1" index="0" bw="1" slack="0"/>
</pin_list>
<bind>
<StgValue><ssdm name=""/></StgValue>
</bind>
</comp>

<comp id="16" class="1001" name="const_16">
<pin_list>
<pin id="17" dir="1" index="0" bw="1" slack="0"/>
</pin_list>
<bind>
<StgValue><ssdm name="_ssdm_op_PartSelect.i16.i26.i32.i32"/></StgValue>
</bind>
</comp>

<comp id="18" class="1001" name="const_18">
<pin_list>
<pin id="19" dir="1" index="0" bw="1" slack="0"/>
</pin_list>
<bind>
<StgValue><ssdm name=""/></StgValue>
</bind>
</comp>

<comp id="20" class="1001" name="const_20">
<pin_list>
<pin id="21" dir="1" index="0" bw="1" slack="0"/>
</pin_list>
<bind>
<StgValue><ssdm name=""/></StgValue>
</bind>
</comp>

<comp id="22" class="1001" name="const_22">
<pin_list>
<pin id="23" dir="1" index="0" bw="1" slack="2147483647"/>
</pin_list>
<bind>
<StgValue><ssdm name="_ssdm_op_SpecBitsMap"/></StgValue>
</bind>
</comp>

<comp id="24" class="1001" name="const_24">
<pin_list>
<pin id="25" dir="1" index="0" bw="1" slack="2147483647"/>
</pin_list>
<bind>
<StgValue><ssdm name=""/></StgValue>
</bind>
</comp>

<comp id="26" class="1001" name="const_26">
<pin_list>
<pin id="27" dir="1" index="0" bw="1" slack="2147483647"/>
</pin_list>
<bind>
<StgValue><ssdm name="_ssdm_op_SpecPipeline"/></StgValue>
</bind>
</comp>

<comp id="28" class="1001" name="const_28">
<pin_list>
<pin id="29" dir="1" index="0" bw="1" slack="2147483647"/>
</pin_list>
<bind>
<StgValue><ssdm name=""/></StgValue>
</bind>
</comp>

<comp id="30" class="1001" name="const_30">
<pin_list>
<pin id="31" dir="1" index="0" bw="1" slack="2147483647"/>
</pin_list>
<bind>
<StgValue><ssdm name=""/></StgValue>
</bind>
</comp>

<comp id="32" class="1001" name="const_32">
<pin_list>
<pin id="33" dir="1" index="0" bw="1" slack="2147483647"/>
</pin_list>
<bind>
<StgValue><ssdm name="empty_0"/></StgValue>
</bind>
</comp>

<comp id="34" class="1001" name="const_34">
<pin_list>
<pin id="35" dir="1" index="0" bw="1" slack="2147483647"/>
</pin_list>
<bind>
<StgValue><ssdm name="_ssdm_op_SpecTopModule"/></StgValue>
</bind>
</comp>

<comp id="36" class="1001" name="const_36">
<pin_list>
<pin id="37" dir="1" index="0" bw="1" slack="2147483647"/>
</pin_list>
<bind>
<StgValue><ssdm name="empty_9"/></StgValue>
</bind>
</comp>

<comp id="38" class="1001" name="const_38">
<pin_list>
<pin id="39" dir="1" index="0" bw="1" slack="2147483647"/>
</pin_list>
<bind>
<StgValue><ssdm name="_ssdm_op_SpecInterface"/></StgValue>
</bind>
</comp>

<comp id="40" class="1001" name="const_40">
<pin_list>
<pin id="41" dir="1" index="0" bw="1" slack="2147483647"/>
</pin_list>
<bind>
<StgValue><ssdm name="empty_10"/></StgValue>
</bind>
</comp>

<comp id="42" class="1001" name="const_42">
<pin_list>
<pin id="43" dir="1" index="0" bw="1" slack="2147483647"/>
</pin_list>
<bind>
<StgValue><ssdm name=""/></StgValue>
</bind>
</comp>

<comp id="44" class="1001" name="const_44">
<pin_list>
<pin id="45" dir="1" index="0" bw="1" slack="2147483647"/>
</pin_list>
<bind>
<StgValue><ssdm name="empty"/></StgValue>
</bind>
</comp>

<comp id="46" class="1001" name="const_46">
<pin_list>
<pin id="47" dir="1" index="0" bw="1" slack="2147483647"/>
</pin_list>
<bind>
<StgValue><ssdm name="empty_1"/></StgValue>
</bind>
</comp>

<comp id="48" class="1001" name="const_48">
<pin_list>
<pin id="49" dir="1" index="0" bw="1" slack="2147483647"/>
</pin_list>
<bind>
<StgValue><ssdm name="empty_2"/></StgValue>
</bind>
</comp>

<comp id="50" class="1001" name="const_50">
<pin_list>
<pin id="51" dir="1" index="0" bw="1" slack="2147483647"/>
</pin_list>
<bind>
<StgValue><ssdm name="empty_3"/></StgValue>
</bind>
</comp>

<comp id="52" class="1001" name="const_52">
<pin_list>
<pin id="53" dir="1" index="0" bw="1" slack="2147483647"/>
</pin_list>
<bind>
<StgValue><ssdm name="empty_4"/></StgValue>
</bind>
</comp>

<comp id="54" class="1001" name="const_54">
<pin_list>
<pin id="55" dir="1" index="0" bw="1" slack="2147483647"/>
</pin_list>
<bind>
<StgValue><ssdm name="empty_5"/></StgValue>
</bind>
</comp>

<comp id="56" class="1001" name="const_56">
<pin_list>
<pin id="57" dir="1" index="0" bw="1" slack="2147483647"/>
</pin_list>
<bind>
<StgValue><ssdm name="empty_6"/></StgValue>
</bind>
</comp>

<comp id="58" class="1001" name="const_58">
<pin_list>
<pin id="59" dir="1" index="0" bw="1" slack="2147483647"/>
</pin_list>
<bind>
<StgValue><ssdm name="empty_7"/></StgValue>
</bind>
</comp>

<comp id="60" class="1001" name="const_60">
<pin_list>
<pin id="61" dir="1" index="0" bw="1" slack="2147483647"/>
</pin_list>
<bind>
<StgValue><ssdm name="empty_8"/></StgValue>
</bind>
</comp>

<comp id="62" class="1004" name="a3_read_read_fu_62">
<pin_list>
<pin id="63" dir="0" index="0" bw="16" slack="0"/>
<pin id="64" dir="0" index="1" bw="16" slack="0"/>
<pin id="65" dir="1" index="2" bw="16" slack="0"/>
</pin_list>
<bind>
<opcode="read(1150) " fcode="read"/>
<opset="a3_read/1 "/>
</bind>
</comp>

<comp id="68" class="1004" name="x_read_read_fu_68">
<pin_list>
<pin id="69" dir="0" index="0" bw="16" slack="0"/>
<pin id="70" dir="0" index="1" bw="16" slack="0"/>
<pin id="71" dir="1" index="2" bw="16" slack="0"/>
</pin_list>
<bind>
<opcode="read(1150) " fcode="read"/>
<opset="x_read/1 "/>
</bind>
</comp>

<comp id="74" class="1004" name="a2_read_read_fu_74">
<pin_list>
<pin id="75" dir="0" index="0" bw="16" slack="0"/>
<pin id="76" dir="0" index="1" bw="16" slack="0"/>
<pin id="77" dir="1" index="2" bw="16" slack="0"/>
</pin_list>
<bind>
<opcode="read(1150) " fcode="read"/>
<opset="a2_read/3 "/>
</bind>
</comp>

<comp id="80" class="1004" name="a1_read_read_fu_80">
<pin_list>
<pin id="81" dir="0" index="0" bw="16" slack="0"/>
<pin id="82" dir="0" index="1" bw="16" slack="0"/>
<pin id="83" dir="1" index="2" bw="16" slack="0"/>
</pin_list>
<bind>
<opcode="read(1150) " fcode="read"/>
<opset="a1_read/6 "/>
</bind>
</comp>

<comp id="86" class="1004" name="a0_read_read_fu_86">
<pin_list>
<pin id="87" dir="0" index="0" bw="16" slack="0"/>
<pin id="88" dir="0" index="1" bw="16" slack="0"/>
<pin id="89" dir="1" index="2" bw="16" slack="0"/>
</pin_list>
<bind>
<opcode="read(1150) " fcode="read"/>
<opset="a0_read/9 "/>
</bind>
</comp>

<comp id="92" class="1004" name="sext_ln16_fu_92">
<pin_list>
<pin id="93" dir="0" index="0" bw="16" slack="0"/>
<pin id="94" dir="1" index="1" bw="26" slack="0"/>
</pin_list>
<bind>
<opcode="sext(35) " fcode="sext"/>
<opset="sext_ln16/1 "/>
</bind>
</comp>

<comp id="96" class="1004" name="sext_ln16_1_fu_96">
<pin_list>
<pin id="97" dir="0" index="0" bw="16" slack="0"/>
<pin id="98" dir="1" index="1" bw="26" slack="0"/>
</pin_list>
<bind>
<opcode="sext(35) " fcode="sext"/>
<opset="sext_ln16_1/1 "/>
</bind>
</comp>

<comp id="100" class="1004" name="shl_ln_fu_100">
<pin_list>
<pin id="101" dir="0" index="0" bw="26" slack="0"/>
<pin id="102" dir="0" index="1" bw="16" slack="0"/>
<pin id="103" dir="0" index="2" bw="1" slack="0"/>
<pin id="104" dir="1" index="3" bw="26" slack="0"/>
</pin_list>
<bind>
<opcode="bitconcatenate(1004) " fcode="bitconcatenate"/>
<opset="shl_ln/3 "/>
</bind>
</comp>

<comp id="108" class="1004" name="acc_fu_108">
<pin_list>
<pin id="109" dir="0" index="0" bw="16" slack="0"/>
<pin id="110" dir="0" index="1" bw="26" slack="0"/>
<pin id="111" dir="0" index="2" bw="5" slack="0"/>
<pin id="112" dir="0" index="3" bw="6" slack="0"/>
<pin id="113" dir="1" index="4" bw="16" slack="0"/>
</pin_list>
<bind>
<opcode="partselect(1002) " fcode="partselect"/>
<opset="acc/4 "/>
</bind>
</comp>

<comp id="117" class="1004" name="sext_ln17_fu_117">
<pin_list>
<pin id="118" dir="0" index="0" bw="16" slack="0"/>
<pin id="119" dir="1" index="1" bw="26" slack="0"/>
</pin_list>
<bind>
<opcode="sext(35) " fcode="sext"/>
<opset="sext_ln17/4 "/>
</bind>
</comp>

<comp id="121" class="1004" name="shl_ln1_fu_121">
<pin_list>
<pin id="122" dir="0" index="0" bw="26" slack="0"/>
<pin id="123" dir="0" index="1" bw="16" slack="0"/>
<pin id="124" dir="0" index="2" bw="1" slack="0"/>
<pin id="125" dir="1" index="3" bw="26" slack="0"/>
</pin_list>
<bind>
<opcode="bitconcatenate(1004) " fcode="bitconcatenate"/>
<opset="shl_ln1/6 "/>
</bind>
</comp>

<comp id="129" class="1004" name="acc_1_fu_129">
<pin_list>
<pin id="130" dir="0" index="0" bw="16" slack="0"/>
<pin id="131" dir="0" index="1" bw="26" slack="0"/>
<pin id="132" dir="0" index="2" bw="5" slack="0"/>
<pin id="133" dir="0" index="3" bw="6" slack="0"/>
<pin id="134" dir="1" index="4" bw="16" slack="0"/>
</pin_list>
<bind>
<opcode="partselect(1002) " fcode="partselect"/>
<opset="acc_1/7 "/>
</bind>
</comp>

<comp id="138" class="1004" name="sext_ln18_fu_138">
<pin_list>
<pin id="139" dir="0" index="0" bw="16" slack="0"/>
<pin id="140" dir="1" index="1" bw="26" slack="0"/>
</pin_list>
<bind>
<opcode="sext(35) " fcode="sext"/>
<opset="sext_ln18/7 "/>
</bind>
</comp>

<comp id="142" class="1004" name="shl_ln2_fu_142">
<pin_list>
<pin id="143" dir="0" index="0" bw="26" slack="0"/>
<pin id="144" dir="0" index="1" bw="16" slack="0"/>
<pin id="145" dir="0" index="2" bw="1" slack="0"/>
<pin id="146" dir="1" index="3" bw="26" slack="0"/>
</pin_list>
<bind>
<opcode="bitconcatenate(1004) " fcode="bitconcatenate"/>
<opset="shl_ln2/9 "/>
</bind>
</comp>

<comp id="150" class="1004" name="trunc_ln_fu_150">
<pin_list>
<pin id="151" dir="0" index="0" bw="16" slack="0"/>
<pin id="152" dir="0" index="1" bw="26" slack="0"/>
<pin id="153" dir="0" index="2" bw="5" slack="0"/>
<pin id="154" dir="0" index="3" bw="6" slack="0"/>
<pin id="155" dir="1" index="4" bw="16" slack="2147483647"/>
</pin_list>
<bind>
<opcode="partselect(1002) " fcode="partselect"/>
<opset="trunc_ln/10 "/>
</bind>
</comp>

<comp id="159" class="1007" name="grp_fu_159">
<pin_list>
<pin id="160" dir="0" index="0" bw="16" slack="0"/>
<pin id="161" dir="0" index="1" bw="16" slack="0"/>
<pin id="162" dir="0" index="2" bw="26" slack="0"/>
<pin id="163" dir="1" index="3" bw="26" slack="0"/>
</pin_list>
<bind>
<opcode="muladd(1172) " fcode="muladd"/>
<opset="mul_ln16/1 add_ln16/3 "/>
</bind>
</comp>

<comp id="168" class="1007" name="grp_fu_168">
<pin_list>
<pin id="169" dir="0" index="0" bw="16" slack="0"/>
<pin id="170" dir="0" index="1" bw="16" slack="3"/>
<pin id="171" dir="0" index="2" bw="26" slack="0"/>
<pin id="172" dir="1" index="3" bw="26" slack="0"/>
</pin_list>
<bind>
<opcode="muladd(1172) " fcode="muladd"/>
<opset="mul_ln17/4 add_ln17/6 "/>
</bind>
</comp>

<comp id="176" class="1007" name="grp_fu_176">
<pin_list>
<pin id="177" dir="0" index="0" bw="16" slack="0"/>
<pin id="178" dir="0" index="1" bw="16" slack="6"/>
<pin id="179" dir="0" index="2" bw="26" slack="0"/>
<pin id="180" dir="1" index="3" bw="26" slack="0"/>
</pin_list>
<bind>
<opcode="muladd(1172) " fcode="muladd"/>
<opset="mul_ln18/7 add_ln18/9 "/>
</bind>
</comp>

<comp id="184" class="1005" name="sext_ln16_reg_184">
<pin_list>
<pin id="185" dir="0" index="0" bw="26" slack="1"/>
<pin id="186" dir="1" index="1" bw="26" slack="1"/>
</pin_list>
<bind>
<opset="sext_ln16 "/>
</bind>
</comp>

<comp id="189" class="1005" name="sext_ln16_1_reg_189">
<pin_list>
<pin id="190" dir="0" index="0" bw="26" slack="1"/>
<pin id="191" dir="1" index="1" bw="26" slack="1"/>
</pin_list>
<bind>
<opset="sext_ln16_1 "/>
</bind>
</comp>

<comp id="196" class="1005" name="shl_ln_reg_196">
<pin_list>
<pin id="197" dir="0" index="0" bw="26" slack="1"/>
<pin id="198" dir="1" index="1" bw="26" slack="1"/>
</pin_list>
<bind>
<opset="shl_ln "/>
</bind>
</comp>

<comp id="201" class="1005" name="sext_ln17_reg_201">
<pin_list>
<pin id="202" dir="0" index="0" bw="26" slack="1"/>
<pin id="203" dir="1" index="1" bw="26" slack="1"/>
</pin_list>
<bind>
<opset="sext_ln17 "/>
</bind>
</comp>

<comp id="206" class="1005" name="shl_ln1_reg_206">
<pin_list>
<pin id="207" dir="0" index="0" bw="26" slack="1"/>
<pin id="208" dir="1" index="1" bw="26" slack="1"/>
</pin_list>
<bind>
<opset="shl_ln1 "/>
</bind>
</comp>

<comp id="211" class="1005" name="sext_ln18_reg_211">
<pin_list>
<pin id="212" dir="0" index="0" bw="26" slack="1"/>
<pin id="213" dir="1" index="1" bw="26" slack="1"/>
</pin_list>
<bind>
<opset="sext_ln18 "/>
</bind>
</comp>

<comp id="216" class="1005" name="shl_ln2_reg_216">
<pin_list>
<pin id="217" dir="0" index="0" bw="26" slack="1"/>
<pin id="218" dir="1" index="1" bw="26" slack="1"/>
</pin_list>
<bind>
<opset="shl_ln2 "/>
</bind>
</comp>

</comp_list>

<net_list>
<net id="66"><net_src comp="10" pin="0"/><net_sink comp="62" pin=0"/></net>

<net id="67"><net_src comp="2" pin="0"/><net_sink comp="62" pin=1"/></net>

<net id="72"><net_src comp="10" pin="0"/><net_sink comp="68" pin=0"/></net>

<net id="73"><net_src comp="0" pin="0"/><net_sink comp="68" pin=1"/></net>

<net id="78"><net_src comp="10" pin="0"/><net_sink comp="74" pin=0"/></net>

<net id="79"><net_src comp="4" pin="0"/><net_sink comp="74" pin=1"/></net>

<net id="84"><net_src comp="10" pin="0"/><net_sink comp="80" pin=0"/></net>

<net id="85"><net_src comp="6" pin="0"/><net_sink comp="80" pin=1"/></net>

<net id="90"><net_src comp="10" pin="0"/><net_sink comp="86" pin=0"/></net>

<net id="91"><net_src comp="8" pin="0"/><net_sink comp="86" pin=1"/></net>

<net id="95"><net_src comp="62" pin="2"/><net_sink comp="92" pin=0"/></net>

<net id="99"><net_src comp="68" pin="2"/><net_sink comp="96" pin=0"/></net>

<net id="105"><net_src comp="12" pin="0"/><net_sink comp="100" pin=0"/></net>

<net id="106"><net_src comp="74" pin="2"/><net_sink comp="100" pin=1"/></net>

<net id="107"><net_src comp="14" pin="0"/><net_sink comp="100" pin=2"/></net>

<net id="114"><net_src comp="16" pin="0"/><net_sink comp="108" pin=0"/></net>

<net id="115"><net_src comp="18" pin="0"/><net_sink comp="108" pin=2"/></net>

<net id="116"><net_src comp="20" pin="0"/><net_sink comp="108" pin=3"/></net>

<net id="120"><net_src comp="108" pin="4"/><net_sink comp="117" pin=0"/></net>

<net id="126"><net_src comp="12" pin="0"/><net_sink comp="121" pin=0"/></net>

<net id="127"><net_src comp="80" pin="2"/><net_sink comp="121" pin=1"/></net>

<net id="128"><net_src comp="14" pin="0"/><net_sink comp="121" pin=2"/></net>

<net id="135"><net_src comp="16" pin="0"/><net_sink comp="129" pin=0"/></net>

<net id="136"><net_src comp="18" pin="0"/><net_sink comp="129" pin=2"/></net>

<net id="137"><net_src comp="20" pin="0"/><net_sink comp="129" pin=3"/></net>

<net id="141"><net_src comp="129" pin="4"/><net_sink comp="138" pin=0"/></net>

<net id="147"><net_src comp="12" pin="0"/><net_sink comp="142" pin=0"/></net>

<net id="148"><net_src comp="86" pin="2"/><net_sink comp="142" pin=1"/></net>

<net id="149"><net_src comp="14" pin="0"/><net_sink comp="142" pin=2"/></net>

<net id="156"><net_src comp="16" pin="0"/><net_sink comp="150" pin=0"/></net>

<net id="157"><net_src comp="18" pin="0"/><net_sink comp="150" pin=2"/></net>

<net id="158"><net_src comp="20" pin="0"/><net_sink comp="150" pin=3"/></net>

<net id="164"><net_src comp="92" pin="1"/><net_sink comp="159" pin=0"/></net>

<net id="165"><net_src comp="96" pin="1"/><net_sink comp="159" pin=1"/></net>

<net id="166"><net_src comp="100" pin="3"/><net_sink comp="159" pin=2"/></net>

<net id="167"><net_src comp="159" pin="3"/><net_sink comp="108" pin=1"/></net>

<net id="173"><net_src comp="117" pin="1"/><net_sink comp="168" pin=0"/></net>

<net id="174"><net_src comp="121" pin="3"/><net_sink comp="168" pin=2"/></net>

<net id="175"><net_src comp="168" pin="3"/><net_sink comp="129" pin=1"/></net>

<net id="181"><net_src comp="138" pin="1"/><net_sink comp="176" pin=0"/></net>

<net id="182"><net_src comp="142" pin="3"/><net_sink comp="176" pin=2"/></net>

<net id="183"><net_src comp="176" pin="3"/><net_sink comp="150" pin=1"/></net>

<net id="187"><net_src comp="92" pin="1"/><net_sink comp="184" pin=0"/></net>

<net id="188"><net_src comp="184" pin="1"/><net_sink comp="159" pin=0"/></net>

<net id="192"><net_src comp="96" pin="1"/><net_sink comp="189" pin=0"/></net>

<net id="193"><net_src comp="189" pin="1"/><net_sink comp="159" pin=1"/></net>

<net id="194"><net_src comp="189" pin="1"/><net_sink comp="168" pin=1"/></net>

<net id="195"><net_src comp="189" pin="1"/><net_sink comp="176" pin=1"/></net>

<net id="199"><net_src comp="100" pin="3"/><net_sink comp="196" pin=0"/></net>

<net id="200"><net_src comp="196" pin="1"/><net_sink comp="159" pin=0"/></net>

<net id="204"><net_src comp="117" pin="1"/><net_sink comp="201" pin=0"/></net>

<net id="205"><net_src comp="201" pin="1"/><net_sink comp="168" pin=0"/></net>

<net id="209"><net_src comp="121" pin="3"/><net_sink comp="206" pin=0"/></net>

<net id="210"><net_src comp="206" pin="1"/><net_sink comp="168" pin=0"/></net>

<net id="214"><net_src comp="138" pin="1"/><net_sink comp="211" pin=0"/></net>

<net id="215"><net_src comp="211" pin="1"/><net_sink comp="176" pin=0"/></net>

<net id="219"><net_src comp="142" pin="3"/><net_sink comp="216" pin=0"/></net>

<net id="220"><net_src comp="216" pin="1"/><net_sink comp="176" pin=0"/></net>

</net_list>

</model> 
---------------- Datapath Model END ------------------

* FSMD analyzer results:
  - Output states:
 - Input state : 
	Port: horner_core : x | {1 }
	Port: horner_core : a3 | {1 }
	Port: horner_core : a2 | {3 }
	Port: horner_core : a1 | {6 }
	Port: horner_core : a0 | {9 }
  - Chain level:
	State 1
		mul_ln16 : 1
	State 2
	State 3
		add_ln16 : 1
	State 4
		acc : 1
		sext_ln17 : 2
		mul_ln17 : 3
	State 5
	State 6
		add_ln17 : 1
	State 7
		acc_1 : 1
		sext_ln18 : 2
		mul_ln18 : 3
	State 8
	State 9
		add_ln18 : 1
	State 10
		trunc_ln : 1
		ret_ln18 : 2


============================================================
+ Verbose Summary: Datapath Resource usage 
============================================================

* Functional unit list:
|----------|--------------------|---------|
| Operation|   Functional Unit  |   DSP   |
|----------|--------------------|---------|
|          |     grp_fu_159     |    1    |
|  muladd  |     grp_fu_168     |    1    |
|          |     grp_fu_176     |    1    |
|----------|--------------------|---------|
|          | a3_read_read_fu_62 |    0    |
|          |  x_read_read_fu_68 |    0    |
|   read   | a2_read_read_fu_74 |    0    |
|          | a1_read_read_fu_80 |    0    |
|          | a0_read_read_fu_86 |    0    |
|----------|--------------------|---------|
|          |   sext_ln16_fu_92  |    0    |
|   sext   |  sext_ln16_1_fu_96 |    0    |
|          |  sext_ln17_fu_117  |    0    |
|          |  sext_ln18_fu_138  |    0    |
|----------|--------------------|---------|
|          |    shl_ln_fu_100   |    0    |
|bitconcatenate|   shl_ln1_fu_121   |    0    |
|          |   shl_ln2_fu_142   |    0    |
|----------|--------------------|---------|
|          |     acc_fu_108     |    0    |
|partselect|    acc_1_fu_129    |    0    |
|          |   trunc_ln_fu_150  |    0    |
|----------|--------------------|---------|
|   Total  |                    |    3    |
|----------|--------------------|---------|

Memories:
N/A

* Register list:
+-------------------+--------+
|                   |   FF   |
+-------------------+--------+
|sext_ln16_1_reg_189|   26   |
| sext_ln16_reg_184 |   26   |
| sext_ln17_reg_201 |   26   |
| sext_ln18_reg_211 |   26   |
|  shl_ln1_reg_206  |   26   |
|  shl_ln2_reg_216  |   26   |
|   shl_ln_reg_196  |   26   |
+-------------------+--------+
|       Total       |   182  |
+-------------------+--------+

* Multiplexer (MUX) list: 
|------------|------|------|------|--------||---------||---------|
|    Comp    |  Pin | Size |  BW  | S x BW ||  Delay  ||   LUT   |
|------------|------|------|------|--------||---------||---------|
| grp_fu_159 |  p0  |   3  |  16  |   48   ||    14   |
| grp_fu_159 |  p1  |   2  |  16  |   32   ||    9    |
| grp_fu_168 |  p0  |   3  |  16  |   48   ||    14   |
| grp_fu_176 |  p0  |   3  |  16  |   48   ||    14   |
|------------|------|------|------|--------||---------||---------|
|    Total   |      |      |      |   176  ||  1.855  ||    51   |
|------------|------|------|------|--------||---------||---------|



* Summary:
+-----------+--------+--------+--------+--------+
|           |   DSP  |  Delay |   FF   |   LUT  |
+-----------+--------+--------+--------+--------+
|  Function |    3   |    -   |    -   |    -   |
|   Memory  |    -   |    -   |    -   |    -   |
|Multiplexer|    -   |    1   |    -   |   51   |
|  Register |    -   |    -   |   182  |    -   |
+-----------+--------+--------+--------+--------+
|   Total   |    3   |    1   |   182  |   51   |
+-----------+--------+--------+--------+--------+
