

================================================================
== Vitis HLS Report for 'horner_core'
================================================================
* Date:           Sat Mar 14 17:10:36 2026

* Version:        2023.2 (Build 4023990 on Oct 11 2023)
* Project:        horner_core
* Solution:       solution (Vitis Kernel Flow Target)
* Product family: zynquplus
* Target device:  xck26-sfvc784-2LV-c


================================================================
== Performance Estimates
================================================================
+ Timing: 
    * Summary: 
    +--------+---------+----------+------------+
    |  Clock |  Target | Estimated| Uncertainty|
    +--------+---------+----------+------------+
    |ap_clk  |  4.00 ns|  2.365 ns|     1.08 ns|
    +--------+---------+----------+------------+

+ Latency: 
    * Summary: 
    +---------+---------+-----------+-----------+-----+-----+---------+
    |  Latency (cycles) |   Latency (absolute)  |  Interval | Pipeline|
    |   min   |   max   |    min    |    max    | min | max |   Type  |
    +---------+---------+-----------+-----------+-----+-----+---------+
    |       11|       11|  44.000 ns|  44.000 ns|    3|    3|      yes|
    +---------+---------+-----------+-----------+-----+-----+---------+

    + Detail: 
        * Instance: 
        N/A

        * Loop: 
        N/A

============================================================
+ Verbose Summary: Synthesis Manager
============================================================
InlineROM: 1
ExposeGlobal: 0
============================================================
+ Verbose Summary: CDFG Model
============================================================
IsTopModel: 1
ResetActiveHigh: 1
IsCombinational: 0
IsDatapathOnly: 0
HasWiredReturn: 1
HasMFsm: 2
HasVarLatency: 0
IsPipeline: 1
IsRtlPipelined: 1
IsInstanceOverlapped: 0
IsDontTouch: 0
HasImplIP: 0
IsGatedGlobalClock: 0

+ Individual pipeline summary: 
  * Pipeline-0: initiation interval (II) = 3, depth = 12


============================================================
+ Verbose Summary: Schedule
============================================================
* Number of FSM states : 12
* Pipeline : 1
  Pipeline-0 : II = 3, D = 12, States = { 1 2 3 4 5 6 7 8 9 10 11 12 }
* Dataflow Pipeline: 0

* FSM state transitions: 
1 --> 2 
2 --> 3 
3 --> 4 
4 --> 5 
5 --> 6 
6 --> 7 
7 --> 8 
8 --> 9 
9 --> 10 
10 --> 11 
11 --> 12 
12 --> 

* FSM state operations: 

State 1 <SV = 0> <Delay = 1.00>
ST_1 : Operation 13 [1/1] (1.00ns)   --->   "%a3_read = read i16 @_ssdm_op_Read.ap_none.i16, i16 %a3" [./HornerCore.cpp:5]   --->   Operation 13 'read' 'a3_read' <Predicate = true> <Delay = 1.00> <CoreInst = "s_axilite">   --->   Core 122 's_axilite' <Latency = 0> <II = 1> <Delay = 1.00> <Adapter> <Opcode : 'read' 'write'>
ST_1 : Operation 14 [1/1] (1.00ns)   --->   "%x_read = read i16 @_ssdm_op_Read.ap_none.i16, i16 %x" [./HornerCore.cpp:5]   --->   Operation 14 'read' 'x_read' <Predicate = true> <Delay = 1.00> <CoreInst = "s_axilite">   --->   Core 122 's_axilite' <Latency = 0> <II = 1> <Delay = 1.00> <Adapter> <Opcode : 'read' 'write'>

State 2 <SV = 1> <Delay = 2.33>
ST_2 : Operation 15 [1/1] (0.00ns)   --->   "%acc = bitconcatenate i26 @_ssdm_op_BitConcatenate.i26.i16.i10, i16 %a3_read, i10 0" [./HornerCore.cpp:13]   --->   Operation 15 'bitconcatenate' 'acc' <Predicate = true> <Delay = 0.00>
ST_2 : Operation 16 [1/1] (0.00ns)   --->   "%x_cast = sext i16 %x_read" [./HornerCore.cpp:5]   --->   Operation 16 'sext' 'x_cast' <Predicate = true> <Delay = 0.00>
ST_2 : Operation 17 [1/1] (0.00ns)   --->   "%sext_ln17 = sext i26 %acc" [./HornerCore.cpp:17]   --->   Operation 17 'sext' 'sext_ln17' <Predicate = true> <Delay = 0.00>
ST_2 : Operation 18 [2/2] (2.33ns)   --->   "%mul_ln17 = mul i42 %sext_ln17, i42 %x_cast" [./HornerCore.cpp:17]   --->   Operation 18 'mul' 'mul_ln17' <Predicate = true> <Delay = 2.33> <CoreInst = "Multiplier">   --->   Core 3 'Multiplier' <Latency = 1> <II = 1> <Delay = 2.36> <FuncUnit> <Opcode : 'mul'> <InPorts = 2> <OutPorts = 1>

State 3 <SV = 2> <Delay = 2.33>
ST_3 : Operation 19 [1/1] (1.00ns)   --->   "%a0_read = read i16 @_ssdm_op_Read.ap_none.i16, i16 %a0" [./HornerCore.cpp:5]   --->   Operation 19 'read' 'a0_read' <Predicate = true> <Delay = 1.00> <CoreInst = "s_axilite">   --->   Core 122 's_axilite' <Latency = 0> <II = 1> <Delay = 1.00> <Adapter> <Opcode : 'read' 'write'>
ST_3 : Operation 20 [1/1] (1.00ns)   --->   "%a1_read = read i16 @_ssdm_op_Read.ap_none.i16, i16 %a1" [./HornerCore.cpp:5]   --->   Operation 20 'read' 'a1_read' <Predicate = true> <Delay = 1.00> <CoreInst = "s_axilite">   --->   Core 122 's_axilite' <Latency = 0> <II = 1> <Delay = 1.00> <Adapter> <Opcode : 'read' 'write'>
ST_3 : Operation 21 [1/1] (1.00ns)   --->   "%a2_read = read i16 @_ssdm_op_Read.ap_none.i16, i16 %a2" [./HornerCore.cpp:5]   --->   Operation 21 'read' 'a2_read' <Predicate = true> <Delay = 1.00> <CoreInst = "s_axilite">   --->   Core 122 's_axilite' <Latency = 0> <II = 1> <Delay = 1.00> <Adapter> <Opcode : 'read' 'write'>
ST_3 : Operation 22 [1/2] (2.33ns)   --->   "%mul_ln17 = mul i42 %sext_ln17, i42 %x_cast" [./HornerCore.cpp:17]   --->   Operation 22 'mul' 'mul_ln17' <Predicate = true> <Delay = 2.33> <CoreInst = "Multiplier">   --->   Core 3 'Multiplier' <Latency = 1> <II = 1> <Delay = 2.36> <FuncUnit> <Opcode : 'mul'> <InPorts = 2> <OutPorts = 1>

State 4 <SV = 3> <Delay = 1.04>
ST_4 : Operation 23 [1/1] (0.00ns)   --->   "%shl_i_i17_i1 = bitconcatenate i36 @_ssdm_op_BitConcatenate.i36.i16.i20, i16 %a2_read, i20 0" [./HornerCore.cpp:5]   --->   Operation 23 'bitconcatenate' 'shl_i_i17_i1' <Predicate = true> <Delay = 0.00>
ST_4 : Operation 24 [1/1] (0.00ns)   --->   "%shl_i_i17_i240_cast = sext i36 %shl_i_i17_i1" [./HornerCore.cpp:5]   --->   Operation 24 'sext' 'shl_i_i17_i240_cast' <Predicate = true> <Delay = 0.00>
ST_4 : Operation 25 [1/1] (1.04ns)   --->   "%add_ln17 = add i42 %shl_i_i17_i240_cast, i42 %mul_ln17" [./HornerCore.cpp:17]   --->   Operation 25 'add' 'add_ln17' <Predicate = true> <Delay = 1.04> <CoreInst = "Adder">   --->   Core 1 'Adder' <Latency = 0> <II = 1> <Delay = 1.04> <FuncUnit> <Opcode : 'add' 'sub'> <InPorts = 2> <OutPorts = 1>
ST_4 : Operation 26 [1/1] (0.00ns)   --->   "%acc_1 = partselect i32 @_ssdm_op_PartSelect.i32.i42.i32.i32, i42 %add_ln17, i32 10, i32 41" [./HornerCore.cpp:17]   --->   Operation 26 'partselect' 'acc_1' <Predicate = true> <Delay = 0.00>

State 5 <SV = 4> <Delay = 0.00>

State 6 <SV = 5> <Delay = 2.36>
ST_6 : Operation 27 [1/1] (0.00ns)   --->   "%sext_ln18 = sext i32 %acc_1" [./HornerCore.cpp:18]   --->   Operation 27 'sext' 'sext_ln18' <Predicate = true> <Delay = 0.00>
ST_6 : Operation 28 [2/2] (2.36ns)   --->   "%mul_ln18 = mul i42 %sext_ln18, i42 %x_cast" [./HornerCore.cpp:18]   --->   Operation 28 'mul' 'mul_ln18' <Predicate = true> <Delay = 2.36> <CoreInst = "Multiplier">   --->   Core 3 'Multiplier' <Latency = 1> <II = 1> <Delay = 2.36> <FuncUnit> <Opcode : 'mul'> <InPorts = 2> <OutPorts = 1>

State 7 <SV = 6> <Delay = 2.36>
ST_7 : Operation 29 [1/2] (2.36ns)   --->   "%mul_ln18 = mul i42 %sext_ln18, i42 %x_cast" [./HornerCore.cpp:18]   --->   Operation 29 'mul' 'mul_ln18' <Predicate = true> <Delay = 2.36> <CoreInst = "Multiplier">   --->   Core 3 'Multiplier' <Latency = 1> <II = 1> <Delay = 2.36> <FuncUnit> <Opcode : 'mul'> <InPorts = 2> <OutPorts = 1>

State 8 <SV = 7> <Delay = 1.04>
ST_8 : Operation 30 [1/1] (0.00ns)   --->   "%shl_i_i17_i2 = bitconcatenate i36 @_ssdm_op_BitConcatenate.i36.i16.i20, i16 %a1_read, i20 0" [./HornerCore.cpp:5]   --->   Operation 30 'bitconcatenate' 'shl_i_i17_i2' <Predicate = true> <Delay = 0.00>
ST_8 : Operation 31 [1/1] (0.00ns)   --->   "%shl_i_i17_i128_cast = sext i36 %shl_i_i17_i2" [./HornerCore.cpp:5]   --->   Operation 31 'sext' 'shl_i_i17_i128_cast' <Predicate = true> <Delay = 0.00>
ST_8 : Operation 32 [1/1] (1.04ns)   --->   "%add_ln18 = add i42 %shl_i_i17_i128_cast, i42 %mul_ln18" [./HornerCore.cpp:18]   --->   Operation 32 'add' 'add_ln18' <Predicate = true> <Delay = 1.04> <CoreInst = "Adder">   --->   Core 1 'Adder' <Latency = 0> <II = 1> <Delay = 1.04> <FuncUnit> <Opcode : 'add' 'sub'> <InPorts = 2> <OutPorts = 1>
ST_8 : Operation 33 [1/1] (0.00ns)   --->   "%acc_2 = partselect i32 @_ssdm_op_PartSelect.i32.i42.i32.i32, i42 %add_ln18, i32 10, i32 41" [./HornerCore.cpp:18]   --->   Operation 33 'partselect' 'acc_2' <Predicate = true> <Delay = 0.00>

State 9 <SV = 8> <Delay = 0.00>

State 10 <SV = 9> <Delay = 2.36>
ST_10 : Operation 34 [1/1] (0.00ns)   --->   "%sext_ln19 = sext i32 %acc_2" [./HornerCore.cpp:19]   --->   Operation 34 'sext' 'sext_ln19' <Predicate = true> <Delay = 0.00>
ST_10 : Operation 35 [1/1] (0.00ns)   --->   "%sext_ln19_1 = sext i16 %x_read" [./HornerCore.cpp:19]   --->   Operation 35 'sext' 'sext_ln19_1' <Predicate = true> <Delay = 0.00>
ST_10 : Operation 36 [2/2] (2.36ns)   --->   "%mul_ln19 = mul i36 %sext_ln19, i36 %sext_ln19_1" [./HornerCore.cpp:19]   --->   Operation 36 'mul' 'mul_ln19' <Predicate = true> <Delay = 2.36> <CoreInst = "Multiplier">   --->   Core 3 'Multiplier' <Latency = 1> <II = 1> <Delay = 2.36> <FuncUnit> <Opcode : 'mul'> <InPorts = 2> <OutPorts = 1>

State 11 <SV = 10> <Delay = 2.36>
ST_11 : Operation 37 [1/2] (2.36ns)   --->   "%mul_ln19 = mul i36 %sext_ln19, i36 %sext_ln19_1" [./HornerCore.cpp:19]   --->   Operation 37 'mul' 'mul_ln19' <Predicate = true> <Delay = 2.36> <CoreInst = "Multiplier">   --->   Core 3 'Multiplier' <Latency = 1> <II = 1> <Delay = 2.36> <FuncUnit> <Opcode : 'mul'> <InPorts = 2> <OutPorts = 1>

State 12 <SV = 11> <Delay = 1.02>
ST_12 : Operation 38 [1/1] (0.00ns)   --->   "%specbitsmap_ln0 = specbitsmap void @_ssdm_op_SpecBitsMap, i16 0"   --->   Operation 38 'specbitsmap' 'specbitsmap_ln0' <Predicate = true> <Delay = 0.00>
ST_12 : Operation 39 [1/1] (0.00ns)   --->   "%specpipeline_ln11 = specpipeline void @_ssdm_op_SpecPipeline, i32 1, i32 0, i32 0, i32 0, void @empty_0" [./HornerCore.cpp:11]   --->   Operation 39 'specpipeline' 'specpipeline_ln11' <Predicate = true> <Delay = 0.00>
ST_12 : Operation 40 [1/1] (0.00ns)   --->   "%spectopmodule_ln4 = spectopmodule void @_ssdm_op_SpecTopModule, void @empty_10" [./HornerCore.cpp:4]   --->   Operation 40 'spectopmodule' 'spectopmodule_ln4' <Predicate = true> <Delay = 0.00>
ST_12 : Operation 41 [1/1] (0.00ns)   --->   "%specinterface_ln4 = specinterface void @_ssdm_op_SpecInterface, i32 0, void @empty_11, i32 0, i32 0, void @empty_0, i32 0, i32 0, void @empty_0, void @empty_0, void @empty_0, i32 0, i32 0, i32 0, i32 0, void @empty_0, void @empty_0, i32 4294967295, i32 0" [./HornerCore.cpp:4]   --->   Operation 41 'specinterface' 'specinterface_ln4' <Predicate = true> <Delay = 0.00>
ST_12 : Operation 42 [1/1] (0.00ns)   --->   "%specbitsmap_ln0 = specbitsmap void @_ssdm_op_SpecBitsMap, i16 %x"   --->   Operation 42 'specbitsmap' 'specbitsmap_ln0' <Predicate = true> <Delay = 0.00>
ST_12 : Operation 43 [1/1] (0.00ns)   --->   "%specinterface_ln0 = specinterface void @_ssdm_op_SpecInterface, i16 %x, void @empty, i32 0, i32 0, void @empty_0, i32 0, i32 0, void @empty_1, void @empty_2, void @empty_0, i32 0, i32 0, i32 0, i32 0, void @empty_0, void @empty_0, i32 4294967295, i32 0"   --->   Operation 43 'specinterface' 'specinterface_ln0' <Predicate = true> <Delay = 0.00>
ST_12 : Operation 44 [1/1] (0.00ns)   --->   "%specinterface_ln0 = specinterface void @_ssdm_op_SpecInterface, i16 %x, void @empty_3, i32 0, i32 0, void @empty_0, i32 0, i32 0, void @empty_0, void @empty_0, void @empty_0, i32 0, i32 0, i32 0, i32 0, void @empty_0, void @empty_0, i32 4294967295, i32 0"   --->   Operation 44 'specinterface' 'specinterface_ln0' <Predicate = true> <Delay = 0.00>
ST_12 : Operation 45 [1/1] (0.00ns)   --->   "%specbitsmap_ln0 = specbitsmap void @_ssdm_op_SpecBitsMap, i16 %a3"   --->   Operation 45 'specbitsmap' 'specbitsmap_ln0' <Predicate = true> <Delay = 0.00>
ST_12 : Operation 46 [1/1] (0.00ns)   --->   "%specinterface_ln0 = specinterface void @_ssdm_op_SpecInterface, i16 %a3, void @empty, i32 0, i32 0, void @empty_0, i32 0, i32 0, void @empty_1, void @empty_4, void @empty_0, i32 0, i32 0, i32 0, i32 0, void @empty_0, void @empty_0, i32 4294967295, i32 0"   --->   Operation 46 'specinterface' 'specinterface_ln0' <Predicate = true> <Delay = 0.00>
ST_12 : Operation 47 [1/1] (0.00ns)   --->   "%specinterface_ln0 = specinterface void @_ssdm_op_SpecInterface, i16 %a3, void @empty_3, i32 0, i32 0, void @empty_0, i32 0, i32 0, void @empty_0, void @empty_0, void @empty_0, i32 0, i32 0, i32 0, i32 0, void @empty_0, void @empty_0, i32 4294967295, i32 0"   --->   Operation 47 'specinterface' 'specinterface_ln0' <Predicate = true> <Delay = 0.00>
ST_12 : Operation 48 [1/1] (0.00ns)   --->   "%specbitsmap_ln0 = specbitsmap void @_ssdm_op_SpecBitsMap, i16 %a2"   --->   Operation 48 'specbitsmap' 'specbitsmap_ln0' <Predicate = true> <Delay = 0.00>
ST_12 : Operation 49 [1/1] (0.00ns)   --->   "%specinterface_ln0 = specinterface void @_ssdm_op_SpecInterface, i16 %a2, void @empty, i32 0, i32 0, void @empty_0, i32 0, i32 0, void @empty_1, void @empty_5, void @empty_0, i32 0, i32 0, i32 0, i32 0, void @empty_0, void @empty_0, i32 4294967295, i32 0"   --->   Operation 49 'specinterface' 'specinterface_ln0' <Predicate = true> <Delay = 0.00>
ST_12 : Operation 50 [1/1] (0.00ns)   --->   "%specinterface_ln0 = specinterface void @_ssdm_op_SpecInterface, i16 %a2, void @empty_3, i32 0, i32 0, void @empty_0, i32 0, i32 0, void @empty_0, void @empty_0, void @empty_0, i32 0, i32 0, i32 0, i32 0, void @empty_0, void @empty_0, i32 4294967295, i32 0"   --->   Operation 50 'specinterface' 'specinterface_ln0' <Predicate = true> <Delay = 0.00>
ST_12 : Operation 51 [1/1] (0.00ns)   --->   "%specbitsmap_ln0 = specbitsmap void @_ssdm_op_SpecBitsMap, i16 %a1"   --->   Operation 51 'specbitsmap' 'specbitsmap_ln0' <Predicate = true> <Delay = 0.00>
ST_12 : Operation 52 [1/1] (0.00ns)   --->   "%specinterface_ln0 = specinterface void @_ssdm_op_SpecInterface, i16 %a1, void @empty, i32 0, i32 0, void @empty_0, i32 0, i32 0, void @empty_1, void @empty_6, void @empty_0, i32 0, i32 0, i32 0, i32 0, void @empty_0, void @empty_0, i32 4294967295, i32 0"   --->   Operation 52 'specinterface' 'specinterface_ln0' <Predicate = true> <Delay = 0.00>
ST_12 : Operation 53 [1/1] (0.00ns)   --->   "%specinterface_ln0 = specinterface void @_ssdm_op_SpecInterface, i16 %a1, void @empty_3, i32 0, i32 0, void @empty_0, i32 0, i32 0, void @empty_0, void @empty_0, void @empty_0, i32 0, i32 0, i32 0, i32 0, void @empty_0, void @empty_0, i32 4294967295, i32 0"   --->   Operation 53 'specinterface' 'specinterface_ln0' <Predicate = true> <Delay = 0.00>
ST_12 : Operation 54 [1/1] (0.00ns)   --->   "%specbitsmap_ln0 = specbitsmap void @_ssdm_op_SpecBitsMap, i16 %a0"   --->   Operation 54 'specbitsmap' 'specbitsmap_ln0' <Predicate = true> <Delay = 0.00>
ST_12 : Operation 55 [1/1] (0.00ns)   --->   "%specinterface_ln0 = specinterface void @_ssdm_op_SpecInterface, i16 %a0, void @empty, i32 0, i32 0, void @empty_0, i32 0, i32 0, void @empty_1, void @empty_7, void @empty_0, i32 0, i32 0, i32 0, i32 0, void @empty_0, void @empty_0, i32 4294967295, i32 0"   --->   Operation 55 'specinterface' 'specinterface_ln0' <Predicate = true> <Delay = 0.00>
ST_12 : Operation 56 [1/1] (0.00ns)   --->   "%specinterface_ln0 = specinterface void @_ssdm_op_SpecInterface, i16 %a0, void @empty_3, i32 0, i32 0, void @empty_0, i32 0, i32 0, void @empty_0, void @empty_0, void @empty_0, i32 0, i32 0, i32 0, i32 0, void @empty_0, void @empty_0, i32 4294967295, i32 0"   --->   Operation 56 'specinterface' 'specinterface_ln0' <Predicate = true> <Delay = 0.00>
ST_12 : Operation 57 [1/1] (0.00ns)   --->   "%specinterface_ln0 = specinterface void @_ssdm_op_SpecInterface, i32 0, void @empty, i32 0, i32 0, void @empty_0, i32 0, i32 0, void @empty_1, void @empty_8, void @empty_0, i32 0, i32 0, i32 0, i32 0, void @empty_0, void @empty_0, i32 4294967295, i32 0"   --->   Operation 57 'specinterface' 'specinterface_ln0' <Predicate = true> <Delay = 0.00>
ST_12 : Operation 58 [1/1] (0.00ns)   --->   "%specresourcelimit_ln12 = specresourcelimit void @_ssdm_op_SpecResourceLimit, i64 1, void @empty_9, void @empty_0, void @empty_0, void @empty_0" [./HornerCore.cpp:12]   --->   Operation 58 'specresourcelimit' 'specresourcelimit_ln12' <Predicate = true> <Delay = 0.00>
ST_12 : Operation 59 [1/1] (0.00ns)   --->   "%shl_i_i17_i = bitconcatenate i36 @_ssdm_op_BitConcatenate.i36.i16.i20, i16 %a0_read, i20 0" [./HornerCore.cpp:5]   --->   Operation 59 'bitconcatenate' 'shl_i_i17_i' <Predicate = true> <Delay = 0.00>
ST_12 : Operation 60 [1/1] (1.02ns)   --->   "%add_ln19 = add i36 %shl_i_i17_i, i36 %mul_ln19" [./HornerCore.cpp:19]   --->   Operation 60 'add' 'add_ln19' <Predicate = true> <Delay = 1.02> <CoreInst = "Adder">   --->   Core 1 'Adder' <Latency = 0> <II = 1> <Delay = 1.02> <FuncUnit> <Opcode : 'add' 'sub'> <InPorts = 2> <OutPorts = 1>
ST_12 : Operation 61 [1/1] (0.00ns)   --->   "%trunc_ln = partselect i16 @_ssdm_op_PartSelect.i16.i36.i32.i32, i36 %add_ln19, i32 20, i32 35" [./HornerCore.cpp:21]   --->   Operation 61 'partselect' 'trunc_ln' <Predicate = true> <Delay = 0.00>
ST_12 : Operation 62 [1/1] (0.00ns)   --->   "%ret_ln22 = ret i16 %trunc_ln" [./HornerCore.cpp:22]   --->   Operation 62 'ret' 'ret_ln22' <Predicate = true> <Delay = 0.00>


============================================================
+ Verbose Summary: Timing violations
============================================================
Target clock period: 4.000ns, clock uncertainty: 1.080ns.

 <State 1>: 1.000ns
The critical path consists of the following:
	wire read operation ('a3_read', ./HornerCore.cpp:5) on port 'a3' (./HornerCore.cpp:5) [29]  (1.000 ns)

 <State 2>: 2.339ns
The critical path consists of the following:
	'mul' operation 42 bit ('mul_ln17', ./HornerCore.cpp:17) [40]  (2.339 ns)

 <State 3>: 2.339ns
The critical path consists of the following:
	'mul' operation 42 bit ('mul_ln17', ./HornerCore.cpp:17) [40]  (2.339 ns)

 <State 4>: 1.048ns
The critical path consists of the following:
	'add' operation 42 bit ('add_ln17', ./HornerCore.cpp:17) [41]  (1.048 ns)

 <State 5>: 0.000ns
The critical path consists of the following:

 <State 6>: 2.365ns
The critical path consists of the following:
	'mul' operation 42 bit ('mul_ln18', ./HornerCore.cpp:18) [44]  (2.365 ns)

 <State 7>: 2.365ns
The critical path consists of the following:
	'mul' operation 42 bit ('mul_ln18', ./HornerCore.cpp:18) [44]  (2.365 ns)

 <State 8>: 1.048ns
The critical path consists of the following:
	'add' operation 42 bit ('add_ln18', ./HornerCore.cpp:18) [45]  (1.048 ns)

 <State 9>: 0.000ns
The critical path consists of the following:

 <State 10>: 2.365ns
The critical path consists of the following:
	'mul' operation 36 bit ('mul_ln19', ./HornerCore.cpp:19) [49]  (2.365 ns)

 <State 11>: 2.365ns
The critical path consists of the following:
	'mul' operation 36 bit ('mul_ln19', ./HornerCore.cpp:19) [49]  (2.365 ns)

 <State 12>: 1.025ns
The critical path consists of the following:
	'add' operation 36 bit ('add_ln19', ./HornerCore.cpp:19) [50]  (1.025 ns)


============================================================
+ Verbose Summary: Binding
============================================================
N/A
* FSMD analyzer results:
  - Output states:
 - Input state : 
  - Chain level:
	State 1
	State 2
	State 3
	State 4
	State 5
	State 6
	State 7
	State 8
	State 9
	State 10
	State 11
	State 12


============================================================
+ Verbose Summary: Datapath Resource usage 
============================================================
N/A
