
****** Vitis HLS - High-Level Synthesis from C, C++ and OpenCL v2023.2 (64-bit)
  **** SW Build 4023990 on Oct 11 2023
  **** IP Build 4028589 on Sat Oct 14 00:45:43 MDT 2023
  **** SharedData Build 4025554 on Tue Oct 10 17:18:54 MDT 2023
    ** Copyright 1986-2022 Xilinx, Inc. All Rights Reserved.
    ** Copyright 2022-2023 Advanced Micro Devices, Inc. All Rights Reserved.

source S:/Xilinx/Vitis_HLS/2023.2/scripts/vitis_hls/hls.tcl -notrace
INFO: [HLS 200-10] Running 'S:/Xilinx/Vitis_HLS/2023.2/bin/unwrapped/win64.o/vitis_hls.exe'
INFO: [HLS 200-10] For user 'josef' on host 'fc-laptop' (Windows NT_amd64 version 6.2) on Sat Mar 14 16:02:43 -0600 2026
INFO: [HLS 200-10] In directory 'C:/Users/josef/OneDrive/Documentos/GitHub/proj_final_FPGA_CAMTA/HornerCore'
INFO: [HLS 200-2053] The vitis_hls executable is being deprecated. Consider using vitis-run --mode hls --tcl
Sourcing Tcl script '.\HornerCore.tcl'
INFO: [HLS 200-1510] Running: open_project horner_core_pipeline -reset 
INFO: [HLS 200-10] Opening and resetting project 'C:/Users/josef/OneDrive/Documentos/GitHub/proj_final_FPGA_CAMTA/HornerCore/horner_core_pipeline'.
INFO: [HLS 200-1510] Running: set_top horner_core_pipelines 
INFO: [HLS 200-1510] Running: add_files ./HornerCorePipeline.cpp 
INFO: [HLS 200-10] Adding design file './HornerCorePipeline.cpp' to the project
INFO: [HLS 200-1510] Running: add_files -tb ./HornerCorePipeline_tb.cc 
INFO: [HLS 200-10] Adding test bench file './HornerCorePipeline_tb.cc' to the project
INFO: [HLS 200-1510] Running: open_solution solution -flow_target vitis 
INFO: [HLS 200-10] Creating and opening solution 'C:/Users/josef/OneDrive/Documentos/GitHub/proj_final_FPGA_CAMTA/HornerCore/horner_core_pipeline/solution'.
INFO: [HLS 200-1505] Using flow_target 'vitis'
Resolution: For help on HLS 200-1505 see docs.xilinx.com/access/sources/dita/topic?Doc_Version=2023.2%20English&url=ug1448-hls-guidance&resourceid=200-1505.html
INFO: [HLS 200-435] Setting 'open_solution -flow_target vitis' configuration: config_interface -m_axi_latency=64
INFO: [HLS 200-435] Setting 'open_solution -flow_target vitis' configuration: config_interface -m_axi_alignment_byte_size=64
INFO: [HLS 200-435] Setting 'open_solution -flow_target vitis' configuration: config_interface -m_axi_max_widen_bitwidth=512
INFO: [HLS 200-435] Setting 'open_solution -flow_target vitis' configuration: config_rtl -register_reset_num=3
INFO: [HLS 200-1510] Running: set_part xck26-sfvc784-2LV-c 
INFO: [HLS 200-1611] Setting target device to 'xck26-sfvc784-2LV-c'
INFO: [HLS 200-1510] Running: create_clock -period 4 -name default 
INFO: [SYN 201-201] Setting up clock 'default' with a period of 4ns.
INFO: [HLS 200-1510] Running: config_rtl -deadlock_detection sim 
INFO: [HLS 200-1510] Running: config_interface -m_axi_addr64 
INFO: [HLS 200-1510] Running: config_interface -m_axi_conservative_mode=1 
INFO: [HLS 200-1510] Running: config_interface -m_axi_auto_max_ports=0 
INFO: [HLS 200-1510] Running: config_export -format xo -ipname softmax_opt 
INFO: [HLS 200-1510] Running: csim_design -clean 
INFO: [SIM 211-2] *************** CSIM start ***************
INFO: [SIM 211-4] CSIM will launch GCC as the compiler.
INFO: [HLS 200-2036] Building debug C Simulation binaries
   Compiling ../../../../HornerCorePipeline_tb.cc in debug mode
   Compiling ../../../../HornerCorePipeline.cpp in debug mode
   Generating csim.exe
In file included from S:/Xilinx/Vitis_HLS/2023.2/include/floating_point_v7_1_bitacc_cmodel.h:150:0,
                 from S:/Xilinx/Vitis_HLS/2023.2/include/hls_fpo.h:140,
                 from S:/Xilinx/Vitis_HLS/2023.2/include/etc/hls_half_fpo.h:19,
                 from S:/Xilinx/Vitis_HLS/2023.2/include/hls_half.h:26,
                 from S:/Xilinx/Vitis_HLS/2023.2/include/etc/ap_private.h:52,
                 from S:/Xilinx/Vitis_HLS/2023.2/include/etc/ap_common.h:666,
                 from S:/Xilinx/Vitis_HLS/2023.2/include/ap_fixed.h:9,
                 from ../../../../HornerCorePipeline_tb.cc:3:
S:/Xilinx/Vitis_HLS/2023.2/include/gmp.h:58:0: warning: "__GMP_LIBGMP_DLL" redefined
 #define __GMP_LIBGMP_DLL  0
 
In file included from S:/Xilinx/Vitis_HLS/2023.2/include/hls_fpo.h:140:0,
                 from S:/Xilinx/Vitis_HLS/2023.2/include/etc/hls_half_fpo.h:19,
                 from S:/Xilinx/Vitis_HLS/2023.2/include/hls_half.h:26,
                 from S:/Xilinx/Vitis_HLS/2023.2/include/etc/ap_private.h:52,
                 from S:/Xilinx/Vitis_HLS/2023.2/include/etc/ap_common.h:666,
                 from S:/Xilinx/Vitis_HLS/2023.2/include/ap_fixed.h:9,
                 from ../../../../HornerCorePipeline_tb.cc:3:
S:/Xilinx/Vitis_HLS/2023.2/include/floating_point_v7_1_bitacc_cmodel.h:142:0: note: this is the location of the previous definition
 #define __GMP_LIBGMP_DLL 1
 
In file included from S:/Xilinx/Vitis_HLS/2023.2/include/floating_point_v7_1_bitacc_cmodel.h:150:0,
                 from S:/Xilinx/Vitis_HLS/2023.2/include/hls_fpo.h:140,
                 from S:/Xilinx/Vitis_HLS/2023.2/include/etc/hls_half_fpo.h:19,
                 from S:/Xilinx/Vitis_HLS/2023.2/include/hls_half.h:26,
                 from S:/Xilinx/Vitis_HLS/2023.2/include/etc/ap_private.h:52,
                 from S:/Xilinx/Vitis_HLS/2023.2/include/etc/ap_common.h:666,
                 from S:/Xilinx/Vitis_HLS/2023.2/include/ap_fixed.h:9,
                 from ../../../../HornerCorePipeline.cpp:1:
S:/Xilinx/Vitis_HLS/2023.2/include/gmp.h:58:0: warning: "__GMP_LIBGMP_DLL" redefined
 #define __GMP_LIBGMP_DLL  0
 
In file included from S:/Xilinx/Vitis_HLS/2023.2/include/hls_fpo.h:140:0,
                 from S:/Xilinx/Vitis_HLS/2023.2/include/etc/hls_half_fpo.h:19,
                 from S:/Xilinx/Vitis_HLS/2023.2/include/hls_half.h:26,
                 from S:/Xilinx/Vitis_HLS/2023.2/include/etc/ap_private.h:52,
                 from S:/Xilinx/Vitis_HLS/2023.2/include/etc/ap_common.h:666,
                 from S:/Xilinx/Vitis_HLS/2023.2/include/ap_fixed.h:9,
                 from ../../../../HornerCorePipeline.cpp:1:
S:/Xilinx/Vitis_HLS/2023.2/include/floating_point_v7_1_bitacc_cmodel.h:142:0: note: this is the location of the previous definition
 #define __GMP_LIBGMP_DLL 1
 
MSE = 3.27301e-005
INFO: [SIM 211-1] CSim done with 0 errors.
INFO: [SIM 211-3] *************** CSIM finish ***************
INFO: [HLS 200-111] Finished Command csim_design CPU user time: 0 seconds. CPU system time: 0 seconds. Elapsed time: 3.766 seconds; current allocated memory: 0.844 MB.
INFO: [HLS 200-1510] Running: csynth_design 
INFO: [HLS 200-111] Finished File checks and directory preparation: CPU user time: 0 seconds. CPU system time: 0 seconds. Elapsed time: 0.087 seconds; current allocated memory: 183.344 MB.
INFO: [HLS 200-10] Analyzing design file './HornerCorePipeline.cpp' ... 
WARNING: [HLS 200-1986] Could not apply TOP directive, invalid function, label, or variable (C:/Users/josef/OneDrive/Documentos/GitHub/proj_final_FPGA_CAMTA/HornerCore/HornerCore.tcl:57)
INFO: [HLS 200-111] Finished Source Code Analysis and Preprocessing: CPU user time: 0 seconds. CPU system time: 0 seconds. Elapsed time: 3.352 seconds; current allocated memory: 186.125 MB.
ERROR: [HLS 214-157] Top function not found: there is no function named 'horner_core_pipelines'
INFO: [HLS 200-111] Finished Command csynth_design CPU user time: 0 seconds. CPU system time: 0 seconds. Elapsed time: 5.698 seconds; current allocated memory: 3.293 MB.
Error in opt
    while executing
"source {.\HornerCore.tcl}"
    ("uplevel" body line 1)
    invoked from within
"uplevel \#0 [list source $tclfile] "

INFO: [HLS 200-112] Total CPU user time: 2 seconds. Total CPU system time: 1 seconds. Total elapsed time: 12.794 seconds; peak allocated memory: 186.359 MB.
INFO: [Common 17-206] Exiting vitis_hls at Sat Mar 14 16:02:55 2026...
